MPLINK 4.44, Linker
Linker Map File - Created Mon Oct 22 13:56:17 2012

                                 Section Info
                  Section       Type    Address   Location Size(Bytes)
                ---------  ---------  ---------  ---------  ---------
               _entry_scn       code   0x000000    program   0x000006
              high_vector       code   0x000008    program   0x00001e
                   .cinit    romdata   0x00003a    program   0x000032
            .code_tasks.o       code   0x00006c    program   0x0015d8
            .code_queue.o       code   0x001644    program   0x00112e
             .code_port.o       code   0x002772    program   0x00098c
             .code_list.o       code   0x0030fe    program   0x00054e
           .code_serial.o       code   0x00364c    program   0x0003fc
            .code_PollQ.o       code   0x003a48    program   0x0002c8
          .code_integer.o       code   0x003d10    program   0x000270
            .code_main1.o       code   0x003f80    program   0x000130
          .code_ParTest.o       code   0x0040b0    program   0x0000f8
                   STRING       code   0x0041a8    program   0x0000e6
           .code_heap_1.o       code   0x00428e    program   0x0000e4
               _cinit_scn       code   0x004372    program   0x00009e
          .code_fxm3232.o       code   0x004410    program   0x000070
                     PROG       code   0x004480    program   0x000068
         .code_fxd3232u.o       code   0x0044e8    program   0x000048
           .code_t1open.o       code   0x004530    program   0x000042
             .stringtable    romdata   0x004572    program   0x000023
        .romdata_serial.o    romdata   0x004595    program   0x000000
        .romdata___init.o    romdata   0x004595    program   0x000000
       .idata_integer.o_i    romdata   0x004595    program   0x000001
       .romdata_integer.o    romdata   0x004595    program   0x000000
        .romdata_t1open.o    romdata   0x004595    program   0x000000
        .romdata_heap_1.o    romdata   0x004595    program   0x000000
        .idata_t1open.o_i    romdata   0x004595    program   0x000000
      .romdata_fxd3232u.o    romdata   0x004595    program   0x000000
       .romdata_fxm3232.o    romdata   0x004595    program   0x000000
         .romdata_c018i.o    romdata   0x004595    program   0x000000
         .romdata_tasks.o    romdata   0x004595    program   0x000000
         .idata_queue.o_i    romdata   0x004595    program   0x000000
         .romdata_queue.o    romdata   0x004595    program   0x000000
          .idata_list.o_i    romdata   0x004595    program   0x000000
          .romdata_list.o    romdata   0x004595    program   0x000000
          .idata_port.o_i    romdata   0x004595    program   0x000000
          .romdata_port.o    romdata   0x004595    program   0x000000
        .idata_serial.o_i    romdata   0x004595    program   0x000000
         .romdata_PollQ.o    romdata   0x004595    program   0x000000
         .idata_main1.o_i    romdata   0x004595    program   0x000000
         .romdata_main1.o    romdata   0x004595    program   0x000000
       .romdata_ParTest.o    romdata   0x004595    program   0x000000
                    .code       code   0x004596    program   0x000020
             _startup_scn       code   0x0045b6    program   0x00001c
           .code___init.o       code   0x0045d2    program   0x000002
         .idata_tasks.o_i    romdata   0x0045d4    program   0x00000e
        .idata_heap_1.o_i    romdata   0x0045e2    program   0x000002
         .idata_c018i.o_i    romdata   0x0045e4    program   0x000000
        .idata___init.o_i    romdata   0x0045e4    program   0x000000
       .idata_fxm3232.o_i    romdata   0x0045e4    program   0x000000
      .idata_fxd3232u.o_i    romdata   0x0045e4    program   0x000000
         .idata_PollQ.o_i    romdata   0x0045e4    program   0x000002
       .idata_ParTest.o_i    romdata   0x0045e6    program   0x000000
            .code_c018i.o       code   0x0045e6    program   0x000000
                MATH_DATA      udata   0x000000       data   0x000010
                 .tmpdata      udata   0x000010       data   0x000006
         vSerialTxISR_tmp      udata   0x000016       data   0x000001
         vSerialRxISR_tmp      udata   0x000017       data   0x000001
                   .stack      udata   0x000080       data   0x000060
          .udata_heap_1.o      udata   0x0000e0       data   0x000400
           .udata_tasks.o      udata   0x0004e0       data   0x00004c
           .idata_tasks.o      idata   0x00052c       data   0x00000e
           .udata_c018i.o      udata   0x00053a       data   0x00000a
          .udata_serial.o      udata   0x000544       data   0x000004
           .udata_PollQ.o      udata   0x000548       data   0x000002
          .idata_heap_1.o      idata   0x00054a       data   0x000002
           .idata_PollQ.o      idata   0x00054c       data   0x000002
         .idata_integer.o      idata   0x00054e       data   0x000001
          .idata___init.o      idata   0x00054f       data   0x000000
          .udata___init.o      udata   0x00054f       data   0x000000
          .idata_t1open.o      idata   0x00054f       data   0x000000
          .udata_t1open.o      udata   0x00054f       data   0x000000
         .idata_fxm3232.o      idata   0x00054f       data   0x000000
         .udata_fxm3232.o      udata   0x00054f       data   0x000000
        .idata_fxd3232u.o      idata   0x00054f       data   0x000000
        .udata_fxd3232u.o      udata   0x00054f       data   0x000000
         .udata_integer.o      udata   0x00054f       data   0x000000
           .idata_c018i.o      idata   0x00054f       data   0x000000
           .udata_queue.o      udata   0x00054f       data   0x000000
          .idata_serial.o      idata   0x00054f       data   0x000000
         .idata_ParTest.o      idata   0x00054f       data   0x000000
         .udata_ParTest.o      udata   0x00054f       data   0x000000
           .idata_main1.o      idata   0x00054f       data   0x000000
           .udata_main1.o      udata   0x00054f       data   0x000000
            .idata_port.o      idata   0x00054f       data   0x000000
            .udata_port.o      udata   0x00054f       data   0x000000
            .idata_list.o      idata   0x00054f       data   0x000000
            .udata_list.o      udata   0x00054f       data   0x000000
           .idata_queue.o      idata   0x00054f       data   0x000000
            SFR_UNBANKED0      udata   0x000f80       data   0x000080



                              Program Memory Usage 
                               Start         End      
                           ---------   ---------      
                            0x000000    0x000005      
                            0x000008    0x000025      
                            0x00003a    0x0045e5      
            17872 out of 33048 program addresses used, program memory utilization is 54%



                              Symbols - Sorted by Name
                     Name    Address   Location    Storage File                     
                ---------  ---------  ---------  --------- ---------                
                   D3232S   0x0044b0    program     static D:\3.43\pic18-lt\cxx-framework\src\traditional\math\fxd3232s.asm
                D3232SNEG   0x0044be    program     static D:\3.43\pic18-lt\cxx-framework\src\traditional\math\fxd3232s.asm
                 D3232SOK   0x0044ba    program     static D:\3.43\pic18-lt\cxx-framework\src\traditional\math\fxd3232s.asm
                  D3232SX   0x0044de    program     static D:\3.43\pic18-lt\cxx-framework\src\traditional\math\fxd3232s.asm
                  DA3232S   0x00449a    program     static D:\3.43\pic18-lt\cxx-framework\src\traditional\math\fxd3232s.asm
                 FXD3232S   0x004480    program     extern D:\3.43\pic18-lt\cxx-framework\src\traditional\math\fxd3232s.asm
                 FXD3232U   0x0044e8    program     extern D:\3.43\pic18-lt\cxx-framework\src\traditional\math\fxd3232u.c
                  FXM3232   0x004410    program     extern D:\3.43\pic18-lt\cxx-framework\src\traditional\math\fxm3232.c
               OpenTimer1   0x004530    program     extern D:\3.43\pic18-lt\cxx-framework\src\pmc_common\Timers\t1open.c
              _2jContinue   0x00421e    program     static D:\3.43\pic18-lt\cxx-framework\src\traditional\stdclib\memset.asm
                   _3jEnd   0x004228    program     static D:\3.43\pic18-lt\cxx-framework\src\traditional\stdclib\memset.asm
              _4jContinue   0x0041dc    program     static D:\3.43\pic18-lt\cxx-framework\src\traditional\stdclib\memcpy.asm
              _4jContinue   0x004266    program     static D:\3.43\pic18-lt\cxx-framework\src\traditional\stdclib\strncpy.asm
                   _5jEnd   0x0041e6    program     static D:\3.43\pic18-lt\cxx-framework\src\traditional\stdclib\memcpy.asm
                   _5jEnd   0x004270    program     static D:\3.43\pic18-lt\cxx-framework\src\traditional\stdclib\strncpy.asm
           ___?:_lbl00017   0x0003e2    program     static                          
           ___?:_lbl00018   0x0003d6    program     static                          
           ___?:_lbl00048   0x0008a8    program     static                          
           ___?:_lbl00049   0x0008a4    program     static                          
           ___?:_lbl00112   0x001472    program     static                          
           ___?:_lbl00113   0x00146e    program     static                          
         ___else_lbl00006   0x00022a    program     static                          
         ___else_lbl00008   0x002cb0    program     static                          
         ___else_lbl00009   0x003b8e    program     static                          
         ___else_lbl00011   0x000338    program     static                          
         ___else_lbl00014   0x001980    program     static                          
         ___else_lbl00016   0x001962    program     static                          
         ___else_lbl00016   0x002e6a    program     static                          
         ___else_lbl00020   0x003c8e    program     static                          
         ___else_lbl00023   0x001ab0    program     static                          
         ___else_lbl00025   0x001aca    program     static                          
         ___else_lbl00028   0x003024    program     static                          
         ___else_lbl00042   0x001d0e    program     static                          
         ___else_lbl00047   0x001da4    program     static                          
         ___else_lbl00049   0x001d86    program     static                          
         ___else_lbl00056   0x001ed0    program     static                          
         ___else_lbl00058   0x001ee8    program     static                          
         ___else_lbl00086   0x002536    program     static                          
         ___else_lbl00092   0x0025ee    program     static                          
         ___else_lbl00095   0x00119c    program     static                          
         ___else_lbl00097   0x00111c    program     static                          
          ___for_lbl00002   0x003bc0    program     static                          
          ___for_lbl00003   0x003bc2    program     static                          
          ___for_lbl00004   0x003bac    program     static                          
          ___for_lbl00005   0x003bb2    program     static                          
          ___for_lbl00005   0x003eda    program     static                          
          ___for_lbl00006   0x001ae6    program     static                          
          ___for_lbl00006   0x003edc    program     static                          
          ___for_lbl00007   0x001ae8    program     static                          
          ___for_lbl00010   0x003dec    program     static                          
          ___for_lbl00010   0x003b2c    program     static                          
          ___for_lbl00011   0x003b28    program     static                          
          ___for_lbl00013   0x003cbe    program     static                          
          ___for_lbl00014   0x003cc0    program     static                          
          ___for_lbl00022   0x003c00    program     static                          
          ___for_lbl00026   0x0018a0    program     static                          
          ___for_lbl00035   0x001f02    program     static                          
          ___for_lbl00036   0x001f04    program     static                          
          ___for_lbl00059   0x001c40    program     static                          
           ___if_lbl00001   0x000200    program     static                          
           ___if_lbl00001   0x003744    program     static                          
           ___if_lbl00002   0x000228    program     static                          
           ___if_lbl00003   0x000254    program     static                          
           ___if_lbl00004   0x000254    program     static                          
           ___if_lbl00005   0x000254    program     static                          
           ___if_lbl00006   0x003ba4    program     static                          
           ___if_lbl00007   0x003eac    program     static                          
           ___if_lbl00007   0x003ba4    program     static                          
           ___if_lbl00007   0x002cba    program     static                          
           ___if_lbl00007   0x00028e    program     static                          
           ___if_lbl00008   0x0002cc    program     static                          
           ___if_lbl00008   0x003bac    program     static                          
           ___if_lbl00008   0x001956    program     static                          
           ___if_lbl00008   0x003eda    program     static                          
           ___if_lbl00009   0x001956    program     static                          
           ___if_lbl00009   0x000336    program     static                          
           ___if_lbl00009   0x003eda    program     static                          
           ___if_lbl00010   0x00195c    program     static                          
           ___if_lbl00010   0x00033a    program     static                          
           ___if_lbl00011   0x00197a    program     static                          
           ___if_lbl00012   0x00199c    program     static                          
           ___if_lbl00012   0x00035e    program     static                          
           ___if_lbl00013   0x00199c    program     static                          
           ___if_lbl00013   0x00035e    program     static                          
           ___if_lbl00014   0x00035e    program     static                          
           ___if_lbl00015   0x002e74    program     static                          
           ___if_lbl00015   0x00199c    program     static                          
           ___if_lbl00016   0x0003ba    program     static                          
           ___if_lbl00017   0x003ca4    program     static                          
           ___if_lbl00017   0x0019a2    program     static                          
           ___if_lbl00018   0x0019dc    program     static                          
           ___if_lbl00018   0x003ca4    program     static                          
           ___if_lbl00018   0x000010    program     static                          
           ___if_lbl00019   0x000018    program     static                          
           ___if_lbl00019   0x001a0c    program     static                          
           ___if_lbl00019   0x003ca4    program     static                          
           ___if_lbl00019   0x000458    program     static                          
           ___if_lbl00020   0x001a12    program     static                          
           ___if_lbl00020   0x000024    program     static                          
           ___if_lbl00020   0x00049a    program     static                          
           ___if_lbl00021   0x003cae    program     static                          
           ___if_lbl00021   0x001aae    program     static                          
           ___if_lbl00021   0x0004b6    program     static                          
           ___if_lbl00021   0x000024    program     static                          
           ___if_lbl00022   0x001ac8    program     static                          
           ___if_lbl00022   0x0004b6    program     static                          
           ___if_lbl00024   0x001ae6    program     static                          
           ___if_lbl00027   0x00302e    program     static                          
           ___if_lbl00037   0x001d0c    program     static                          
           ___if_lbl00038   0x001d0c    program     static                          
           ___if_lbl00039   0x001d7a    program     static                          
           ___if_lbl00040   0x001d7a    program     static                          
           ___if_lbl00041   0x001d7a    program     static                          
           ___if_lbl00043   0x001d80    program     static                          
           ___if_lbl00044   0x001d9e    program     static                          
           ___if_lbl00045   0x001dc0    program     static                          
           ___if_lbl00046   0x001dc0    program     static                          
           ___if_lbl00048   0x001dc0    program     static                          
           ___if_lbl00050   0x001dc6    program     static                          
           ___if_lbl00050   0x00093a    program     static                          
           ___if_lbl00051   0x001e00    program     static                          
           ___if_lbl00051   0x0009c0    program     static                          
           ___if_lbl00052   0x001e30    program     static                          
           ___if_lbl00053   0x001e36    program     static                          
           ___if_lbl00054   0x0009e4    program     static                          
           ___if_lbl00054   0x001ece    program     static                          
           ___if_lbl00055   0x001ee6    program     static                          
           ___if_lbl00056   0x000a02    program     static                          
           ___if_lbl00057   0x000a02    program     static                          
           ___if_lbl00057   0x001f02    program     static                          
           ___if_lbl00058   0x000a02    program     static                          
           ___if_lbl00059   0x000a08    program     static                          
           ___if_lbl00061   0x000a52    program     static                          
           ___if_lbl00068   0x002064    program     static                          
           ___if_lbl00084   0x00251e    program     static                          
           ___if_lbl00085   0x002538    program     static                          
           ___if_lbl00087   0x002556    program     static                          
           ___if_lbl00090   0x0025d6    program     static                          
           ___if_lbl00091   0x0025f0    program     static                          
           ___if_lbl00093   0x00260e    program     static                          
           ___if_lbl00094   0x0011a0    program     static                          
           ___if_lbl00095   0x002658    program     static                          
           ___if_lbl00096   0x0011a0    program     static                          
           ___if_lbl00098   0x002704    program     static                          
           ___if_lbl00098   0x0011a6    program     static                          
           ___if_lbl00114   0x0014b8    program     static                          
           ___if_lbl00115   0x0014ca    program     static                          
           ___if_lbl00116   0x0014ca    program     static                          
       ___return_lbl00000   0x000362    program     static                          
       ___return_lbl00000   0x00374a    program     static                          
       ___return_lbl00000   0x00447e    program     static                          
       ___return_lbl00000   0x000004    program     static                          
       ___return_lbl00000   0x00452e    program     static                          
       ___return_lbl00001   0x0045d0    program     static                          
       ___return_lbl00001   0x003bc2    program     static                          
       ___return_lbl00002   0x00440e    program     static                          
       ___return_lbl00004   0x003edc    program     static                          
       ___return_lbl00004   0x002cbe    program     static                          
       ___return_lbl00005   0x001ae8    program     static                          
       ___return_lbl00010   0x002e74    program     static                          
       ___return_lbl00012   0x003cc0    program     static                          
       ___return_lbl00015   0x0004b6    program     static                          
       ___return_lbl00017   0x000024    program     static                          
       ___return_lbl00022   0x00302e    program     static                          
       ___return_lbl00034   0x001f04    program     static                          
       ___return_lbl00045   0x000a0e    program     static                          
       ___return_lbl00060   0x000a64    program     static                          
       ___return_lbl00067   0x002068    program     static                          
       ___return_lbl00081   0x00260e    program     static                          
       ___return_lbl00092   0x0011aa    program     static                          
       ___return_lbl00094   0x00265c    program     static                          
       ___return_lbl00097   0x002708    program     static                          
       ___return_lbl00111   0x0014ca    program     static                          
        ___while_lbl00005   0x002bfa    program     static                          
        ___while_lbl00006   0x002c10    program     static                          
        ___while_lbl00011   0x002d6a    program     static                          
        ___while_lbl00012   0x002d80    program     static                          
        ___while_lbl00013   0x002db4    program     static                          
        ___while_lbl00014   0x002dca    program     static                          
        ___while_lbl00015   0x003c00    program     static                          
        ___while_lbl00016   0x003cb0    program     static                          
        ___while_lbl00023   0x002f1e    program     static                          
        ___while_lbl00024   0x002f34    program     static                          
        ___while_lbl00025   0x002f6e    program     static                          
        ___while_lbl00026   0x002f84    program     static                          
        ___while_lbl00046   0x000884    program     static                          
        ___while_lbl00047   0x0009c2    program     static                          
        ___while_lbl00052   0x0009ca    program     static                          
        ___while_lbl00053   0x0009da    program     static                          
        ___while_lbl00082   0x0024a4    program     static                          
        ___while_lbl00083   0x00253a    program     static                          
        ___while_lbl00088   0x00255c    program     static                          
        ___while_lbl00089   0x0025f2    program     static                          
                   __init   0x0045d2    program     extern D:\3.43\pic18-lt\cxx-framework\src\traditional\stdclib\__init.c
               __string_0   0x004572    program     static D:\Libs\FreeRTOSV6.1.0\Source\tasks.c
               __string_0   0x00458d    program     static D:\Libs\FreeRTOSV6.1.0\Demo\Common\Minimal\integer.c
               __string_0   0x00457f    program     static D:\Libs\FreeRTOSV6.1.0\Demo\Common\Minimal\PollQ.c
               __string_0   0x004587    program     static D:\Libs\FreeRTOSV6.1.0\Demo\PIC18_MPLAB\main1.c
               __string_1   0x004577    program     static D:\Libs\FreeRTOSV6.1.0\Demo\Common\Minimal\PollQ.c
               __tmplbl_0   0x003e9c    program     static                          
               __tmplbl_0   0x00264e    program     static                          
               __tmplbl_1   0x00264a    program     static                          
              __tmplbl_15   0x0024ca    program     static                          
              __tmplbl_16   0x002582    program     static                          
               __tmplbl_2   0x003b40    program     static                          
               __tmplbl_4   0x0009f0    program     static                          
               __tmplbl_4   0x0026fa    program     static                          
               __tmplbl_5   0x0009ea    program     static                          
               __tmplbl_5   0x0026f6    program     static                          
               __tmplbl_6   0x001116    program     static                          
               __tmplbl_7   0x0010f4    program     static                          
               __tmplbl_8   0x00143c    program     static                          
               __tmplbl_9   0x001438    program     static                          
            __zero_memory   0x004596    program     extern D:\3.43\pic18-lt\cxx-framework\src\traditional\proc\p18f452.asm
                _do_cinit   0x004372    program     extern D:\3.43\pic18-lt\cxx-framework\src\traditional\startup\c018i.c
                   _entry   0x000000    program     extern D:\3.43\pic18-lt\cxx-framework\src\traditional\startup\c018i.c
                   _false   0x00452a    program     static                          
                 _startup   0x0045b6    program     extern D:\3.43\pic18-lt\cxx-framework\src\traditional\startup\c018i.c
                compare_l   0x0045ac    program     static D:\3.43\pic18-lt\cxx-framework\src\traditional\proc\p18f452.asm
                copy_loop   0x0043e4    program     static                          
            copy_one_byte   0x0043ea    program     static                          
                     done   0x00440e    program     static                          
             done_copying   0x0043f8    program     static                          
                     jEnd   0x0041ec    program     static D:\3.43\pic18-lt\cxx-framework\src\traditional\stdclib\memcpy.asm
                     jEnd   0x004230    program     static D:\3.43\pic18-lt\cxx-framework\src\traditional\stdclib\memset.asm
                     jEnd   0x00427c    program     static D:\3.43\pic18-lt\cxx-framework\src\traditional\stdclib\strncpy.asm
                    jLoop   0x004212    program     static D:\3.43\pic18-lt\cxx-framework\src\traditional\stdclib\memset.asm
                    jLoop   0x0041d0    program     static D:\3.43\pic18-lt\cxx-framework\src\traditional\stdclib\memcpy.asm
                    jLoop   0x00425a    program     static D:\3.43\pic18-lt\cxx-framework\src\traditional\stdclib\strncpy.asm
                     loop   0x0045c6    program     static                          
                     loop   0x0044f6    program     static                          
                   loop_h   0x0045a4    program     static D:\3.43\pic18-lt\cxx-framework\src\traditional\proc\p18f452.asm
                   loop_l   0x0045ae    program     static D:\3.43\pic18-lt\cxx-framework\src\traditional\proc\p18f452.asm
                     main   0x003f80    program     extern D:\Libs\FreeRTOSV6.1.0\Demo\PIC18_MPLAB\main1.c
                   memcpy   0x0041a8    program     extern D:\3.43\pic18-lt\cxx-framework\src\traditional\stdclib\memcpy.asm
                   memset   0x0041fe    program     extern D:\3.43\pic18-lt\cxx-framework\src\traditional\stdclib\memset.asm
   prvAllocateTCBAndStack   0x0014dc    program     extern D:\Libs\FreeRTOSV6.1.0\Source\tasks.c
prvCheckOtherTasksAreStillRunning   0x004074    program     static D:\Libs\FreeRTOSV6.1.0\Demo\PIC18_MPLAB\main1.c
prvCheckTasksWaitingTermination   0x001410    program     extern D:\Libs\FreeRTOSV6.1.0\Source\tasks.c
     prvCopyDataFromQueue   0x002360    program     static D:\Libs\FreeRTOSV6.1.0\Source\queue.c
       prvCopyDataToQueue   0x0020fc    program     static D:\Libs\FreeRTOSV6.1.0\Source\queue.c
             prvDeleteTCB   0x0015f0    program     extern D:\Libs\FreeRTOSV6.1.0\Source\tasks.c
              prvIdleTask   0x0011c0    program     extern D:\Libs\FreeRTOSV6.1.0\Source\tasks.c
prvInitialiseTCBVariables   0x0011e0    program     extern D:\Libs\FreeRTOSV6.1.0\Source\tasks.c
   prvInitialiseTaskLists   0x00136e    program     extern D:\Libs\FreeRTOSV6.1.0\Source\tasks.c
          prvIsQueueEmpty   0x00261a    program     static D:\Libs\FreeRTOSV6.1.0\Source\queue.c
           prvIsQueueFull   0x0026ac    program     static D:\Libs\FreeRTOSV6.1.0\Source\queue.c
          prvLowInterrupt   0x000008    program     static D:\Libs\FreeRTOSV6.1.0\Source\portable\MPLAB\PIC18F\port.c
   prvSetupTimerInterrupt   0x003030    program     static D:\Libs\FreeRTOSV6.1.0\Source\portable\MPLAB\PIC18F\port.c
               prvTickISR   0x002e76    program     static D:\Libs\FreeRTOSV6.1.0\Source\portable\MPLAB\PIC18F\port.c
           prvUnlockQueue   0x00248e    program     static D:\Libs\FreeRTOSV6.1.0\Source\queue.c
             pvPortMalloc   0x00428e    program     extern D:\Libs\FreeRTOSV6.1.0\Source\portable\MemMang\heap_1.c
    pxPortInitialiseStack   0x002772    program     extern D:\Libs\FreeRTOSV6.1.0\Source\portable\MPLAB\PIC18F\port.c
                  strncpy   0x004232    program     extern D:\3.43\pic18-lt\cxx-framework\src\traditional\stdclib\strncpy.asm
                     test   0x00438c    program     static                          
   uxQueueMessagesWaiting   0x00202e    program     extern D:\Libs\FreeRTOSV6.1.0\Source\queue.c
uxQueueMessagesWaitingFromISR   0x002076    program     extern D:\Libs\FreeRTOSV6.1.0\Source\queue.c
   uxTaskGetNumberOfTasks   0x000a7e    program     extern D:\Libs\FreeRTOSV6.1.0\Source\tasks.c
   vCompeteingIntMathTask   0x003db0    program     static D:\Libs\FreeRTOSV6.1.0\Demo\Common\Minimal\integer.c
             vErrorChecks   0x004028    program     static D:\Libs\FreeRTOSV6.1.0\Demo\PIC18_MPLAB\main1.c
          vListInitialise   0x0030fe    program     extern D:\Libs\FreeRTOSV6.1.0\Source\list.c
      vListInitialiseItem   0x0031f2    program     extern D:\Libs\FreeRTOSV6.1.0\Source\list.c
              vListInsert   0x003352    program     extern D:\Libs\FreeRTOSV6.1.0\Source\list.c
           vListInsertEnd   0x003222    program     extern D:\Libs\FreeRTOSV6.1.0\Source\list.c
              vListRemove   0x00350e    program     extern D:\Libs\FreeRTOSV6.1.0\Source\list.c
       vParTestInitialise   0x0040b0    program     extern D:\Libs\FreeRTOSV6.1.0\Demo\PIC18_MPLAB\ParTest\ParTest.c
           vParTestSetLED   0x0040ca    program     extern D:\Libs\FreeRTOSV6.1.0\Demo\PIC18_MPLAB\ParTest\ParTest.c
        vParTestToggleLED   0x004164    program     extern D:\Libs\FreeRTOSV6.1.0\Demo\PIC18_MPLAB\ParTest\ParTest.c
     vPolledQueueConsumer   0x003bda    program     static D:\Libs\FreeRTOSV6.1.0\Demo\Common\Minimal\PollQ.c
     vPolledQueueProducer   0x003b08    program     static D:\Libs\FreeRTOSV6.1.0\Demo\Common\Minimal\PollQ.c
        vPortEndScheduler   0x002cc0    program     extern D:\Libs\FreeRTOSV6.1.0\Source\portable\MPLAB\PIC18F\port.c
                vPortFree   0x00433a    program     extern D:\Libs\FreeRTOSV6.1.0\Source\portable\MemMang\heap_1.c
    vPortInitialiseBlocks   0x00434e    program     extern D:\Libs\FreeRTOSV6.1.0\Source\portable\MemMang\heap_1.c
               vPortYield   0x002cc2    program     extern D:\Libs\FreeRTOSV6.1.0\Source\portable\MPLAB\PIC18F\port.c
             vQueueDelete   0x0020b0    program     extern D:\Libs\FreeRTOSV6.1.0\Source\queue.c
             vSerialClose   0x003830    program     extern D:\Libs\FreeRTOSV6.1.0\Demo\PIC18_MPLAB\serial\serial.c
             vSerialRxISR   0x003844    program     extern D:\Libs\FreeRTOSV6.1.0\Demo\PIC18_MPLAB\serial\serial.c
             vSerialTxISR   0x00394c    program     extern D:\Libs\FreeRTOSV6.1.0\Demo\PIC18_MPLAB\serial\serial.c
   vStartIntegerMathTasks   0x003d10    program     extern D:\Libs\FreeRTOSV6.1.0\Demo\Common\Minimal\integer.c
   vStartPolledQueueTasks   0x003a48    program     extern D:\Libs\FreeRTOSV6.1.0\Demo\Common\Minimal\PollQ.c
               vTaskDelay   0x0006a0    program     extern D:\Libs\FreeRTOSV6.1.0\Source\tasks.c
          vTaskDelayUntil   0x0004c6    program     extern D:\Libs\FreeRTOSV6.1.0\Source\tasks.c
              vTaskDelete   0x00037e    program     extern D:\Libs\FreeRTOSV6.1.0\Source\tasks.c
        vTaskEndScheduler   0x000838    program     extern D:\Libs\FreeRTOSV6.1.0\Source\tasks.c
       vTaskIncrementTick   0x000a84    program     extern D:\Libs\FreeRTOSV6.1.0\Source\tasks.c
         vTaskMissedYield   0x0011b8    program     extern D:\Libs\FreeRTOSV6.1.0\Source\tasks.c
    vTaskPlaceOnEventList   0x000da0    program     extern D:\Libs\FreeRTOSV6.1.0\Source\tasks.c
     vTaskSetTimeOutState   0x001086    program     extern D:\Libs\FreeRTOSV6.1.0\Source\tasks.c
      vTaskStartScheduler   0x0007c4    program     extern D:\Libs\FreeRTOSV6.1.0\Source\tasks.c
          vTaskSuspendAll   0x000842    program     extern D:\Libs\FreeRTOSV6.1.0\Source\tasks.c
       vTaskSwitchContext   0x000c7c    program     extern D:\Libs\FreeRTOSV6.1.0\Source\tasks.c
xAreIntegerMathsTaskStillRunning   0x003ef4    program     extern D:\Libs\FreeRTOSV6.1.0\Demo\Common\Minimal\integer.c
xArePollingQueuesStillRunning   0x003cd8    program     extern D:\Libs\FreeRTOSV6.1.0\Demo\Common\Minimal\PollQ.c
     xPortGetFreeHeapSize   0x004356    program     extern D:\Libs\FreeRTOSV6.1.0\Source\portable\MemMang\heap_1.c
      xPortStartScheduler   0x002bde    program     extern D:\Libs\FreeRTOSV6.1.0\Source\portable\MPLAB\PIC18F\port.c
             xQueueCreate   0x001644    program     extern D:\Libs\FreeRTOSV6.1.0\Source\queue.c
     xQueueGenericReceive   0x001c22    program     extern D:\Libs\FreeRTOSV6.1.0\Source\queue.c
        xQueueGenericSend   0x001886    program     extern D:\Libs\FreeRTOSV6.1.0\Source\queue.c
 xQueueGenericSendFromISR   0x001b04    program     extern D:\Libs\FreeRTOSV6.1.0\Source\queue.c
xQueueIsQueueEmptyFromISR   0x00266a    program     extern D:\Libs\FreeRTOSV6.1.0\Source\queue.c
 xQueueIsQueueFullFromISR   0x002716    program     extern D:\Libs\FreeRTOSV6.1.0\Source\queue.c
     xQueueReceiveFromISR   0x001f20    program     extern D:\Libs\FreeRTOSV6.1.0\Source\queue.c
           xSerialGetChar   0x003776    program     extern D:\Libs\FreeRTOSV6.1.0\Demo\PIC18_MPLAB\serial\serial.c
          xSerialPortInit   0x003762    program     extern D:\Libs\FreeRTOSV6.1.0\Demo\PIC18_MPLAB\serial\serial.c
   xSerialPortInitMinimal   0x00364c    program     extern D:\Libs\FreeRTOSV6.1.0\Demo\PIC18_MPLAB\serial\serial.c
           xSerialPutChar   0x0037d2    program     extern D:\Libs\FreeRTOSV6.1.0\Demo\PIC18_MPLAB\serial\serial.c
     xTaskCheckForTimeOut   0x0010c8    program     extern D:\Libs\FreeRTOSV6.1.0\Source\tasks.c
       xTaskGenericCreate   0x00006c    program     extern D:\Libs\FreeRTOSV6.1.0\Source\tasks.c
        xTaskGetTickCount   0x000a2a    program     extern D:\Libs\FreeRTOSV6.1.0\Source\tasks.c
 xTaskGetTickCountFromISR   0x000a74    program     extern D:\Libs\FreeRTOSV6.1.0\Source\tasks.c
 xTaskRemoveFromEventList   0x000ecc    program     extern D:\Libs\FreeRTOSV6.1.0\Source\tasks.c
           xTaskResumeAll   0x000848    program     extern D:\Libs\FreeRTOSV6.1.0\Source\tasks.c
               zero_block   0x0045a4    program     static D:\3.43\pic18-lt\cxx-framework\src\traditional\proc\p18f452.asm
                   ADCON0   0x000fc2       data     extern D:\3.43\pic18-lt\cxx-framework\src\traditional\proc\p18f452.asm
               ADCON0bits   0x000fc2       data     extern D:\3.43\pic18-lt\cxx-framework\src\traditional\proc\p18f452.asm
                   ADCON1   0x000fc1       data     extern D:\3.43\pic18-lt\cxx-framework\src\traditional\proc\p18f452.asm
               ADCON1bits   0x000fc1       data     extern D:\3.43\pic18-lt\cxx-framework\src\traditional\proc\p18f452.asm
                    ADRES   0x000fc3       data     extern D:\3.43\pic18-lt\cxx-framework\src\traditional\proc\p18f452.asm
                   ADRESH   0x000fc4       data     extern D:\3.43\pic18-lt\cxx-framework\src\traditional\proc\p18f452.asm
                   ADRESL   0x000fc3       data     extern D:\3.43\pic18-lt\cxx-framework\src\traditional\proc\p18f452.asm
                      BSR   0x000fe0       data     extern D:\3.43\pic18-lt\cxx-framework\src\traditional\proc\p18f452.asm
                  CCP1CON   0x000fbd       data     extern D:\3.43\pic18-lt\cxx-framework\src\traditional\proc\p18f452.asm
              CCP1CONbits   0x000fbd       data     extern D:\3.43\pic18-lt\cxx-framework\src\traditional\proc\p18f452.asm
                  CCP2CON   0x000fba       data     extern D:\3.43\pic18-lt\cxx-framework\src\traditional\proc\p18f452.asm
              CCP2CONbits   0x000fba       data     extern D:\3.43\pic18-lt\cxx-framework\src\traditional\proc\p18f452.asm
                    CCPR1   0x000fbe       data     extern D:\3.43\pic18-lt\cxx-framework\src\traditional\proc\p18f452.asm
                   CCPR1H   0x000fbf       data     extern D:\3.43\pic18-lt\cxx-framework\src\traditional\proc\p18f452.asm
                   CCPR1L   0x000fbe       data     extern D:\3.43\pic18-lt\cxx-framework\src\traditional\proc\p18f452.asm
                    CCPR2   0x000fbb       data     extern D:\3.43\pic18-lt\cxx-framework\src\traditional\proc\p18f452.asm
                   CCPR2H   0x000fbc       data     extern D:\3.43\pic18-lt\cxx-framework\src\traditional\proc\p18f452.asm
                   CCPR2L   0x000fbb       data     extern D:\3.43\pic18-lt\cxx-framework\src\traditional\proc\p18f452.asm
                     DDRA   0x000f92       data     extern D:\3.43\pic18-lt\cxx-framework\src\traditional\proc\p18f452.asm
                 DDRAbits   0x000f92       data     extern D:\3.43\pic18-lt\cxx-framework\src\traditional\proc\p18f452.asm
                     DDRB   0x000f93       data     extern D:\3.43\pic18-lt\cxx-framework\src\traditional\proc\p18f452.asm
                 DDRBbits   0x000f93       data     extern D:\3.43\pic18-lt\cxx-framework\src\traditional\proc\p18f452.asm
                     DDRC   0x000f94       data     extern D:\3.43\pic18-lt\cxx-framework\src\traditional\proc\p18f452.asm
                 DDRCbits   0x000f94       data     extern D:\3.43\pic18-lt\cxx-framework\src\traditional\proc\p18f452.asm
                     DDRD   0x000f95       data     extern D:\3.43\pic18-lt\cxx-framework\src\traditional\proc\p18f452.asm
                 DDRDbits   0x000f95       data     extern D:\3.43\pic18-lt\cxx-framework\src\traditional\proc\p18f452.asm
                     DDRE   0x000f96       data     extern D:\3.43\pic18-lt\cxx-framework\src\traditional\proc\p18f452.asm
                 DDREbits   0x000f96       data     extern D:\3.43\pic18-lt\cxx-framework\src\traditional\proc\p18f452.asm
                    EEADR   0x000fa9       data     extern D:\3.43\pic18-lt\cxx-framework\src\traditional\proc\p18f452.asm
                   EECON1   0x000fa6       data     extern D:\3.43\pic18-lt\cxx-framework\src\traditional\proc\p18f452.asm
               EECON1bits   0x000fa6       data     extern D:\3.43\pic18-lt\cxx-framework\src\traditional\proc\p18f452.asm
                   EECON2   0x000fa7       data     extern D:\3.43\pic18-lt\cxx-framework\src\traditional\proc\p18f452.asm
                   EEDATA   0x000fa8       data     extern D:\3.43\pic18-lt\cxx-framework\src\traditional\proc\p18f452.asm
                     FSR0   0x000fe9       data     extern D:\3.43\pic18-lt\cxx-framework\src\traditional\proc\p18f452.asm
                    FSR0H   0x000fea       data     extern D:\3.43\pic18-lt\cxx-framework\src\traditional\proc\p18f452.asm
                    FSR0L   0x000fe9       data     extern D:\3.43\pic18-lt\cxx-framework\src\traditional\proc\p18f452.asm
                     FSR1   0x000fe1       data     extern D:\3.43\pic18-lt\cxx-framework\src\traditional\proc\p18f452.asm
                    FSR1H   0x000fe2       data     extern D:\3.43\pic18-lt\cxx-framework\src\traditional\proc\p18f452.asm
                    FSR1L   0x000fe1       data     extern D:\3.43\pic18-lt\cxx-framework\src\traditional\proc\p18f452.asm
                     FSR2   0x000fd9       data     extern D:\3.43\pic18-lt\cxx-framework\src\traditional\proc\p18f452.asm
                    FSR2H   0x000fda       data     extern D:\3.43\pic18-lt\cxx-framework\src\traditional\proc\p18f452.asm
                    FSR2L   0x000fd9       data     extern D:\3.43\pic18-lt\cxx-framework\src\traditional\proc\p18f452.asm
                    INDF0   0x000fef       data     extern D:\3.43\pic18-lt\cxx-framework\src\traditional\proc\p18f452.asm
                    INDF1   0x000fe7       data     extern D:\3.43\pic18-lt\cxx-framework\src\traditional\proc\p18f452.asm
                    INDF2   0x000fdf       data     extern D:\3.43\pic18-lt\cxx-framework\src\traditional\proc\p18f452.asm
                   INTCON   0x000ff2       data     extern D:\3.43\pic18-lt\cxx-framework\src\traditional\proc\p18f452.asm
                  INTCON1   0x000ff2       data     extern D:\3.43\pic18-lt\cxx-framework\src\traditional\proc\p18f452.asm
              INTCON1bits   0x000ff2       data     extern D:\3.43\pic18-lt\cxx-framework\src\traditional\proc\p18f452.asm
                  INTCON2   0x000ff1       data     extern D:\3.43\pic18-lt\cxx-framework\src\traditional\proc\p18f452.asm
              INTCON2bits   0x000ff1       data     extern D:\3.43\pic18-lt\cxx-framework\src\traditional\proc\p18f452.asm
                  INTCON3   0x000ff0       data     extern D:\3.43\pic18-lt\cxx-framework\src\traditional\proc\p18f452.asm
              INTCON3bits   0x000ff0       data     extern D:\3.43\pic18-lt\cxx-framework\src\traditional\proc\p18f452.asm
               INTCONbits   0x000ff2       data     extern D:\3.43\pic18-lt\cxx-framework\src\traditional\proc\p18f452.asm
                     IPR1   0x000f9f       data     extern D:\3.43\pic18-lt\cxx-framework\src\traditional\proc\p18f452.asm
                 IPR1bits   0x000f9f       data     extern D:\3.43\pic18-lt\cxx-framework\src\traditional\proc\p18f452.asm
                     IPR2   0x000fa2       data     extern D:\3.43\pic18-lt\cxx-framework\src\traditional\proc\p18f452.asm
                 IPR2bits   0x000fa2       data     extern D:\3.43\pic18-lt\cxx-framework\src\traditional\proc\p18f452.asm
                     LATA   0x000f89       data     extern D:\3.43\pic18-lt\cxx-framework\src\traditional\proc\p18f452.asm
                 LATAbits   0x000f89       data     extern D:\3.43\pic18-lt\cxx-framework\src\traditional\proc\p18f452.asm
                     LATB   0x000f8a       data     extern D:\3.43\pic18-lt\cxx-framework\src\traditional\proc\p18f452.asm
                 LATBbits   0x000f8a       data     extern D:\3.43\pic18-lt\cxx-framework\src\traditional\proc\p18f452.asm
                     LATC   0x000f8b       data     extern D:\3.43\pic18-lt\cxx-framework\src\traditional\proc\p18f452.asm
                 LATCbits   0x000f8b       data     extern D:\3.43\pic18-lt\cxx-framework\src\traditional\proc\p18f452.asm
                     LATD   0x000f8c       data     extern D:\3.43\pic18-lt\cxx-framework\src\traditional\proc\p18f452.asm
                 LATDbits   0x000f8c       data     extern D:\3.43\pic18-lt\cxx-framework\src\traditional\proc\p18f452.asm
                     LATE   0x000f8d       data     extern D:\3.43\pic18-lt\cxx-framework\src\traditional\proc\p18f452.asm
                 LATEbits   0x000f8d       data     extern D:\3.43\pic18-lt\cxx-framework\src\traditional\proc\p18f452.asm
                   LVDCON   0x000fd2       data     extern D:\3.43\pic18-lt\cxx-framework\src\traditional\proc\p18f452.asm
               LVDCONbits   0x000fd2       data     extern D:\3.43\pic18-lt\cxx-framework\src\traditional\proc\p18f452.asm
                   OSCCON   0x000fd3       data     extern D:\3.43\pic18-lt\cxx-framework\src\traditional\proc\p18f452.asm
               OSCCONbits   0x000fd3       data     extern D:\3.43\pic18-lt\cxx-framework\src\traditional\proc\p18f452.asm
                       PC   0x000ff9       data     extern D:\3.43\pic18-lt\cxx-framework\src\traditional\proc\p18f452.asm
                      PCL   0x000ff9       data     extern D:\3.43\pic18-lt\cxx-framework\src\traditional\proc\p18f452.asm
                   PCLATH   0x000ffa       data     extern D:\3.43\pic18-lt\cxx-framework\src\traditional\proc\p18f452.asm
                   PCLATU   0x000ffb       data     extern D:\3.43\pic18-lt\cxx-framework\src\traditional\proc\p18f452.asm
                     PIE1   0x000f9d       data     extern D:\3.43\pic18-lt\cxx-framework\src\traditional\proc\p18f452.asm
                 PIE1bits   0x000f9d       data     extern D:\3.43\pic18-lt\cxx-framework\src\traditional\proc\p18f452.asm
                     PIE2   0x000fa0       data     extern D:\3.43\pic18-lt\cxx-framework\src\traditional\proc\p18f452.asm
                 PIE2bits   0x000fa0       data     extern D:\3.43\pic18-lt\cxx-framework\src\traditional\proc\p18f452.asm
                     PIR1   0x000f9e       data     extern D:\3.43\pic18-lt\cxx-framework\src\traditional\proc\p18f452.asm
                 PIR1bits   0x000f9e       data     extern D:\3.43\pic18-lt\cxx-framework\src\traditional\proc\p18f452.asm
                     PIR2   0x000fa1       data     extern D:\3.43\pic18-lt\cxx-framework\src\traditional\proc\p18f452.asm
                 PIR2bits   0x000fa1       data     extern D:\3.43\pic18-lt\cxx-framework\src\traditional\proc\p18f452.asm
                   PLUSW0   0x000feb       data     extern D:\3.43\pic18-lt\cxx-framework\src\traditional\proc\p18f452.asm
                   PLUSW1   0x000fe3       data     extern D:\3.43\pic18-lt\cxx-framework\src\traditional\proc\p18f452.asm
                   PLUSW2   0x000fdb       data     extern D:\3.43\pic18-lt\cxx-framework\src\traditional\proc\p18f452.asm
                    PORTA   0x000f80       data     extern D:\3.43\pic18-lt\cxx-framework\src\traditional\proc\p18f452.asm
                PORTAbits   0x000f80       data     extern D:\3.43\pic18-lt\cxx-framework\src\traditional\proc\p18f452.asm
                    PORTB   0x000f81       data     extern D:\3.43\pic18-lt\cxx-framework\src\traditional\proc\p18f452.asm
                PORTBbits   0x000f81       data     extern D:\3.43\pic18-lt\cxx-framework\src\traditional\proc\p18f452.asm
                    PORTC   0x000f82       data     extern D:\3.43\pic18-lt\cxx-framework\src\traditional\proc\p18f452.asm
                PORTCbits   0x000f82       data     extern D:\3.43\pic18-lt\cxx-framework\src\traditional\proc\p18f452.asm
                    PORTD   0x000f83       data     extern D:\3.43\pic18-lt\cxx-framework\src\traditional\proc\p18f452.asm
                PORTDbits   0x000f83       data     extern D:\3.43\pic18-lt\cxx-framework\src\traditional\proc\p18f452.asm
                    PORTE   0x000f84       data     extern D:\3.43\pic18-lt\cxx-framework\src\traditional\proc\p18f452.asm
                PORTEbits   0x000f84       data     extern D:\3.43\pic18-lt\cxx-framework\src\traditional\proc\p18f452.asm
                 POSTDEC0   0x000fed       data     extern D:\3.43\pic18-lt\cxx-framework\src\traditional\proc\p18f452.asm
                 POSTDEC1   0x000fe5       data     extern D:\3.43\pic18-lt\cxx-framework\src\traditional\proc\p18f452.asm
                 POSTDEC2   0x000fdd       data     extern D:\3.43\pic18-lt\cxx-framework\src\traditional\proc\p18f452.asm
                 POSTINC0   0x000fee       data     extern D:\3.43\pic18-lt\cxx-framework\src\traditional\proc\p18f452.asm
                 POSTINC1   0x000fe6       data     extern D:\3.43\pic18-lt\cxx-framework\src\traditional\proc\p18f452.asm
                 POSTINC2   0x000fde       data     extern D:\3.43\pic18-lt\cxx-framework\src\traditional\proc\p18f452.asm
                      PR2   0x000fcb       data     extern D:\3.43\pic18-lt\cxx-framework\src\traditional\proc\p18f452.asm
                  PREINC0   0x000fec       data     extern D:\3.43\pic18-lt\cxx-framework\src\traditional\proc\p18f452.asm
                  PREINC1   0x000fe4       data     extern D:\3.43\pic18-lt\cxx-framework\src\traditional\proc\p18f452.asm
                  PREINC2   0x000fdc       data     extern D:\3.43\pic18-lt\cxx-framework\src\traditional\proc\p18f452.asm
                     PROD   0x000ff3       data     extern D:\3.43\pic18-lt\cxx-framework\src\traditional\proc\p18f452.asm
                    PRODH   0x000ff4       data     extern D:\3.43\pic18-lt\cxx-framework\src\traditional\proc\p18f452.asm
                    PRODL   0x000ff3       data     extern D:\3.43\pic18-lt\cxx-framework\src\traditional\proc\p18f452.asm
                     RCON   0x000fd0       data     extern D:\3.43\pic18-lt\cxx-framework\src\traditional\proc\p18f452.asm
                 RCONbits   0x000fd0       data     extern D:\3.43\pic18-lt\cxx-framework\src\traditional\proc\p18f452.asm
                    RCREG   0x000fae       data     extern D:\3.43\pic18-lt\cxx-framework\src\traditional\proc\p18f452.asm
                    RCSTA   0x000fab       data     extern D:\3.43\pic18-lt\cxx-framework\src\traditional\proc\p18f452.asm
                RCSTAbits   0x000fab       data     extern D:\3.43\pic18-lt\cxx-framework\src\traditional\proc\p18f452.asm
                     SIGN   0x000000       data     extern D:\3.43\pic18-lt\cxx-framework\src\traditional\math\cmath18.asm
                    SPBRG   0x000faf       data     extern D:\3.43\pic18-lt\cxx-framework\src\traditional\proc\p18f452.asm
                   SSPADD   0x000fc8       data     extern D:\3.43\pic18-lt\cxx-framework\src\traditional\proc\p18f452.asm
                   SSPBUF   0x000fc9       data     extern D:\3.43\pic18-lt\cxx-framework\src\traditional\proc\p18f452.asm
                  SSPCON1   0x000fc6       data     extern D:\3.43\pic18-lt\cxx-framework\src\traditional\proc\p18f452.asm
              SSPCON1bits   0x000fc6       data     extern D:\3.43\pic18-lt\cxx-framework\src\traditional\proc\p18f452.asm
                  SSPCON2   0x000fc5       data     extern D:\3.43\pic18-lt\cxx-framework\src\traditional\proc\p18f452.asm
              SSPCON2bits   0x000fc5       data     extern D:\3.43\pic18-lt\cxx-framework\src\traditional\proc\p18f452.asm
                  SSPSTAT   0x000fc7       data     extern D:\3.43\pic18-lt\cxx-framework\src\traditional\proc\p18f452.asm
              SSPSTATbits   0x000fc7       data     extern D:\3.43\pic18-lt\cxx-framework\src\traditional\proc\p18f452.asm
                   STATUS   0x000fd8       data     extern D:\3.43\pic18-lt\cxx-framework\src\traditional\proc\p18f452.asm
               STATUSbits   0x000fd8       data     extern D:\3.43\pic18-lt\cxx-framework\src\traditional\proc\p18f452.asm
                   STKPTR   0x000ffc       data     extern D:\3.43\pic18-lt\cxx-framework\src\traditional\proc\p18f452.asm
               STKPTRbits   0x000ffc       data     extern D:\3.43\pic18-lt\cxx-framework\src\traditional\proc\p18f452.asm
                    T0CON   0x000fd5       data     extern D:\3.43\pic18-lt\cxx-framework\src\traditional\proc\p18f452.asm
                T0CONbits   0x000fd5       data     extern D:\3.43\pic18-lt\cxx-framework\src\traditional\proc\p18f452.asm
                    T1CON   0x000fcd       data     extern D:\3.43\pic18-lt\cxx-framework\src\traditional\proc\p18f452.asm
                T1CONbits   0x000fcd       data     extern D:\3.43\pic18-lt\cxx-framework\src\traditional\proc\p18f452.asm
                    T2CON   0x000fca       data     extern D:\3.43\pic18-lt\cxx-framework\src\traditional\proc\p18f452.asm
                T2CONbits   0x000fca       data     extern D:\3.43\pic18-lt\cxx-framework\src\traditional\proc\p18f452.asm
                    T3CON   0x000fb1       data     extern D:\3.43\pic18-lt\cxx-framework\src\traditional\proc\p18f452.asm
                T3CONbits   0x000fb1       data     extern D:\3.43\pic18-lt\cxx-framework\src\traditional\proc\p18f452.asm
                   TABLAT   0x000ff5       data     extern D:\3.43\pic18-lt\cxx-framework\src\traditional\proc\p18f452.asm
                   TBLPTR   0x000ff6       data     extern D:\3.43\pic18-lt\cxx-framework\src\traditional\proc\p18f452.asm
                  TBLPTRH   0x000ff7       data     extern D:\3.43\pic18-lt\cxx-framework\src\traditional\proc\p18f452.asm
                  TBLPTRL   0x000ff6       data     extern D:\3.43\pic18-lt\cxx-framework\src\traditional\proc\p18f452.asm
                  TBLPTRU   0x000ff8       data     extern D:\3.43\pic18-lt\cxx-framework\src\traditional\proc\p18f452.asm
                    TMR0H   0x000fd7       data     extern D:\3.43\pic18-lt\cxx-framework\src\traditional\proc\p18f452.asm
                    TMR0L   0x000fd6       data     extern D:\3.43\pic18-lt\cxx-framework\src\traditional\proc\p18f452.asm
                    TMR1H   0x000fcf       data     extern D:\3.43\pic18-lt\cxx-framework\src\traditional\proc\p18f452.asm
                    TMR1L   0x000fce       data     extern D:\3.43\pic18-lt\cxx-framework\src\traditional\proc\p18f452.asm
                     TMR2   0x000fcc       data     extern D:\3.43\pic18-lt\cxx-framework\src\traditional\proc\p18f452.asm
                    TMR3H   0x000fb3       data     extern D:\3.43\pic18-lt\cxx-framework\src\traditional\proc\p18f452.asm
                    TMR3L   0x000fb2       data     extern D:\3.43\pic18-lt\cxx-framework\src\traditional\proc\p18f452.asm
                      TOS   0x000ffd       data     extern D:\3.43\pic18-lt\cxx-framework\src\traditional\proc\p18f452.asm
                     TOSH   0x000ffe       data     extern D:\3.43\pic18-lt\cxx-framework\src\traditional\proc\p18f452.asm
                     TOSL   0x000ffd       data     extern D:\3.43\pic18-lt\cxx-framework\src\traditional\proc\p18f452.asm
                     TOSU   0x000fff       data     extern D:\3.43\pic18-lt\cxx-framework\src\traditional\proc\p18f452.asm
                    TRISA   0x000f92       data     extern D:\3.43\pic18-lt\cxx-framework\src\traditional\proc\p18f452.asm
                TRISAbits   0x000f92       data     extern D:\3.43\pic18-lt\cxx-framework\src\traditional\proc\p18f452.asm
                    TRISB   0x000f93       data     extern D:\3.43\pic18-lt\cxx-framework\src\traditional\proc\p18f452.asm
                TRISBbits   0x000f93       data     extern D:\3.43\pic18-lt\cxx-framework\src\traditional\proc\p18f452.asm
                    TRISC   0x000f94       data     extern D:\3.43\pic18-lt\cxx-framework\src\traditional\proc\p18f452.asm
                TRISCbits   0x000f94       data     extern D:\3.43\pic18-lt\cxx-framework\src\traditional\proc\p18f452.asm
                    TRISD   0x000f95       data     extern D:\3.43\pic18-lt\cxx-framework\src\traditional\proc\p18f452.asm
                TRISDbits   0x000f95       data     extern D:\3.43\pic18-lt\cxx-framework\src\traditional\proc\p18f452.asm
                    TRISE   0x000f96       data     extern D:\3.43\pic18-lt\cxx-framework\src\traditional\proc\p18f452.asm
                TRISEbits   0x000f96       data     extern D:\3.43\pic18-lt\cxx-framework\src\traditional\proc\p18f452.asm
                    TXREG   0x000fad       data     extern D:\3.43\pic18-lt\cxx-framework\src\traditional\proc\p18f452.asm
                    TXSTA   0x000fac       data     extern D:\3.43\pic18-lt\cxx-framework\src\traditional\proc\p18f452.asm
                TXSTAbits   0x000fac       data     extern D:\3.43\pic18-lt\cxx-framework\src\traditional\proc\p18f452.asm
                        W   0x000fe8       data     extern D:\3.43\pic18-lt\cxx-framework\src\traditional\proc\p18f452.asm
                   WDTCON   0x000fd1       data     extern D:\3.43\pic18-lt\cxx-framework\src\traditional\proc\p18f452.asm
               WDTCONbits   0x000fd1       data     extern D:\3.43\pic18-lt\cxx-framework\src\traditional\proc\p18f452.asm
                     WREG   0x000fe8       data     extern D:\3.43\pic18-lt\cxx-framework\src\traditional\proc\p18f452.asm
                 __AARGB0   0x000009       data     extern D:\3.43\pic18-lt\cxx-framework\src\traditional\math\aarg.asm
                 __AARGB1   0x000008       data     extern D:\3.43\pic18-lt\cxx-framework\src\traditional\math\aarg.asm
                 __AARGB2   0x000007       data     extern D:\3.43\pic18-lt\cxx-framework\src\traditional\math\aarg.asm
                 __AARGB3   0x000006       data     extern D:\3.43\pic18-lt\cxx-framework\src\traditional\math\aarg.asm
                 __AARGB4   0x000005       data     extern D:\3.43\pic18-lt\cxx-framework\src\traditional\math\aarg.asm
                 __AARGB5   0x000004       data     extern D:\3.43\pic18-lt\cxx-framework\src\traditional\math\aarg.asm
                 __AARGB6   0x000003       data     extern D:\3.43\pic18-lt\cxx-framework\src\traditional\math\aarg.asm
                 __AARGB7   0x000002       data     extern D:\3.43\pic18-lt\cxx-framework\src\traditional\math\aarg.asm
                   __AEXP   0x00000a       data     extern D:\3.43\pic18-lt\cxx-framework\src\traditional\math\aarg.asm
                 __BARGB0   0x00000e       data     extern D:\3.43\pic18-lt\cxx-framework\src\traditional\math\barg.asm
                 __BARGB1   0x00000d       data     extern D:\3.43\pic18-lt\cxx-framework\src\traditional\math\barg.asm
                 __BARGB2   0x00000c       data     extern D:\3.43\pic18-lt\cxx-framework\src\traditional\math\barg.asm
                 __BARGB3   0x00000b       data     extern D:\3.43\pic18-lt\cxx-framework\src\traditional\math\barg.asm
                   __BEXP   0x00000f       data     extern D:\3.43\pic18-lt\cxx-framework\src\traditional\math\barg.asm
                __FPFLAGS   0x000001       data     extern D:\3.43\pic18-lt\cxx-framework\src\traditional\math\cmath18.asm
            __FPFLAGSbits   0x000001       data     extern D:\3.43\pic18-lt\cxx-framework\src\traditional\math\cmath18.asm
                  __REMB0   0x000005       data     extern D:\3.43\pic18-lt\cxx-framework\src\traditional\math\aarg.asm
                  __REMB1   0x000004       data     extern D:\3.43\pic18-lt\cxx-framework\src\traditional\math\aarg.asm
                  __REMB2   0x000003       data     extern D:\3.43\pic18-lt\cxx-framework\src\traditional\math\aarg.asm
                  __REMB3   0x000002       data     extern D:\3.43\pic18-lt\cxx-framework\src\traditional\math\aarg.asm
                  __tmp_0   0x000010       data     static D:\Libs\FreeRTOSV6.1.0\Source\tasks.c
                  __tmp_0   0x000010       data     static D:\Libs\FreeRTOSV6.1.0\Source\queue.c
                  __tmp_0   0x000010       data     static D:\Libs\FreeRTOSV6.1.0\Source\list.c
                  __tmp_0   0x000010       data     static D:\Libs\FreeRTOSV6.1.0\Source\portable\MPLAB\PIC18F\port.c
                  __tmp_0   0x000010       data     static D:\Libs\FreeRTOSV6.1.0\Demo\Common\Minimal\PollQ.c
                  __tmp_0   0x000010       data     static D:\Libs\FreeRTOSV6.1.0\Demo\PIC18_MPLAB\main1.c
                  __tmp_0   0x000010       data     static D:\Libs\FreeRTOSV6.1.0\Demo\PIC18_MPLAB\ParTest\ParTest.c
                  __tmp_0   0x000010       data     static D:\Libs\FreeRTOSV6.1.0\Demo\PIC18_MPLAB\serial\serial.c
                  __tmp_0   0x000010       data     static D:\Libs\FreeRTOSV6.1.0\Demo\Common\Minimal\integer.c
                  __tmp_0   0x000010       data     static D:\Libs\FreeRTOSV6.1.0\Source\portable\MemMang\heap_1.c
                  __tmp_1   0x000017       data     static D:\Libs\FreeRTOSV6.1.0\Demo\PIC18_MPLAB\serial\serial.c
                  __tmp_2   0x000016       data     static D:\Libs\FreeRTOSV6.1.0\Demo\PIC18_MPLAB\serial\serial.c
                curr_byte   0x00053d       data     static D:\3.43\pic18-lt\cxx-framework\src\traditional\startup\c018i.c
               curr_entry   0x00053f       data     static D:\3.43\pic18-lt\cxx-framework\src\traditional\startup\c018i.c
                 data_ptr   0x000541       data     static D:\3.43\pic18-lt\cxx-framework\src\traditional\startup\c018i.c
                     prom   0x00053a       data     static D:\3.43\pic18-lt\cxx-framework\src\traditional\startup\c018i.c
             pxCurrentTCB   0x00052c       data     extern D:\Libs\FreeRTOSV6.1.0\Source\tasks.c
        pxDelayedTaskList   0x000516       data     extern D:\Libs\FreeRTOSV6.1.0\Source\tasks.c
pxOverflowDelayedTaskList   0x000518       data     extern D:\Libs\FreeRTOSV6.1.0\Source\tasks.c
        pxReadyTasksLists   0x0004e0       data     extern D:\Libs\FreeRTOSV6.1.0\Source\tasks.c
   uxCurrentNumberOfTasks   0x00052f       data     extern D:\Libs\FreeRTOSV6.1.0\Source\tasks.c
            uxMissedTicks   0x000536       data     extern D:\Libs\FreeRTOSV6.1.0\Source\tasks.c
     uxSchedulerSuspended   0x000535       data     extern D:\Libs\FreeRTOSV6.1.0\Source\tasks.c
             uxTaskNumber   0x000539       data     extern D:\Libs\FreeRTOSV6.1.0\Source\tasks.c
           uxTasksDeleted   0x00052e       data     extern D:\Libs\FreeRTOSV6.1.0\Source\tasks.c
       uxTopReadyPriority   0x000533       data     extern D:\Libs\FreeRTOSV6.1.0\Source\tasks.c
        uxTopUsedPriority   0x000532       data     extern D:\Libs\FreeRTOSV6.1.0\Source\tasks.c
              xCharsForTx   0x000546       data     static D:\Libs\FreeRTOSV6.1.0\Demo\PIC18_MPLAB\serial\serial.c
        xDelayedTaskList1   0x000504       data     extern D:\Libs\FreeRTOSV6.1.0\Source\tasks.c
        xDelayedTaskList2   0x00050d       data     extern D:\Libs\FreeRTOSV6.1.0\Source\tasks.c
                    xHeap   0x0000e0       data     static D:\Libs\FreeRTOSV6.1.0\Source\portable\MemMang\heap_1.c
             xMissedYield   0x000537       data     extern D:\Libs\FreeRTOSV6.1.0\Source\tasks.c
            xNextFreeByte   0x00054a       data     static D:\Libs\FreeRTOSV6.1.0\Source\portable\MemMang\heap_1.c
          xNumOfOverflows   0x000538       data     extern D:\Libs\FreeRTOSV6.1.0\Source\tasks.c
        xPendingReadyList   0x00051a       data     extern D:\Libs\FreeRTOSV6.1.0\Source\tasks.c
             xPolledQueue   0x000548       data     static D:\Libs\FreeRTOSV6.1.0\Demo\Common\Minimal\PollQ.c
    xPollingConsumerCount   0x00054c       data     static D:\Libs\FreeRTOSV6.1.0\Demo\Common\Minimal\PollQ.c
    xPollingProducerCount   0x00054d       data     static D:\Libs\FreeRTOSV6.1.0\Demo\Common\Minimal\PollQ.c
               xRxedChars   0x000544       data     static D:\Libs\FreeRTOSV6.1.0\Demo\PIC18_MPLAB\serial\serial.c
        xSchedulerRunning   0x000534       data     extern D:\Libs\FreeRTOSV6.1.0\Source\tasks.c
               xTaskCheck   0x00054e       data     static D:\Libs\FreeRTOSV6.1.0\Demo\Common\Minimal\integer.c
 xTasksWaitingTermination   0x000523       data     extern D:\Libs\FreeRTOSV6.1.0\Source\tasks.c
               xTickCount   0x000530       data     extern D:\Libs\FreeRTOSV6.1.0\Source\tasks.c



                              Symbols - Sorted by Address
                     Name    Address   Location    Storage File                     
                ---------  ---------  ---------  --------- ---------                
                   _entry   0x000000    program     extern D:\3.43\pic18-lt\cxx-framework\src\traditional\startup\c018i.c
       ___return_lbl00000   0x000004    program     static                          
          prvLowInterrupt   0x000008    program     static D:\Libs\FreeRTOSV6.1.0\Source\portable\MPLAB\PIC18F\port.c
           ___if_lbl00018   0x000010    program     static                          
           ___if_lbl00019   0x000018    program     static                          
           ___if_lbl00020   0x000024    program     static                          
           ___if_lbl00021   0x000024    program     static                          
       ___return_lbl00017   0x000024    program     static                          
       xTaskGenericCreate   0x00006c    program     extern D:\Libs\FreeRTOSV6.1.0\Source\tasks.c
           ___if_lbl00001   0x000200    program     static                          
           ___if_lbl00002   0x000228    program     static                          
         ___else_lbl00006   0x00022a    program     static                          
           ___if_lbl00003   0x000254    program     static                          
           ___if_lbl00004   0x000254    program     static                          
           ___if_lbl00005   0x000254    program     static                          
           ___if_lbl00007   0x00028e    program     static                          
           ___if_lbl00008   0x0002cc    program     static                          
           ___if_lbl00009   0x000336    program     static                          
         ___else_lbl00011   0x000338    program     static                          
           ___if_lbl00010   0x00033a    program     static                          
           ___if_lbl00014   0x00035e    program     static                          
           ___if_lbl00013   0x00035e    program     static                          
           ___if_lbl00012   0x00035e    program     static                          
       ___return_lbl00000   0x000362    program     static                          
              vTaskDelete   0x00037e    program     extern D:\Libs\FreeRTOSV6.1.0\Source\tasks.c
           ___if_lbl00016   0x0003ba    program     static                          
           ___?:_lbl00018   0x0003d6    program     static                          
           ___?:_lbl00017   0x0003e2    program     static                          
           ___if_lbl00019   0x000458    program     static                          
           ___if_lbl00020   0x00049a    program     static                          
           ___if_lbl00021   0x0004b6    program     static                          
           ___if_lbl00022   0x0004b6    program     static                          
       ___return_lbl00015   0x0004b6    program     static                          
          vTaskDelayUntil   0x0004c6    program     extern D:\Libs\FreeRTOSV6.1.0\Source\tasks.c
               vTaskDelay   0x0006a0    program     extern D:\Libs\FreeRTOSV6.1.0\Source\tasks.c
      vTaskStartScheduler   0x0007c4    program     extern D:\Libs\FreeRTOSV6.1.0\Source\tasks.c
        vTaskEndScheduler   0x000838    program     extern D:\Libs\FreeRTOSV6.1.0\Source\tasks.c
          vTaskSuspendAll   0x000842    program     extern D:\Libs\FreeRTOSV6.1.0\Source\tasks.c
           xTaskResumeAll   0x000848    program     extern D:\Libs\FreeRTOSV6.1.0\Source\tasks.c
        ___while_lbl00046   0x000884    program     static                          
           ___?:_lbl00049   0x0008a4    program     static                          
           ___?:_lbl00048   0x0008a8    program     static                          
           ___if_lbl00050   0x00093a    program     static                          
           ___if_lbl00051   0x0009c0    program     static                          
        ___while_lbl00047   0x0009c2    program     static                          
        ___while_lbl00052   0x0009ca    program     static                          
        ___while_lbl00053   0x0009da    program     static                          
           ___if_lbl00054   0x0009e4    program     static                          
               __tmplbl_5   0x0009ea    program     static                          
               __tmplbl_4   0x0009f0    program     static                          
           ___if_lbl00058   0x000a02    program     static                          
           ___if_lbl00057   0x000a02    program     static                          
           ___if_lbl00056   0x000a02    program     static                          
           ___if_lbl00059   0x000a08    program     static                          
       ___return_lbl00045   0x000a0e    program     static                          
        xTaskGetTickCount   0x000a2a    program     extern D:\Libs\FreeRTOSV6.1.0\Source\tasks.c
           ___if_lbl00061   0x000a52    program     static                          
       ___return_lbl00060   0x000a64    program     static                          
 xTaskGetTickCountFromISR   0x000a74    program     extern D:\Libs\FreeRTOSV6.1.0\Source\tasks.c
   uxTaskGetNumberOfTasks   0x000a7e    program     extern D:\Libs\FreeRTOSV6.1.0\Source\tasks.c
       vTaskIncrementTick   0x000a84    program     extern D:\Libs\FreeRTOSV6.1.0\Source\tasks.c
       vTaskSwitchContext   0x000c7c    program     extern D:\Libs\FreeRTOSV6.1.0\Source\tasks.c
    vTaskPlaceOnEventList   0x000da0    program     extern D:\Libs\FreeRTOSV6.1.0\Source\tasks.c
 xTaskRemoveFromEventList   0x000ecc    program     extern D:\Libs\FreeRTOSV6.1.0\Source\tasks.c
     vTaskSetTimeOutState   0x001086    program     extern D:\Libs\FreeRTOSV6.1.0\Source\tasks.c
     xTaskCheckForTimeOut   0x0010c8    program     extern D:\Libs\FreeRTOSV6.1.0\Source\tasks.c
               __tmplbl_7   0x0010f4    program     static                          
               __tmplbl_6   0x001116    program     static                          
         ___else_lbl00097   0x00111c    program     static                          
         ___else_lbl00095   0x00119c    program     static                          
           ___if_lbl00094   0x0011a0    program     static                          
           ___if_lbl00096   0x0011a0    program     static                          
           ___if_lbl00098   0x0011a6    program     static                          
       ___return_lbl00092   0x0011aa    program     static                          
         vTaskMissedYield   0x0011b8    program     extern D:\Libs\FreeRTOSV6.1.0\Source\tasks.c
              prvIdleTask   0x0011c0    program     extern D:\Libs\FreeRTOSV6.1.0\Source\tasks.c
prvInitialiseTCBVariables   0x0011e0    program     extern D:\Libs\FreeRTOSV6.1.0\Source\tasks.c
   prvInitialiseTaskLists   0x00136e    program     extern D:\Libs\FreeRTOSV6.1.0\Source\tasks.c
prvCheckTasksWaitingTermination   0x001410    program     extern D:\Libs\FreeRTOSV6.1.0\Source\tasks.c
               __tmplbl_9   0x001438    program     static                          
               __tmplbl_8   0x00143c    program     static                          
           ___?:_lbl00113   0x00146e    program     static                          
           ___?:_lbl00112   0x001472    program     static                          
           ___if_lbl00114   0x0014b8    program     static                          
           ___if_lbl00115   0x0014ca    program     static                          
           ___if_lbl00116   0x0014ca    program     static                          
       ___return_lbl00111   0x0014ca    program     static                          
   prvAllocateTCBAndStack   0x0014dc    program     extern D:\Libs\FreeRTOSV6.1.0\Source\tasks.c
             prvDeleteTCB   0x0015f0    program     extern D:\Libs\FreeRTOSV6.1.0\Source\tasks.c
             xQueueCreate   0x001644    program     extern D:\Libs\FreeRTOSV6.1.0\Source\queue.c
        xQueueGenericSend   0x001886    program     extern D:\Libs\FreeRTOSV6.1.0\Source\queue.c
          ___for_lbl00026   0x0018a0    program     static                          
           ___if_lbl00008   0x001956    program     static                          
           ___if_lbl00009   0x001956    program     static                          
           ___if_lbl00010   0x00195c    program     static                          
         ___else_lbl00016   0x001962    program     static                          
           ___if_lbl00011   0x00197a    program     static                          
         ___else_lbl00014   0x001980    program     static                          
           ___if_lbl00015   0x00199c    program     static                          
           ___if_lbl00012   0x00199c    program     static                          
           ___if_lbl00013   0x00199c    program     static                          
           ___if_lbl00017   0x0019a2    program     static                          
           ___if_lbl00018   0x0019dc    program     static                          
           ___if_lbl00019   0x001a0c    program     static                          
           ___if_lbl00020   0x001a12    program     static                          
           ___if_lbl00021   0x001aae    program     static                          
         ___else_lbl00023   0x001ab0    program     static                          
           ___if_lbl00022   0x001ac8    program     static                          
         ___else_lbl00025   0x001aca    program     static                          
           ___if_lbl00024   0x001ae6    program     static                          
          ___for_lbl00006   0x001ae6    program     static                          
       ___return_lbl00005   0x001ae8    program     static                          
          ___for_lbl00007   0x001ae8    program     static                          
 xQueueGenericSendFromISR   0x001b04    program     extern D:\Libs\FreeRTOSV6.1.0\Source\queue.c
     xQueueGenericReceive   0x001c22    program     extern D:\Libs\FreeRTOSV6.1.0\Source\queue.c
          ___for_lbl00059   0x001c40    program     static                          
           ___if_lbl00037   0x001d0c    program     static                          
           ___if_lbl00038   0x001d0c    program     static                          
         ___else_lbl00042   0x001d0e    program     static                          
           ___if_lbl00041   0x001d7a    program     static                          
           ___if_lbl00040   0x001d7a    program     static                          
           ___if_lbl00039   0x001d7a    program     static                          
           ___if_lbl00043   0x001d80    program     static                          
         ___else_lbl00049   0x001d86    program     static                          
           ___if_lbl00044   0x001d9e    program     static                          
         ___else_lbl00047   0x001da4    program     static                          
           ___if_lbl00048   0x001dc0    program     static                          
           ___if_lbl00046   0x001dc0    program     static                          
           ___if_lbl00045   0x001dc0    program     static                          
           ___if_lbl00050   0x001dc6    program     static                          
           ___if_lbl00051   0x001e00    program     static                          
           ___if_lbl00052   0x001e30    program     static                          
           ___if_lbl00053   0x001e36    program     static                          
           ___if_lbl00054   0x001ece    program     static                          
         ___else_lbl00056   0x001ed0    program     static                          
           ___if_lbl00055   0x001ee6    program     static                          
         ___else_lbl00058   0x001ee8    program     static                          
           ___if_lbl00057   0x001f02    program     static                          
          ___for_lbl00035   0x001f02    program     static                          
       ___return_lbl00034   0x001f04    program     static                          
          ___for_lbl00036   0x001f04    program     static                          
     xQueueReceiveFromISR   0x001f20    program     extern D:\Libs\FreeRTOSV6.1.0\Source\queue.c
   uxQueueMessagesWaiting   0x00202e    program     extern D:\Libs\FreeRTOSV6.1.0\Source\queue.c
           ___if_lbl00068   0x002064    program     static                          
       ___return_lbl00067   0x002068    program     static                          
uxQueueMessagesWaitingFromISR   0x002076    program     extern D:\Libs\FreeRTOSV6.1.0\Source\queue.c
             vQueueDelete   0x0020b0    program     extern D:\Libs\FreeRTOSV6.1.0\Source\queue.c
       prvCopyDataToQueue   0x0020fc    program     static D:\Libs\FreeRTOSV6.1.0\Source\queue.c
     prvCopyDataFromQueue   0x002360    program     static D:\Libs\FreeRTOSV6.1.0\Source\queue.c
           prvUnlockQueue   0x00248e    program     static D:\Libs\FreeRTOSV6.1.0\Source\queue.c
        ___while_lbl00082   0x0024a4    program     static                          
              __tmplbl_15   0x0024ca    program     static                          
           ___if_lbl00084   0x00251e    program     static                          
         ___else_lbl00086   0x002536    program     static                          
           ___if_lbl00085   0x002538    program     static                          
        ___while_lbl00083   0x00253a    program     static                          
           ___if_lbl00087   0x002556    program     static                          
        ___while_lbl00088   0x00255c    program     static                          
              __tmplbl_16   0x002582    program     static                          
           ___if_lbl00090   0x0025d6    program     static                          
         ___else_lbl00092   0x0025ee    program     static                          
           ___if_lbl00091   0x0025f0    program     static                          
        ___while_lbl00089   0x0025f2    program     static                          
       ___return_lbl00081   0x00260e    program     static                          
           ___if_lbl00093   0x00260e    program     static                          
          prvIsQueueEmpty   0x00261a    program     static D:\Libs\FreeRTOSV6.1.0\Source\queue.c
               __tmplbl_1   0x00264a    program     static                          
               __tmplbl_0   0x00264e    program     static                          
           ___if_lbl00095   0x002658    program     static                          
       ___return_lbl00094   0x00265c    program     static                          
xQueueIsQueueEmptyFromISR   0x00266a    program     extern D:\Libs\FreeRTOSV6.1.0\Source\queue.c
           prvIsQueueFull   0x0026ac    program     static D:\Libs\FreeRTOSV6.1.0\Source\queue.c
               __tmplbl_5   0x0026f6    program     static                          
               __tmplbl_4   0x0026fa    program     static                          
[...]
                    PORTD   0x000f83       data     extern D:\3.43\pic18-lt\cxx-framework\src\traditional\proc\p18f452.asm
                PORTDbits   0x000f83       data     extern D:\3.43\pic18-lt\cxx-framework\src\traditional\proc\p18f452.asm
                    PORTE   0x000f84       data     extern D:\3.43\pic18-lt\cxx-framework\src\traditional\proc\p18f452.asm
                PORTEbits   0x000f84       data     extern D:\3.43\pic18-lt\cxx-framework\src\traditional\proc\p18f452.asm
                     LATA   0x000f89       data     extern D:\3.43\pic18-lt\cxx-framework\src\traditional\proc\p18f452.asm
                 LATAbits   0x000f89       data     extern D:\3.43\pic18-lt\cxx-framework\src\traditional\proc\p18f452.asm
                 LATBbits   0x000f8a       data     extern D:\3.43\pic18-lt\cxx-framework\src\traditional\proc\p18f452.asm
                     LATB   0x000f8a       data     extern D:\3.43\pic18-lt\cxx-framework\src\traditional\proc\p18f452.asm
                     LATC   0x000f8b       data     extern D:\3.43\pic18-lt\cxx-framework\src\traditional\proc\p18f452.asm
                 LATCbits   0x000f8b       data     extern D:\3.43\pic18-lt\cxx-framework\src\traditional\proc\p18f452.asm
                     LATD   0x000f8c       data     extern D:\3.43\pic18-lt\cxx-framework\src\traditional\proc\p18f452.asm
                 LATDbits   0x000f8c       data     extern D:\3.43\pic18-lt\cxx-framework\src\traditional\proc\p18f452.asm
                     LATE   0x000f8d       data     extern D:\3.43\pic18-lt\cxx-framework\src\traditional\proc\p18f452.asm
                 LATEbits   0x000f8d       data     extern D:\3.43\pic18-lt\cxx-framework\src\traditional\proc\p18f452.asm
                 DDRAbits   0x000f92       data     extern D:\3.43\pic18-lt\cxx-framework\src\traditional\proc\p18f452.asm
                     DDRA   0x000f92       data     extern D:\3.43\pic18-lt\cxx-framework\src\traditional\proc\p18f452.asm
                    TRISA   0x000f92       data     extern D:\3.43\pic18-lt\cxx-framework\src\traditional\proc\p18f452.asm
                TRISAbits   0x000f92       data     extern D:\3.43\pic18-lt\cxx-framework\src\traditional\proc\p18f452.asm
                    TRISB   0x000f93       data     extern D:\3.43\pic18-lt\cxx-framework\src\traditional\proc\p18f452.asm
                TRISBbits   0x000f93       data     extern D:\3.43\pic18-lt\cxx-framework\src\traditional\proc\p18f452.asm
                     DDRB   0x000f93       data     extern D:\3.43\pic18-lt\cxx-framework\src\traditional\proc\p18f452.asm
                 DDRBbits   0x000f93       data     extern D:\3.43\pic18-lt\cxx-framework\src\traditional\proc\p18f452.asm
                 DDRCbits   0x000f94       data     extern D:\3.43\pic18-lt\cxx-framework\src\traditional\proc\p18f452.asm
                     DDRC   0x000f94       data     extern D:\3.43\pic18-lt\cxx-framework\src\traditional\proc\p18f452.asm
                    TRISC   0x000f94       data     extern D:\3.43\pic18-lt\cxx-framework\src\traditional\proc\p18f452.asm
                TRISCbits   0x000f94       data     extern D:\3.43\pic18-lt\cxx-framework\src\traditional\proc\p18f452.asm
                    TRISD   0x000f95       data     extern D:\3.43\pic18-lt\cxx-framework\src\traditional\proc\p18f452.asm
                TRISDbits   0x000f95       data     extern D:\3.43\pic18-lt\cxx-framework\src\traditional\proc\p18f452.asm
                 DDRDbits   0x000f95       data     extern D:\3.43\pic18-lt\cxx-framework\src\traditional\proc\p18f452.asm
                     DDRD   0x000f95       data     extern D:\3.43\pic18-lt\cxx-framework\src\traditional\proc\p18f452.asm
                TRISEbits   0x000f96       data     extern D:\3.43\pic18-lt\cxx-framework\src\traditional\proc\p18f452.asm
                    TRISE   0x000f96       data     extern D:\3.43\pic18-lt\cxx-framework\src\traditional\proc\p18f452.asm
                     DDRE   0x000f96       data     extern D:\3.43\pic18-lt\cxx-framework\src\traditional\proc\p18f452.asm
                 DDREbits   0x000f96       data     extern D:\3.43\pic18-lt\cxx-framework\src\traditional\proc\p18f452.asm
                     PIE1   0x000f9d       data     extern D:\3.43\pic18-lt\cxx-framework\src\traditional\proc\p18f452.asm
                 PIE1bits   0x000f9d       data     extern D:\3.43\pic18-lt\cxx-framework\src\traditional\proc\p18f452.asm
                     PIR1   0x000f9e       data     extern D:\3.43\pic18-lt\cxx-framework\src\traditional\proc\p18f452.asm
                 PIR1bits   0x000f9e       data     extern D:\3.43\pic18-lt\cxx-framework\src\traditional\proc\p18f452.asm
                     IPR1   0x000f9f       data     extern D:\3.43\pic18-lt\cxx-framework\src\traditional\proc\p18f452.asm
                 IPR1bits   0x000f9f       data     extern D:\3.43\pic18-lt\cxx-framework\src\traditional\proc\p18f452.asm
                     PIE2   0x000fa0       data     extern D:\3.43\pic18-lt\cxx-framework\src\traditional\proc\p18f452.asm
                 PIE2bits   0x000fa0       data     extern D:\3.43\pic18-lt\cxx-framework\src\traditional\proc\p18f452.asm
                 PIR2bits   0x000fa1       data     extern D:\3.43\pic18-lt\cxx-framework\src\traditional\proc\p18f452.asm
                     PIR2   0x000fa1       data     extern D:\3.43\pic18-lt\cxx-framework\src\traditional\proc\p18f452.asm
                     IPR2   0x000fa2       data     extern D:\3.43\pic18-lt\cxx-framework\src\traditional\proc\p18f452.asm
                 IPR2bits   0x000fa2       data     extern D:\3.43\pic18-lt\cxx-framework\src\traditional\proc\p18f452.asm
               EECON1bits   0x000fa6       data     extern D:\3.43\pic18-lt\cxx-framework\src\traditional\proc\p18f452.asm
                   EECON1   0x000fa6       data     extern D:\3.43\pic18-lt\cxx-framework\src\traditional\proc\p18f452.asm
                   EECON2   0x000fa7       data     extern D:\3.43\pic18-lt\cxx-framework\src\traditional\proc\p18f452.asm
                   EEDATA   0x000fa8       data     extern D:\3.43\pic18-lt\cxx-framework\src\traditional\proc\p18f452.asm
                    EEADR   0x000fa9       data     extern D:\3.43\pic18-lt\cxx-framework\src\traditional\proc\p18f452.asm
                RCSTAbits   0x000fab       data     extern D:\3.43\pic18-lt\cxx-framework\src\traditional\proc\p18f452.asm
                    RCSTA   0x000fab       data     extern D:\3.43\pic18-lt\cxx-framework\src\traditional\proc\p18f452.asm
                TXSTAbits   0x000fac       data     extern D:\3.43\pic18-lt\cxx-framework\src\traditional\proc\p18f452.asm
                    TXSTA   0x000fac       data     extern D:\3.43\pic18-lt\cxx-framework\src\traditional\proc\p18f452.asm
                    TXREG   0x000fad       data     extern D:\3.43\pic18-lt\cxx-framework\src\traditional\proc\p18f452.asm
                    RCREG   0x000fae       data     extern D:\3.43\pic18-lt\cxx-framework\src\traditional\proc\p18f452.asm
                    SPBRG   0x000faf       data     extern D:\3.43\pic18-lt\cxx-framework\src\traditional\proc\p18f452.asm
                T3CONbits   0x000fb1       data     extern D:\3.43\pic18-lt\cxx-framework\src\traditional\proc\p18f452.asm
                    T3CON   0x000fb1       data     extern D:\3.43\pic18-lt\cxx-framework\src\traditional\proc\p18f452.asm
                    TMR3L   0x000fb2       data     extern D:\3.43\pic18-lt\cxx-framework\src\traditional\proc\p18f452.asm
                    TMR3H   0x000fb3       data     extern D:\3.43\pic18-lt\cxx-framework\src\traditional\proc\p18f452.asm
                  CCP2CON   0x000fba       data     extern D:\3.43\pic18-lt\cxx-framework\src\traditional\proc\p18f452.asm
              CCP2CONbits   0x000fba       data     extern D:\3.43\pic18-lt\cxx-framework\src\traditional\proc\p18f452.asm
                    CCPR2   0x000fbb       data     extern D:\3.43\pic18-lt\cxx-framework\src\traditional\proc\p18f452.asm
                   CCPR2L   0x000fbb       data     extern D:\3.43\pic18-lt\cxx-framework\src\traditional\proc\p18f452.asm
                   CCPR2H   0x000fbc       data     extern D:\3.43\pic18-lt\cxx-framework\src\traditional\proc\p18f452.asm
                  CCP1CON   0x000fbd       data     extern D:\3.43\pic18-lt\cxx-framework\src\traditional\proc\p18f452.asm
              CCP1CONbits   0x000fbd       data     extern D:\3.43\pic18-lt\cxx-framework\src\traditional\proc\p18f452.asm
                    CCPR1   0x000fbe       data     extern D:\3.43\pic18-lt\cxx-framework\src\traditional\proc\p18f452.asm
                   CCPR1L   0x000fbe       data     extern D:\3.43\pic18-lt\cxx-framework\src\traditional\proc\p18f452.asm
                   CCPR1H   0x000fbf       data     extern D:\3.43\pic18-lt\cxx-framework\src\traditional\proc\p18f452.asm
                   ADCON1   0x000fc1       data     extern D:\3.43\pic18-lt\cxx-framework\src\traditional\proc\p18f452.asm
               ADCON1bits   0x000fc1       data     extern D:\3.43\pic18-lt\cxx-framework\src\traditional\proc\p18f452.asm
                   ADCON0   0x000fc2       data     extern D:\3.43\pic18-lt\cxx-framework\src\traditional\proc\p18f452.asm
               ADCON0bits   0x000fc2       data     extern D:\3.43\pic18-lt\cxx-framework\src\traditional\proc\p18f452.asm
                    ADRES   0x000fc3       data     extern D:\3.43\pic18-lt\cxx-framework\src\traditional\proc\p18f452.asm
                   ADRESL   0x000fc3       data     extern D:\3.43\pic18-lt\cxx-framework\src\traditional\proc\p18f452.asm
                   ADRESH   0x000fc4       data     extern D:\3.43\pic18-lt\cxx-framework\src\traditional\proc\p18f452.asm
                  SSPCON2   0x000fc5       data     extern D:\3.43\pic18-lt\cxx-framework\src\traditional\proc\p18f452.asm
              SSPCON2bits   0x000fc5       data     extern D:\3.43\pic18-lt\cxx-framework\src\traditional\proc\p18f452.asm
                  SSPCON1   0x000fc6       data     extern D:\3.43\pic18-lt\cxx-framework\src\traditional\proc\p18f452.asm
              SSPCON1bits   0x000fc6       data     extern D:\3.43\pic18-lt\cxx-framework\src\traditional\proc\p18f452.asm
                  SSPSTAT   0x000fc7       data     extern D:\3.43\pic18-lt\cxx-framework\src\traditional\proc\p18f452.asm
              SSPSTATbits   0x000fc7       data     extern D:\3.43\pic18-lt\cxx-framework\src\traditional\proc\p18f452.asm
                   SSPADD   0x000fc8       data     extern D:\3.43\pic18-lt\cxx-framework\src\traditional\proc\p18f452.asm
                   SSPBUF   0x000fc9       data     extern D:\3.43\pic18-lt\cxx-framework\src\traditional\proc\p18f452.asm
                T2CONbits   0x000fca       data     extern D:\3.43\pic18-lt\cxx-framework\src\traditional\proc\p18f452.asm
                    T2CON   0x000fca       data     extern D:\3.43\pic18-lt\cxx-framework\src\traditional\proc\p18f452.asm
                      PR2   0x000fcb       data     extern D:\3.43\pic18-lt\cxx-framework\src\traditional\proc\p18f452.asm
                     TMR2   0x000fcc       data     extern D:\3.43\pic18-lt\cxx-framework\src\traditional\proc\p18f452.asm
                T1CONbits   0x000fcd       data     extern D:\3.43\pic18-lt\cxx-framework\src\traditional\proc\p18f452.asm
                    T1CON   0x000fcd       data     extern D:\3.43\pic18-lt\cxx-framework\src\traditional\proc\p18f452.asm
                    TMR1L   0x000fce       data     extern D:\3.43\pic18-lt\cxx-framework\src\traditional\proc\p18f452.asm
                    TMR1H   0x000fcf       data     extern D:\3.43\pic18-lt\cxx-framework\src\traditional\proc\p18f452.asm
                     RCON   0x000fd0       data     extern D:\3.43\pic18-lt\cxx-framework\src\traditional\proc\p18f452.asm
                 RCONbits   0x000fd0       data     extern D:\3.43\pic18-lt\cxx-framework\src\traditional\proc\p18f452.asm
                   WDTCON   0x000fd1       data     extern D:\3.43\pic18-lt\cxx-framework\src\traditional\proc\p18f452.asm
               WDTCONbits   0x000fd1       data     extern D:\3.43\pic18-lt\cxx-framework\src\traditional\proc\p18f452.asm
               LVDCONbits   0x000fd2       data     extern D:\3.43\pic18-lt\cxx-framework\src\traditional\proc\p18f452.asm
                   LVDCON   0x000fd2       data     extern D:\3.43\pic18-lt\cxx-framework\src\traditional\proc\p18f452.asm
               OSCCONbits   0x000fd3       data     extern D:\3.43\pic18-lt\cxx-framework\src\traditional\proc\p18f452.asm
                   OSCCON   0x000fd3       data     extern D:\3.43\pic18-lt\cxx-framework\src\traditional\proc\p18f452.asm
                    T0CON   0x000fd5       data     extern D:\3.43\pic18-lt\cxx-framework\src\traditional\proc\p18f452.asm
                T0CONbits   0x000fd5       data     extern D:\3.43\pic18-lt\cxx-framework\src\traditional\proc\p18f452.asm
                    TMR0L   0x000fd6       data     extern D:\3.43\pic18-lt\cxx-framework\src\traditional\proc\p18f452.asm
                    TMR0H   0x000fd7       data     extern D:\3.43\pic18-lt\cxx-framework\src\traditional\proc\p18f452.asm
               STATUSbits   0x000fd8       data     extern D:\3.43\pic18-lt\cxx-framework\src\traditional\proc\p18f452.asm
                   STATUS   0x000fd8       data     extern D:\3.43\pic18-lt\cxx-framework\src\traditional\proc\p18f452.asm
                    FSR2L   0x000fd9       data     extern D:\3.43\pic18-lt\cxx-framework\src\traditional\proc\p18f452.asm
                     FSR2   0x000fd9       data     extern D:\3.43\pic18-lt\cxx-framework\src\traditional\proc\p18f452.asm
                    FSR2H   0x000fda       data     extern D:\3.43\pic18-lt\cxx-framework\src\traditional\proc\p18f452.asm
                   PLUSW2   0x000fdb       data     extern D:\3.43\pic18-lt\cxx-framework\src\traditional\proc\p18f452.asm
                  PREINC2   0x000fdc       data     extern D:\3.43\pic18-lt\cxx-framework\src\traditional\proc\p18f452.asm
                 POSTDEC2   0x000fdd       data     extern D:\3.43\pic18-lt\cxx-framework\src\traditional\proc\p18f452.asm
                 POSTINC2   0x000fde       data     extern D:\3.43\pic18-lt\cxx-framework\src\traditional\proc\p18f452.asm
                    INDF2   0x000fdf       data     extern D:\3.43\pic18-lt\cxx-framework\src\traditional\proc\p18f452.asm
                      BSR   0x000fe0       data     extern D:\3.43\pic18-lt\cxx-framework\src\traditional\proc\p18f452.asm
                    FSR1L   0x000fe1       data     extern D:\3.43\pic18-lt\cxx-framework\src\traditional\proc\p18f452.asm
                     FSR1   0x000fe1       data     extern D:\3.43\pic18-lt\cxx-framework\src\traditional\proc\p18f452.asm
                    FSR1H   0x000fe2       data     extern D:\3.43\pic18-lt\cxx-framework\src\traditional\proc\p18f452.asm
                   PLUSW1   0x000fe3       data     extern D:\3.43\pic18-lt\cxx-framework\src\traditional\proc\p18f452.asm
                  PREINC1   0x000fe4       data     extern D:\3.43\pic18-lt\cxx-framework\src\traditional\proc\p18f452.asm
                 POSTDEC1   0x000fe5       data     extern D:\3.43\pic18-lt\cxx-framework\src\traditional\proc\p18f452.asm
                 POSTINC1   0x000fe6       data     extern D:\3.43\pic18-lt\cxx-framework\src\traditional\proc\p18f452.asm
                    INDF1   0x000fe7       data     extern D:\3.43\pic18-lt\cxx-framework\src\traditional\proc\p18f452.asm
                     WREG   0x000fe8       data     extern D:\3.43\pic18-lt\cxx-framework\src\traditional\proc\p18f452.asm
                        W   0x000fe8       data     extern D:\3.43\pic18-lt\cxx-framework\src\traditional\proc\p18f452.asm
                     FSR0   0x000fe9       data     extern D:\3.43\pic18-lt\cxx-framework\src\traditional\proc\p18f452.asm
                    FSR0L   0x000fe9       data     extern D:\3.43\pic18-lt\cxx-framework\src\traditional\proc\p18f452.asm
                    FSR0H   0x000fea       data     extern D:\3.43\pic18-lt\cxx-framework\src\traditional\proc\p18f452.asm
                   PLUSW0   0x000feb       data     extern D:\3.43\pic18-lt\cxx-framework\src\traditional\proc\p18f452.asm
                  PREINC0   0x000fec       data     extern D:\3.43\pic18-lt\cxx-framework\src\traditional\proc\p18f452.asm
                 POSTDEC0   0x000fed       data     extern D:\3.43\pic18-lt\cxx-framework\src\traditional\proc\p18f452.asm
                 POSTINC0   0x000fee       data     extern D:\3.43\pic18-lt\cxx-framework\src\traditional\proc\p18f452.asm
                    INDF0   0x000fef       data     extern D:\3.43\pic18-lt\cxx-framework\src\traditional\proc\p18f452.asm
              INTCON3bits   0x000ff0       data     extern D:\3.43\pic18-lt\cxx-framework\src\traditional\proc\p18f452.asm
                  INTCON3   0x000ff0       data     extern D:\3.43\pic18-lt\cxx-framework\src\traditional\proc\p18f452.asm
              INTCON2bits   0x000ff1       data     extern D:\3.43\pic18-lt\cxx-framework\src\traditional\proc\p18f452.asm
                  INTCON2   0x000ff1       data     extern D:\3.43\pic18-lt\cxx-framework\src\traditional\proc\p18f452.asm
               INTCONbits   0x000ff2       data     extern D:\3.43\pic18-lt\cxx-framework\src\traditional\proc\p18f452.asm
              INTCON1bits   0x000ff2       data     extern D:\3.43\pic18-lt\cxx-framework\src\traditional\proc\p18f452.asm
                  INTCON1   0x000ff2       data     extern D:\3.43\pic18-lt\cxx-framework\src\traditional\proc\p18f452.asm
                   INTCON   0x000ff2       data     extern D:\3.43\pic18-lt\cxx-framework\src\traditional\proc\p18f452.asm
                     PROD   0x000ff3       data     extern D:\3.43\pic18-lt\cxx-framework\src\traditional\proc\p18f452.asm
                    PRODL   0x000ff3       data     extern D:\3.43\pic18-lt\cxx-framework\src\traditional\proc\p18f452.asm
                    PRODH   0x000ff4       data     extern D:\3.43\pic18-lt\cxx-framework\src\traditional\proc\p18f452.asm
                   TABLAT   0x000ff5       data     extern D:\3.43\pic18-lt\cxx-framework\src\traditional\proc\p18f452.asm
                  TBLPTRL   0x000ff6       data     extern D:\3.43\pic18-lt\cxx-framework\src\traditional\proc\p18f452.asm
                   TBLPTR   0x000ff6       data     extern D:\3.43\pic18-lt\cxx-framework\src\traditional\proc\p18f452.asm
                  TBLPTRH   0x000ff7       data     extern D:\3.43\pic18-lt\cxx-framework\src\traditional\proc\p18f452.asm
                  TBLPTRU   0x000ff8       data     extern D:\3.43\pic18-lt\cxx-framework\src\traditional\proc\p18f452.asm
                      PCL   0x000ff9       data     extern D:\3.43\pic18-lt\cxx-framework\src\traditional\proc\p18f452.asm
                       PC   0x000ff9       data     extern D:\3.43\pic18-lt\cxx-framework\src\traditional\proc\p18f452.asm
                   PCLATH   0x000ffa       data     extern D:\3.43\pic18-lt\cxx-framework\src\traditional\proc\p18f452.asm
                   PCLATU   0x000ffb       data     extern D:\3.43\pic18-lt\cxx-framework\src\traditional\proc\p18f452.asm
                   STKPTR   0x000ffc       data     extern D:\3.43\pic18-lt\cxx-framework\src\traditional\proc\p18f452.asm
               STKPTRbits   0x000ffc       data     extern D:\3.43\pic18-lt\cxx-framework\src\traditional\proc\p18f452.asm
                      TOS   0x000ffd       data     extern D:\3.43\pic18-lt\cxx-framework\src\traditional\proc\p18f452.asm
                     TOSL   0x000ffd       data     extern D:\3.43\pic18-lt\cxx-framework\src\traditional\proc\p18f452.asm
                     TOSH   0x000ffe       data     extern D:\3.43\pic18-lt\cxx-framework\src\traditional\proc\p18f452.asm
                     TOSU   0x000fff       data     extern D:\3.43\pic18-lt\cxx-framework\src\traditional\proc\p18f452.asm


