MPLINK 4.31, Linker
Linker Map File - Created Mon Oct 10 15:29:06 2011

                                 Section Info
                  Section       Type    Address   Location Size(Bytes)
                ---------  ---------  ---------  ---------  ---------
               _entry_scn       code   0x000000    program   0x000006
           .code___init.o       code   0x000006    program   0x000002
              high_vector       code   0x000008    program   0x00000a
                   .cinit    romdata   0x000012    program   0x00001a
            .code_tasks.o       code   0x00002c    program   0x0011ca
             .code_port.o       code   0x0011f6    program   0x0009b8
             .code_list.o       code   0x001bae    program   0x000556
             .code_main.o       code   0x002104    program   0x000108
           .code_heap_1.o       code   0x00220c    program   0x0000f2
               _cinit_scn       code   0x0022fe    program   0x00009e
                   STRING       code   0x00239c    program   0x000090
           .code_t1open.o       code   0x00242c    program   0x000042
             _startup_scn       code   0x00246e    program   0x00001c
                    .code       code   0x00248a    program   0x00000e
             .stringtable    romdata   0x002498    program   0x00000b
        .romdata_t1open.o    romdata   0x0024a3    program   0x000000
        .romdata___init.o    romdata   0x0024a3    program   0x000000
         .romdata_tasks.o    romdata   0x0024a3    program   0x000000
         .idata_tasks.o_i    romdata   0x0024a3    program   0x00000d
         .romdata_c018i.o    romdata   0x0024a3    program   0x000000
          .romdata_list.o    romdata   0x0024a3    program   0x000000
        .romdata_heap_1.o    romdata   0x0024a3    program   0x000000
          .romdata_port.o    romdata   0x0024a3    program   0x000000
          .romdata_main.o    romdata   0x0024a3    program   0x000000
          .idata_list.o_i    romdata   0x0024b0    program   0x000000
        .idata_heap_1.o_i    romdata   0x0024b0    program   0x000002
          .idata_port.o_i    romdata   0x0024b0    program   0x000000
        .idata_t1open.o_i    romdata   0x0024b0    program   0x000000
          .idata_main.o_i    romdata   0x0024b0    program   0x000000
            .code_c018i.o       code   0x0024b2    program   0x000000
        .idata___init.o_i    romdata   0x0024b2    program   0x000000
         .idata_c018i.o_i    romdata   0x0024b2    program   0x000000
    .config_300001_main.o    romdata   0x300001    program   0x000001
    .config_300002_main.o    romdata   0x300002    program   0x000001
    .config_300003_main.o    romdata   0x300003    program   0x000001
    .config_300005_main.o    romdata   0x300005    program   0x000001
    .config_300006_main.o    romdata   0x300006    program   0x000001
                MATH_DATA      udata   0x000000       data   0x00000b
                 .tmpdata      udata   0x00000b       data   0x000004
                   .stack      udata   0x000080       data   0x000100
          .udata_heap_1.o      udata   0x000180       data   0x000400
           .udata_tasks.o      udata   0x000580       data   0x000043
           .idata_tasks.o      idata   0x0005c3       data   0x00000d
           .udata_c018i.o      udata   0x0005d0       data   0x00000a
          .idata_heap_1.o      idata   0x0005da       data   0x000002
          .idata___init.o      idata   0x0005dc       data   0x000000
          .udata___init.o      udata   0x0005dc       data   0x000000
          .idata_t1open.o      idata   0x0005dc       data   0x000000
          .udata_t1open.o      udata   0x0005dc       data   0x000000
            .idata_list.o      idata   0x0005dc       data   0x000000
            .udata_list.o      udata   0x0005dc       data   0x000000
            .idata_port.o      idata   0x0005dc       data   0x000000
            .udata_port.o      udata   0x0005dc       data   0x000000
            .idata_main.o      idata   0x0005dc       data   0x000000
            .udata_main.o      udata   0x0005dc       data   0x000000
           .idata_c018i.o      idata   0x0005dc       data   0x000000
            SFR_UNBANKED0      udata   0x000f80       data   0x000080



                              Program Memory Usage 
                               Start         End      
                           ---------   ---------      
                            0x000000    0x0024b1      
                            0x300001    0x300003      
                            0x300005    0x300006      
            9399 out of 66584 program addresses used, program memory utilization is 14%



                              Symbols - Sorted by Name
                     Name    Address   Location    Storage File                     
                ---------  ---------  ---------  --------- ---------                
               OpenTimer1   0x00242c    program     extern C:\MCC18\src\pmc_common\Timers\t1open.c
              _2jContinue   0x0023bc    program     static C:\MCC18\src\traditional\stdclib\memset.asm
                   _3jEnd   0x0023c6    program     static C:\MCC18\src\traditional\stdclib\memset.asm
              _4jContinue   0x002404    program     static C:\MCC18\src\traditional\stdclib\strncpy.asm
                   _5jEnd   0x00240e    program     static C:\MCC18\src\traditional\stdclib\strncpy.asm
           ___?:_lbl00028   0x000560    program     static                          
           ___?:_lbl00029   0x00055c    program     static                          
         ___else_lbl00004   0x0001be    program     static                          
         ___else_lbl00008   0x001754    program     static                          
         ___else_lbl00009   0x0002cc    program     static                          
         ___else_lbl00016   0x00190e    program     static                          
         ___else_lbl00025   0x001ac8    program     static                          
         ___else_lbl00074   0x000e6e    program     static                          
         ___else_lbl00076   0x000dee    program     static                          
           ___if_lbl00001   0x0001e8    program     static                          
           ___if_lbl00002   0x0001e8    program     static                          
           ___if_lbl00003   0x0001e8    program     static                          
           ___if_lbl00005   0x000222    program     static                          
           ___if_lbl00006   0x000260    program     static                          
           ___if_lbl00007   0x00175e    program     static                          
           ___if_lbl00007   0x0002ca    program     static                          
           ___if_lbl00008   0x0002ce    program     static                          
           ___if_lbl00010   0x0002fc    program     static                          
           ___if_lbl00011   0x00031c    program     static                          
           ___if_lbl00012   0x00031c    program     static                          
           ___if_lbl00013   0x00031c    program     static                          
           ___if_lbl00015   0x001918    program     static                          
           ___if_lbl00018   0x000010    program     static                          
           ___if_lbl00024   0x001ad2    program     static                          
           ___if_lbl00030   0x0005f2    program     static                          
           ___if_lbl00031   0x000678    program     static                          
           ___if_lbl00034   0x00069c    program     static                          
           ___if_lbl00036   0x0006ba    program     static                          
           ___if_lbl00037   0x0006ba    program     static                          
           ___if_lbl00038   0x0006ba    program     static                          
           ___if_lbl00039   0x0006c0    program     static                          
           ___if_lbl00041   0x00070a    program     static                          
           ___if_lbl00073   0x000e72    program     static                          
           ___if_lbl00075   0x000e72    program     static                          
           ___if_lbl00077   0x000e78    program     static                          
       ___return_lbl00000   0x000004    program     static                          
       ___return_lbl00000   0x000320    program     static                          
       ___return_lbl00001   0x002488    program     static                          
       ___return_lbl00002   0x00239a    program     static                          
       ___return_lbl00004   0x001762    program     static                          
       ___return_lbl00010   0x001918    program     static                          
       ___return_lbl00017   0x000010    program     static                          
       ___return_lbl00019   0x001ad2    program     static                          
       ___return_lbl00025   0x0006c6    program     static                          
       ___return_lbl00040   0x00071c    program     static                          
       ___return_lbl00071   0x000e7c    program     static                          
        ___while_lbl00005   0x00169e    program     static                          
        ___while_lbl00006   0x0016b4    program     static                          
        ___while_lbl00011   0x00180e    program     static                          
        ___while_lbl00012   0x001824    program     static                          
        ___while_lbl00013   0x001858    program     static                          
        ___while_lbl00014   0x00186e    program     static                          
        ___while_lbl00020   0x0019c2    program     static                          
        ___while_lbl00021   0x0019d8    program     static                          
        ___while_lbl00022   0x001a12    program     static                          
        ___while_lbl00023   0x001a28    program     static                          
        ___while_lbl00026   0x00053c    program     static                          
        ___while_lbl00027   0x00067a    program     static                          
        ___while_lbl00032   0x000682    program     static                          
        ___while_lbl00033   0x000692    program     static                          
               __config_0   0x300001    program     static C:\Proyectos C18\Proyectos FreeRTOS\FreeRTOS PrimerEjemplo\main.c
               __config_1   0x300002    program     static C:\Proyectos C18\Proyectos FreeRTOS\FreeRTOS PrimerEjemplo\main.c
               __config_2   0x300003    program     static C:\Proyectos C18\Proyectos FreeRTOS\FreeRTOS PrimerEjemplo\main.c
               __config_3   0x300005    program     static C:\Proyectos C18\Proyectos FreeRTOS\FreeRTOS PrimerEjemplo\main.c
               __config_4   0x300006    program     static C:\Proyectos C18\Proyectos FreeRTOS\FreeRTOS PrimerEjemplo\main.c
                   __init   0x000006    program     extern C:\MCC18\src\traditional\stdclib\__init.c
               __string_0   0x00249b    program     static C:\Proyectos C18\Proyectos FreeRTOS\FreeRTOS PrimerEjemplo\main.c
               __string_0   0x00249e    program     static C:\Proyectos C18\Proyectos Sk2550\FreeRTOS\Source\tasks.c
               __string_1   0x002498    program     static C:\Proyectos C18\Proyectos FreeRTOS\FreeRTOS PrimerEjemplo\main.c
               __tmplbl_0   0x0006a8    program     static                          
               __tmplbl_1   0x0006a2    program     static                          
               __tmplbl_2   0x000de8    program     static                          
               __tmplbl_3   0x000dc6    program     static                          
            __zero_memory   0x00248a    program     extern C:\MCC18\src\traditional\proc\p18F4620.asm
                _do_cinit   0x0022fe    program     extern C:\MCC18\src\traditional\startup\c018i.c
                   _entry   0x000000    program     extern C:\MCC18\src\traditional\startup\c018i.c
                 _startup   0x00246e    program     extern C:\MCC18\src\traditional\startup\c018i.c
               clear_loop   0x002490    program     static C:\MCC18\src\traditional\proc\p18F4620.asm
                copy_loop   0x002370    program     static                          
            copy_one_byte   0x002376    program     static                          
                     done   0x00239a    program     static                          
             done_copying   0x002384    program     static                          
                     jEnd   0x0023ce    program     static C:\MCC18\src\traditional\stdclib\memset.asm
                     jEnd   0x00241a    program     static C:\MCC18\src\traditional\stdclib\strncpy.asm
                    jLoop   0x0023f8    program     static C:\MCC18\src\traditional\stdclib\strncpy.asm
                    jLoop   0x0023b0    program     static C:\MCC18\src\traditional\stdclib\memset.asm
                     loop   0x00247e    program     static                          
                     main   0x002104    program     extern C:\Proyectos C18\Proyectos FreeRTOS\FreeRTOS PrimerEjemplo\main.c
                   memset   0x00239c    program     extern C:\MCC18\src\traditional\stdclib\memset.asm
   prvAllocateTCBAndStack   0x0010e0    program     extern C:\Proyectos C18\Proyectos Sk2550\FreeRTOS\Source\tasks.c
prvCheckTasksWaitingTermination   0x0010de    program     extern C:\Proyectos C18\Proyectos Sk2550\FreeRTOS\Source\tasks.c
              prvIdleTask   0x000e92    program     extern C:\Proyectos C18\Proyectos Sk2550\FreeRTOS\Source\tasks.c
prvInitialiseTCBVariables   0x000ebe    program     extern C:\Proyectos C18\Proyectos Sk2550\FreeRTOS\Source\tasks.c
   prvInitialiseTaskLists   0x00104c    program     extern C:\Proyectos C18\Proyectos Sk2550\FreeRTOS\Source\tasks.c
          prvLowInterrupt   0x000008    program     static C:\Proyectos C18\Proyectos Sk2550\FreeRTOS\Source\portable\MPLAB\PIC18F\port.c
   prvSetupTimerInterrupt   0x001ad4    program     static C:\Proyectos C18\Proyectos Sk2550\FreeRTOS\Source\portable\MPLAB\PIC18F\port.c
               prvTickISR   0x00191a    program     static C:\Proyectos C18\Proyectos Sk2550\FreeRTOS\Source\portable\MPLAB\PIC18F\port.c
             pvPortMalloc   0x00220c    program     extern C:\Proyectos C18\Proyectos Sk2550\FreeRTOS\Source\portable\MemMang\heap_1.c
    pxPortInitialiseStack   0x0011f6    program     extern C:\Proyectos C18\Proyectos Sk2550\FreeRTOS\Source\portable\MPLAB\PIC18F\port.c
                  strncpy   0x0023d0    program     extern C:\MCC18\src\traditional\stdclib\strncpy.asm
                     test   0x002318    program     static                          
   uxTaskGetNumberOfTasks   0x00072c    program     extern C:\Proyectos C18\Proyectos Sk2550\FreeRTOS\Source\tasks.c
          vListInitialise   0x001bae    program     extern C:\Proyectos C18\Proyectos Sk2550\FreeRTOS\Source\list.c
      vListInitialiseItem   0x001ca2    program     extern C:\Proyectos C18\Proyectos Sk2550\FreeRTOS\Source\list.c
              vListInsert   0x001e02    program     extern C:\Proyectos C18\Proyectos Sk2550\FreeRTOS\Source\list.c
           vListInsertEnd   0x001cd2    program     extern C:\Proyectos C18\Proyectos Sk2550\FreeRTOS\Source\list.c
              vListRemove   0x001fc6    program     extern C:\Proyectos C18\Proyectos Sk2550\FreeRTOS\Source\list.c
        vPortEndScheduler   0x001764    program     extern C:\Proyectos C18\Proyectos Sk2550\FreeRTOS\Source\portable\MPLAB\PIC18F\port.c
                vPortFree   0x0022bc    program     extern C:\Proyectos C18\Proyectos Sk2550\FreeRTOS\Source\portable\MemMang\heap_1.c
    vPortInitialiseBlocks   0x0022d8    program     extern C:\Proyectos C18\Proyectos Sk2550\FreeRTOS\Source\portable\MemMang\heap_1.c
               vPortYield   0x001766    program     extern C:\Proyectos C18\Proyectos Sk2550\FreeRTOS\Source\portable\MPLAB\PIC18F\port.c
                   vTASK0   0x00219a    program     static C:\Proyectos C18\Proyectos FreeRTOS\FreeRTOS PrimerEjemplo\main.c
                   vTASK1   0x0021d2    program     static C:\Proyectos C18\Proyectos FreeRTOS\FreeRTOS PrimerEjemplo\main.c
               vTaskDelay   0x00033c    program     extern C:\Proyectos C18\Proyectos Sk2550\FreeRTOS\Source\tasks.c
        vTaskEndScheduler   0x0004f0    program     extern C:\Proyectos C18\Proyectos Sk2550\FreeRTOS\Source\tasks.c
       vTaskIncrementTick   0x000734    program     extern C:\Proyectos C18\Proyectos Sk2550\FreeRTOS\Source\tasks.c
         vTaskMissedYield   0x000e8a    program     extern C:\Proyectos C18\Proyectos Sk2550\FreeRTOS\Source\tasks.c
    vTaskPlaceOnEventList   0x000a56    program     extern C:\Proyectos C18\Proyectos Sk2550\FreeRTOS\Source\tasks.c
     vTaskSetTimeOutState   0x000d58    program     extern C:\Proyectos C18\Proyectos Sk2550\FreeRTOS\Source\tasks.c
      vTaskStartScheduler   0x000474    program     extern C:\Proyectos C18\Proyectos Sk2550\FreeRTOS\Source\tasks.c
          vTaskSuspendAll   0x0004fa    program     extern C:\Proyectos C18\Proyectos Sk2550\FreeRTOS\Source\tasks.c
       vTaskSwitchContext   0x00092e    program     extern C:\Proyectos C18\Proyectos Sk2550\FreeRTOS\Source\tasks.c
     xPortGetFreeHeapSize   0x0022e0    program     extern C:\Proyectos C18\Proyectos Sk2550\FreeRTOS\Source\portable\MemMang\heap_1.c
      xPortStartScheduler   0x001682    program     extern C:\Proyectos C18\Proyectos Sk2550\FreeRTOS\Source\portable\MPLAB\PIC18F\port.c
     xTaskCheckForTimeOut   0x000d9a    program     extern C:\Proyectos C18\Proyectos Sk2550\FreeRTOS\Source\tasks.c
       xTaskGenericCreate   0x00002c    program     extern C:\Proyectos C18\Proyectos Sk2550\FreeRTOS\Source\tasks.c
        xTaskGetTickCount   0x0006e2    program     extern C:\Proyectos C18\Proyectos Sk2550\FreeRTOS\Source\tasks.c
 xTaskRemoveFromEventList   0x000b90    program     extern C:\Proyectos C18\Proyectos Sk2550\FreeRTOS\Source\tasks.c
           xTaskResumeAll   0x000500    program     extern C:\Proyectos C18\Proyectos Sk2550\FreeRTOS\Source\tasks.c
                   ADCON0   0x000fc2       data     extern C:\MCC18\src\traditional\proc\p18F4620.asm
               ADCON0bits   0x000fc2       data     extern C:\MCC18\src\traditional\proc\p18F4620.asm
                   ADCON1   0x000fc1       data     extern C:\MCC18\src\traditional\proc\p18F4620.asm
               ADCON1bits   0x000fc1       data     extern C:\MCC18\src\traditional\proc\p18F4620.asm
                   ADCON2   0x000fc0       data     extern C:\MCC18\src\traditional\proc\p18F4620.asm
               ADCON2bits   0x000fc0       data     extern C:\MCC18\src\traditional\proc\p18F4620.asm
                    ADRES   0x000fc3       data     extern C:\MCC18\src\traditional\proc\p18F4620.asm
                   ADRESH   0x000fc4       data     extern C:\MCC18\src\traditional\proc\p18F4620.asm
                   ADRESL   0x000fc3       data     extern C:\MCC18\src\traditional\proc\p18F4620.asm
                  BAUDCON   0x000fb8       data     extern C:\MCC18\src\traditional\proc\p18F4620.asm
              BAUDCONbits   0x000fb8       data     extern C:\MCC18\src\traditional\proc\p18F4620.asm
                  BAUDCTL   0x000fb8       data     extern C:\MCC18\src\traditional\proc\p18F4620.asm
              BAUDCTLbits   0x000fb8       data     extern C:\MCC18\src\traditional\proc\p18F4620.asm
                      BSR   0x000fe0       data     extern C:\MCC18\src\traditional\proc\p18F4620.asm
                  CCP1CON   0x000fbd       data     extern C:\MCC18\src\traditional\proc\p18F4620.asm
              CCP1CONbits   0x000fbd       data     extern C:\MCC18\src\traditional\proc\p18F4620.asm
                  CCP2CON   0x000fba       data     extern C:\MCC18\src\traditional\proc\p18F4620.asm
              CCP2CONbits   0x000fba       data     extern C:\MCC18\src\traditional\proc\p18F4620.asm
                    CCPR1   0x000fbe       data     extern C:\MCC18\src\traditional\proc\p18F4620.asm
                   CCPR1H   0x000fbf       data     extern C:\MCC18\src\traditional\proc\p18F4620.asm
                   CCPR1L   0x000fbe       data     extern C:\MCC18\src\traditional\proc\p18F4620.asm
                    CCPR2   0x000fbb       data     extern C:\MCC18\src\traditional\proc\p18F4620.asm
                   CCPR2H   0x000fbc       data     extern C:\MCC18\src\traditional\proc\p18F4620.asm
                   CCPR2L   0x000fbb       data     extern C:\MCC18\src\traditional\proc\p18F4620.asm
                    CMCON   0x000fb4       data     extern C:\MCC18\src\traditional\proc\p18F4620.asm
                CMCONbits   0x000fb4       data     extern C:\MCC18\src\traditional\proc\p18F4620.asm
                   CVRCON   0x000fb5       data     extern C:\MCC18\src\traditional\proc\p18F4620.asm
               CVRCONbits   0x000fb5       data     extern C:\MCC18\src\traditional\proc\p18F4620.asm
                     DDRA   0x000f92       data     extern C:\MCC18\src\traditional\proc\p18F4620.asm
                 DDRAbits   0x000f92       data     extern C:\MCC18\src\traditional\proc\p18F4620.asm
                     DDRB   0x000f93       data     extern C:\MCC18\src\traditional\proc\p18F4620.asm
                 DDRBbits   0x000f93       data     extern C:\MCC18\src\traditional\proc\p18F4620.asm
                     DDRC   0x000f94       data     extern C:\MCC18\src\traditional\proc\p18F4620.asm
                 DDRCbits   0x000f94       data     extern C:\MCC18\src\traditional\proc\p18F4620.asm
                     DDRD   0x000f95       data     extern C:\MCC18\src\traditional\proc\p18F4620.asm
                 DDRDbits   0x000f95       data     extern C:\MCC18\src\traditional\proc\p18F4620.asm
                     DDRE   0x000f96       data     extern C:\MCC18\src\traditional\proc\p18F4620.asm
                 DDREbits   0x000f96       data     extern C:\MCC18\src\traditional\proc\p18F4620.asm
                    DEBUG   0x000fd4       data     extern C:\MCC18\src\traditional\proc\p18F4620.asm
                  ECCP1AS   0x000fb6       data     extern C:\MCC18\src\traditional\proc\p18F4620.asm
              ECCP1ASbits   0x000fb6       data     extern C:\MCC18\src\traditional\proc\p18F4620.asm
                    EEADR   0x000fa9       data     extern C:\MCC18\src\traditional\proc\p18F4620.asm
                   EEADRH   0x000faa       data     extern C:\MCC18\src\traditional\proc\p18F4620.asm
                   EECON1   0x000fa6       data     extern C:\MCC18\src\traditional\proc\p18F4620.asm
               EECON1bits   0x000fa6       data     extern C:\MCC18\src\traditional\proc\p18F4620.asm
                   EECON2   0x000fa7       data     extern C:\MCC18\src\traditional\proc\p18F4620.asm
                   EEDATA   0x000fa8       data     extern C:\MCC18\src\traditional\proc\p18F4620.asm
                     FSR0   0x000fe9       data     extern C:\MCC18\src\traditional\proc\p18F4620.asm
                    FSR0H   0x000fea       data     extern C:\MCC18\src\traditional\proc\p18F4620.asm
                    FSR0L   0x000fe9       data     extern C:\MCC18\src\traditional\proc\p18F4620.asm
                     FSR1   0x000fe1       data     extern C:\MCC18\src\traditional\proc\p18F4620.asm
                    FSR1H   0x000fe2       data     extern C:\MCC18\src\traditional\proc\p18F4620.asm
                    FSR1L   0x000fe1       data     extern C:\MCC18\src\traditional\proc\p18F4620.asm
                     FSR2   0x000fd9       data     extern C:\MCC18\src\traditional\proc\p18F4620.asm
                    FSR2H   0x000fda       data     extern C:\MCC18\src\traditional\proc\p18F4620.asm
                    FSR2L   0x000fd9       data     extern C:\MCC18\src\traditional\proc\p18F4620.asm
                  HLVDCON   0x000fd2       data     extern C:\MCC18\src\traditional\proc\p18F4620.asm
              HLVDCONbits   0x000fd2       data     extern C:\MCC18\src\traditional\proc\p18F4620.asm
                    INDF0   0x000fef       data     extern C:\MCC18\src\traditional\proc\p18F4620.asm
                    INDF1   0x000fe7       data     extern C:\MCC18\src\traditional\proc\p18F4620.asm
                    INDF2   0x000fdf       data     extern C:\MCC18\src\traditional\proc\p18F4620.asm
                   INTCON   0x000ff2       data     extern C:\MCC18\src\traditional\proc\p18F4620.asm
                  INTCON2   0x000ff1       data     extern C:\MCC18\src\traditional\proc\p18F4620.asm
              INTCON2bits   0x000ff1       data     extern C:\MCC18\src\traditional\proc\p18F4620.asm
                  INTCON3   0x000ff0       data     extern C:\MCC18\src\traditional\proc\p18F4620.asm
              INTCON3bits   0x000ff0       data     extern C:\MCC18\src\traditional\proc\p18F4620.asm
               INTCONbits   0x000ff2       data     extern C:\MCC18\src\traditional\proc\p18F4620.asm
                     IPR1   0x000f9f       data     extern C:\MCC18\src\traditional\proc\p18F4620.asm
                 IPR1bits   0x000f9f       data     extern C:\MCC18\src\traditional\proc\p18F4620.asm
                     IPR2   0x000fa2       data     extern C:\MCC18\src\traditional\proc\p18F4620.asm
                 IPR2bits   0x000fa2       data     extern C:\MCC18\src\traditional\proc\p18F4620.asm
                     LATA   0x000f89       data     extern C:\MCC18\src\traditional\proc\p18F4620.asm
                 LATAbits   0x000f89       data     extern C:\MCC18\src\traditional\proc\p18F4620.asm
                     LATB   0x000f8a       data     extern C:\MCC18\src\traditional\proc\p18F4620.asm
                 LATBbits   0x000f8a       data     extern C:\MCC18\src\traditional\proc\p18F4620.asm
                     LATC   0x000f8b       data     extern C:\MCC18\src\traditional\proc\p18F4620.asm
                 LATCbits   0x000f8b       data     extern C:\MCC18\src\traditional\proc\p18F4620.asm
                     LATD   0x000f8c       data     extern C:\MCC18\src\traditional\proc\p18F4620.asm
                 LATDbits   0x000f8c       data     extern C:\MCC18\src\traditional\proc\p18F4620.asm
                     LATE   0x000f8d       data     extern C:\MCC18\src\traditional\proc\p18F4620.asm
                 LATEbits   0x000f8d       data     extern C:\MCC18\src\traditional\proc\p18F4620.asm
                   LVDCON   0x000fd2       data     extern C:\MCC18\src\traditional\proc\p18F4620.asm
               LVDCONbits   0x000fd2       data     extern C:\MCC18\src\traditional\proc\p18F4620.asm
                   OSCCON   0x000fd3       data     extern C:\MCC18\src\traditional\proc\p18F4620.asm
               OSCCONbits   0x000fd3       data     extern C:\MCC18\src\traditional\proc\p18F4620.asm
                  OSCTUNE   0x000f9b       data     extern C:\MCC18\src\traditional\proc\p18F4620.asm
              OSCTUNEbits   0x000f9b       data     extern C:\MCC18\src\traditional\proc\p18F4620.asm
                       PC   0x000ff9       data     extern C:\MCC18\src\traditional\proc\p18F4620.asm
                      PCL   0x000ff9       data     extern C:\MCC18\src\traditional\proc\p18F4620.asm
                   PCLATH   0x000ffa       data     extern C:\MCC18\src\traditional\proc\p18F4620.asm
                   PCLATU   0x000ffb       data     extern C:\MCC18\src\traditional\proc\p18F4620.asm
                     PIE1   0x000f9d       data     extern C:\MCC18\src\traditional\proc\p18F4620.asm
                 PIE1bits   0x000f9d       data     extern C:\MCC18\src\traditional\proc\p18F4620.asm
                     PIE2   0x000fa0       data     extern C:\MCC18\src\traditional\proc\p18F4620.asm
                 PIE2bits   0x000fa0       data     extern C:\MCC18\src\traditional\proc\p18F4620.asm
                     PIR1   0x000f9e       data     extern C:\MCC18\src\traditional\proc\p18F4620.asm
                 PIR1bits   0x000f9e       data     extern C:\MCC18\src\traditional\proc\p18F4620.asm
                     PIR2   0x000fa1       data     extern C:\MCC18\src\traditional\proc\p18F4620.asm
                 PIR2bits   0x000fa1       data     extern C:\MCC18\src\traditional\proc\p18F4620.asm
                   PLUSW0   0x000feb       data     extern C:\MCC18\src\traditional\proc\p18F4620.asm
                   PLUSW1   0x000fe3       data     extern C:\MCC18\src\traditional\proc\p18F4620.asm
                   PLUSW2   0x000fdb       data     extern C:\MCC18\src\traditional\proc\p18F4620.asm
                    PORTA   0x000f80       data     extern C:\MCC18\src\traditional\proc\p18F4620.asm
                PORTAbits   0x000f80       data     extern C:\MCC18\src\traditional\proc\p18F4620.asm
                    PORTB   0x000f81       data     extern C:\MCC18\src\traditional\proc\p18F4620.asm
                PORTBbits   0x000f81       data     extern C:\MCC18\src\traditional\proc\p18F4620.asm
                    PORTC   0x000f82       data     extern C:\MCC18\src\traditional\proc\p18F4620.asm
                PORTCbits   0x000f82       data     extern C:\MCC18\src\traditional\proc\p18F4620.asm
                    PORTD   0x000f83       data     extern C:\MCC18\src\traditional\proc\p18F4620.asm
                PORTDbits   0x000f83       data     extern C:\MCC18\src\traditional\proc\p18F4620.asm
                    PORTE   0x000f84       data     extern C:\MCC18\src\traditional\proc\p18F4620.asm
                PORTEbits   0x000f84       data     extern C:\MCC18\src\traditional\proc\p18F4620.asm
                 POSTDEC0   0x000fed       data     extern C:\MCC18\src\traditional\proc\p18F4620.asm
                 POSTDEC1   0x000fe5       data     extern C:\MCC18\src\traditional\proc\p18F4620.asm
                 POSTDEC2   0x000fdd       data     extern C:\MCC18\src\traditional\proc\p18F4620.asm
                 POSTINC0   0x000fee       data     extern C:\MCC18\src\traditional\proc\p18F4620.asm
                 POSTINC1   0x000fe6       data     extern C:\MCC18\src\traditional\proc\p18F4620.asm
                 POSTINC2   0x000fde       data     extern C:\MCC18\src\traditional\proc\p18F4620.asm
                      PR2   0x000fcb       data     extern C:\MCC18\src\traditional\proc\p18F4620.asm
                  PREINC0   0x000fec       data     extern C:\MCC18\src\traditional\proc\p18F4620.asm
                  PREINC1   0x000fe4       data     extern C:\MCC18\src\traditional\proc\p18F4620.asm
                  PREINC2   0x000fdc       data     extern C:\MCC18\src\traditional\proc\p18F4620.asm
                     PROD   0x000ff3       data     extern C:\MCC18\src\traditional\proc\p18F4620.asm
                    PRODH   0x000ff4       data     extern C:\MCC18\src\traditional\proc\p18F4620.asm
                    PRODL   0x000ff3       data     extern C:\MCC18\src\traditional\proc\p18F4620.asm
                  PWM1CON   0x000fb7       data     extern C:\MCC18\src\traditional\proc\p18F4620.asm
              PWM1CONbits   0x000fb7       data     extern C:\MCC18\src\traditional\proc\p18F4620.asm
                     RCON   0x000fd0       data     extern C:\MCC18\src\traditional\proc\p18F4620.asm
                 RCONbits   0x000fd0       data     extern C:\MCC18\src\traditional\proc\p18F4620.asm
                    RCREG   0x000fae       data     extern C:\MCC18\src\traditional\proc\p18F4620.asm
                    RCSTA   0x000fab       data     extern C:\MCC18\src\traditional\proc\p18F4620.asm
                RCSTAbits   0x000fab       data     extern C:\MCC18\src\traditional\proc\p18F4620.asm
                     SIGN   0x000009       data     extern C:\MCC18\src\traditional\math\cmath18.asm
                    SPBRG   0x000faf       data     extern C:\MCC18\src\traditional\proc\p18F4620.asm
                   SPBRGH   0x000fb0       data     extern C:\MCC18\src\traditional\proc\p18F4620.asm
                   SSPADD   0x000fc8       data     extern C:\MCC18\src\traditional\proc\p18F4620.asm
                   SSPBUF   0x000fc9       data     extern C:\MCC18\src\traditional\proc\p18F4620.asm
                  SSPCON1   0x000fc6       data     extern C:\MCC18\src\traditional\proc\p18F4620.asm
              SSPCON1bits   0x000fc6       data     extern C:\MCC18\src\traditional\proc\p18F4620.asm
                  SSPCON2   0x000fc5       data     extern C:\MCC18\src\traditional\proc\p18F4620.asm
              SSPCON2bits   0x000fc5       data     extern C:\MCC18\src\traditional\proc\p18F4620.asm
                  SSPSTAT   0x000fc7       data     extern C:\MCC18\src\traditional\proc\p18F4620.asm
              SSPSTATbits   0x000fc7       data     extern C:\MCC18\src\traditional\proc\p18F4620.asm
                   STATUS   0x000fd8       data     extern C:\MCC18\src\traditional\proc\p18F4620.asm
               STATUSbits   0x000fd8       data     extern C:\MCC18\src\traditional\proc\p18F4620.asm
                   STKPTR   0x000ffc       data     extern C:\MCC18\src\traditional\proc\p18F4620.asm
               STKPTRbits   0x000ffc       data     extern C:\MCC18\src\traditional\proc\p18F4620.asm
                    T0CON   0x000fd5       data     extern C:\MCC18\src\traditional\proc\p18F4620.asm
                T0CONbits   0x000fd5       data     extern C:\MCC18\src\traditional\proc\p18F4620.asm
                    T1CON   0x000fcd       data     extern C:\MCC18\src\traditional\proc\p18F4620.asm
                T1CONbits   0x000fcd       data     extern C:\MCC18\src\traditional\proc\p18F4620.asm
                    T2CON   0x000fca       data     extern C:\MCC18\src\traditional\proc\p18F4620.asm
                T2CONbits   0x000fca       data     extern C:\MCC18\src\traditional\proc\p18F4620.asm
                    T3CON   0x000fb1       data     extern C:\MCC18\src\traditional\proc\p18F4620.asm
                T3CONbits   0x000fb1       data     extern C:\MCC18\src\traditional\proc\p18F4620.asm
                   TABLAT   0x000ff5       data     extern C:\MCC18\src\traditional\proc\p18F4620.asm
                   TBLPTR   0x000ff6       data     extern C:\MCC18\src\traditional\proc\p18F4620.asm
                  TBLPTRH   0x000ff7       data     extern C:\MCC18\src\traditional\proc\p18F4620.asm
                  TBLPTRL   0x000ff6       data     extern C:\MCC18\src\traditional\proc\p18F4620.asm
                  TBLPTRU   0x000ff8       data     extern C:\MCC18\src\traditional\proc\p18F4620.asm
                    TMR0H   0x000fd7       data     extern C:\MCC18\src\traditional\proc\p18F4620.asm
                    TMR0L   0x000fd6       data     extern C:\MCC18\src\traditional\proc\p18F4620.asm
                    TMR1H   0x000fcf       data     extern C:\MCC18\src\traditional\proc\p18F4620.asm
                    TMR1L   0x000fce       data     extern C:\MCC18\src\traditional\proc\p18F4620.asm
                     TMR2   0x000fcc       data     extern C:\MCC18\src\traditional\proc\p18F4620.asm
                    TMR3H   0x000fb3       data     extern C:\MCC18\src\traditional\proc\p18F4620.asm
                    TMR3L   0x000fb2       data     extern C:\MCC18\src\traditional\proc\p18F4620.asm
                      TOS   0x000ffd       data     extern C:\MCC18\src\traditional\proc\p18F4620.asm
                     TOSH   0x000ffe       data     extern C:\MCC18\src\traditional\proc\p18F4620.asm
                     TOSL   0x000ffd       data     extern C:\MCC18\src\traditional\proc\p18F4620.asm
                     TOSU   0x000fff       data     extern C:\MCC18\src\traditional\proc\p18F4620.asm
                    TRISA   0x000f92       data     extern C:\MCC18\src\traditional\proc\p18F4620.asm
                TRISAbits   0x000f92       data     extern C:\MCC18\src\traditional\proc\p18F4620.asm
                    TRISB   0x000f93       data     extern C:\MCC18\src\traditional\proc\p18F4620.asm
                TRISBbits   0x000f93       data     extern C:\MCC18\src\traditional\proc\p18F4620.asm
                    TRISC   0x000f94       data     extern C:\MCC18\src\traditional\proc\p18F4620.asm
                TRISCbits   0x000f94       data     extern C:\MCC18\src\traditional\proc\p18F4620.asm
                    TRISD   0x000f95       data     extern C:\MCC18\src\traditional\proc\p18F4620.asm
                TRISDbits   0x000f95       data     extern C:\MCC18\src\traditional\proc\p18F4620.asm
                    TRISE   0x000f96       data     extern C:\MCC18\src\traditional\proc\p18F4620.asm
                TRISEbits   0x000f96       data     extern C:\MCC18\src\traditional\proc\p18F4620.asm
                    TXREG   0x000fad       data     extern C:\MCC18\src\traditional\proc\p18F4620.asm
                    TXSTA   0x000fac       data     extern C:\MCC18\src\traditional\proc\p18F4620.asm
                TXSTAbits   0x000fac       data     extern C:\MCC18\src\traditional\proc\p18F4620.asm
                        W   0x000fe8       data     extern C:\MCC18\src\traditional\proc\p18F4620.asm
                   WDTCON   0x000fd1       data     extern C:\MCC18\src\traditional\proc\p18F4620.asm
               WDTCONbits   0x000fd1       data     extern C:\MCC18\src\traditional\proc\p18F4620.asm
                     WREG   0x000fe8       data     extern C:\MCC18\src\traditional\proc\p18F4620.asm
                 __AARGB0   0x000007       data     extern C:\MCC18\src\traditional\math\aarg.asm
                 __AARGB1   0x000006       data     extern C:\MCC18\src\traditional\math\aarg.asm
                 __AARGB2   0x000005       data     extern C:\MCC18\src\traditional\math\aarg.asm
                 __AARGB3   0x000004       data     extern C:\MCC18\src\traditional\math\aarg.asm
                 __AARGB4   0x000003       data     extern C:\MCC18\src\traditional\math\aarg.asm
                 __AARGB5   0x000002       data     extern C:\MCC18\src\traditional\math\aarg.asm
                 __AARGB6   0x000001       data     extern C:\MCC18\src\traditional\math\aarg.asm
                 __AARGB7   0x000000       data     extern C:\MCC18\src\traditional\math\aarg.asm
                   __AEXP   0x000008       data     extern C:\MCC18\src\traditional\math\aarg.asm
                __FPFLAGS   0x00000a       data     extern C:\MCC18\src\traditional\math\cmath18.asm
            __FPFLAGSbits   0x00000a       data     extern C:\MCC18\src\traditional\math\cmath18.asm
                  __REMB0   0x000003       data     extern C:\MCC18\src\traditional\math\aarg.asm
                  __REMB1   0x000002       data     extern C:\MCC18\src\traditional\math\aarg.asm
                  __REMB2   0x000001       data     extern C:\MCC18\src\traditional\math\aarg.asm
                  __REMB3   0x000000       data     extern C:\MCC18\src\traditional\math\aarg.asm
                  __tmp_0   0x00000b       data     static C:\Proyectos C18\Proyectos Sk2550\FreeRTOS\Source\tasks.c
                  __tmp_0   0x00000b       data     static C:\Proyectos C18\Proyectos FreeRTOS\FreeRTOS PrimerEjemplo\main.c
                  __tmp_0   0x00000b       data     static C:\Proyectos C18\Proyectos Sk2550\FreeRTOS\Source\portable\MPLAB\PIC18F\port.c
                  __tmp_0   0x00000b       data     static C:\Proyectos C18\Proyectos Sk2550\FreeRTOS\Source\portable\MemMang\heap_1.c
                  __tmp_0   0x00000b       data     static C:\Proyectos C18\Proyectos Sk2550\FreeRTOS\Source\list.c
                curr_byte   0x0005d3       data     static C:\MCC18\src\traditional\startup\c018i.c
               curr_entry   0x0005d5       data     static C:\MCC18\src\traditional\startup\c018i.c
                 data_ptr   0x0005d7       data     static C:\MCC18\src\traditional\startup\c018i.c
                     prom   0x0005d0       data     static C:\MCC18\src\traditional\startup\c018i.c
             pxCurrentTCB   0x0005c3       data     extern C:\Proyectos C18\Proyectos Sk2550\FreeRTOS\Source\tasks.c
        pxDelayedTaskList   0x0005b6       data     extern C:\Proyectos C18\Proyectos Sk2550\FreeRTOS\Source\tasks.c
pxOverflowDelayedTaskList   0x0005b8       data     extern C:\Proyectos C18\Proyectos Sk2550\FreeRTOS\Source\tasks.c
        pxReadyTasksLists   0x000580       data     extern C:\Proyectos C18\Proyectos Sk2550\FreeRTOS\Source\tasks.c
   uxCurrentNumberOfTasks   0x0005c5       data     extern C:\Proyectos C18\Proyectos Sk2550\FreeRTOS\Source\tasks.c
            uxMissedTicks   0x0005cc       data     extern C:\Proyectos C18\Proyectos Sk2550\FreeRTOS\Source\tasks.c
     uxSchedulerSuspended   0x0005cb       data     extern C:\Proyectos C18\Proyectos Sk2550\FreeRTOS\Source\tasks.c
             uxTaskNumber   0x0005cf       data     extern C:\Proyectos C18\Proyectos Sk2550\FreeRTOS\Source\tasks.c
       uxTopReadyPriority   0x0005c9       data     extern C:\Proyectos C18\Proyectos Sk2550\FreeRTOS\Source\tasks.c
        uxTopUsedPriority   0x0005c8       data     extern C:\Proyectos C18\Proyectos Sk2550\FreeRTOS\Source\tasks.c
        xDelayedTaskList1   0x0005a4       data     extern C:\Proyectos C18\Proyectos Sk2550\FreeRTOS\Source\tasks.c
        xDelayedTaskList2   0x0005ad       data     extern C:\Proyectos C18\Proyectos Sk2550\FreeRTOS\Source\tasks.c
                    xHeap   0x000180       data     static C:\Proyectos C18\Proyectos Sk2550\FreeRTOS\Source\portable\MemMang\heap_1.c
             xMissedYield   0x0005cd       data     extern C:\Proyectos C18\Proyectos Sk2550\FreeRTOS\Source\tasks.c
            xNextFreeByte   0x0005da       data     static C:\Proyectos C18\Proyectos Sk2550\FreeRTOS\Source\portable\MemMang\heap_1.c
          xNumOfOverflows   0x0005ce       data     extern C:\Proyectos C18\Proyectos Sk2550\FreeRTOS\Source\tasks.c
        xPendingReadyList   0x0005ba       data     extern C:\Proyectos C18\Proyectos Sk2550\FreeRTOS\Source\tasks.c
        xSchedulerRunning   0x0005ca       data     extern C:\Proyectos C18\Proyectos Sk2550\FreeRTOS\Source\tasks.c
               xTickCount   0x0005c6       data     extern C:\Proyectos C18\Proyectos Sk2550\FreeRTOS\Source\tasks.c



                              Symbols - Sorted by Address
                     Name    Address   Location    Storage File                     
                ---------  ---------  ---------  --------- ---------                
                   _entry   0x000000    program     extern C:\MCC18\src\traditional\startup\c018i.c
       ___return_lbl00000   0x000004    program     static                          
                   __init   0x000006    program     extern C:\MCC18\src\traditional\stdclib\__init.c
          prvLowInterrupt   0x000008    program     static C:\Proyectos C18\Proyectos Sk2550\FreeRTOS\Source\portable\MPLAB\PIC18F\port.c
       ___return_lbl00017   0x000010    program     static                          
           ___if_lbl00018   0x000010    program     static                          
       xTaskGenericCreate   0x00002c    program     extern C:\Proyectos C18\Proyectos Sk2550\FreeRTOS\Source\tasks.c
         ___else_lbl00004   0x0001be    program     static                          
           ___if_lbl00003   0x0001e8    program     static                          
           ___if_lbl00002   0x0001e8    program     static                          
           ___if_lbl00001   0x0001e8    program     static                          
           ___if_lbl00005   0x000222    program     static                          
           ___if_lbl00006   0x000260    program     static                          
           ___if_lbl00007   0x0002ca    program     static                          
         ___else_lbl00009   0x0002cc    program     static                          
           ___if_lbl00008   0x0002ce    program     static                          
           ___if_lbl00010   0x0002fc    program     static                          
           ___if_lbl00011   0x00031c    program     static                          
           ___if_lbl00012   0x00031c    program     static                          
           ___if_lbl00013   0x00031c    program     static                          
       ___return_lbl00000   0x000320    program     static                          
               vTaskDelay   0x00033c    program     extern C:\Proyectos C18\Proyectos Sk2550\FreeRTOS\Source\tasks.c
      vTaskStartScheduler   0x000474    program     extern C:\Proyectos C18\Proyectos Sk2550\FreeRTOS\Source\tasks.c
        vTaskEndScheduler   0x0004f0    program     extern C:\Proyectos C18\Proyectos Sk2550\FreeRTOS\Source\tasks.c
          vTaskSuspendAll   0x0004fa    program     extern C:\Proyectos C18\Proyectos Sk2550\FreeRTOS\Source\tasks.c
           xTaskResumeAll   0x000500    program     extern C:\Proyectos C18\Proyectos Sk2550\FreeRTOS\Source\tasks.c
        ___while_lbl00026   0x00053c    program     static                          
           ___?:_lbl00029   0x00055c    program     static                          
           ___?:_lbl00028   0x000560    program     static                          
           ___if_lbl00030   0x0005f2    program     static                          
           ___if_lbl00031   0x000678    program     static                          
        ___while_lbl00027   0x00067a    program     static                          
        ___while_lbl00032   0x000682    program     static                          
        ___while_lbl00033   0x000692    program     static                          
           ___if_lbl00034   0x00069c    program     static                          
               __tmplbl_1   0x0006a2    program     static                          
               __tmplbl_0   0x0006a8    program     static                          
           ___if_lbl00038   0x0006ba    program     static                          
           ___if_lbl00037   0x0006ba    program     static                          
           ___if_lbl00036   0x0006ba    program     static                          
           ___if_lbl00039   0x0006c0    program     static                          
       ___return_lbl00025   0x0006c6    program     static                          
        xTaskGetTickCount   0x0006e2    program     extern C:\Proyectos C18\Proyectos Sk2550\FreeRTOS\Source\tasks.c
           ___if_lbl00041   0x00070a    program     static                          
       ___return_lbl00040   0x00071c    program     static                          
   uxTaskGetNumberOfTasks   0x00072c    program     extern C:\Proyectos C18\Proyectos Sk2550\FreeRTOS\Source\tasks.c
       vTaskIncrementTick   0x000734    program     extern C:\Proyectos C18\Proyectos Sk2550\FreeRTOS\Source\tasks.c
       vTaskSwitchContext   0x00092e    program     extern C:\Proyectos C18\Proyectos Sk2550\FreeRTOS\Source\tasks.c
    vTaskPlaceOnEventList   0x000a56    program     extern C:\Proyectos C18\Proyectos Sk2550\FreeRTOS\Source\tasks.c
 xTaskRemoveFromEventList   0x000b90    program     extern C:\Proyectos C18\Proyectos Sk2550\FreeRTOS\Source\tasks.c
     vTaskSetTimeOutState   0x000d58    program     extern C:\Proyectos C18\Proyectos Sk2550\FreeRTOS\Source\tasks.c
     xTaskCheckForTimeOut   0x000d9a    program     extern C:\Proyectos C18\Proyectos Sk2550\FreeRTOS\Source\tasks.c
               __tmplbl_3   0x000dc6    program     static                          
               __tmplbl_2   0x000de8    program     static                          
         ___else_lbl00076   0x000dee    program     static                          
         ___else_lbl00074   0x000e6e    program     static                          
           ___if_lbl00075   0x000e72    program     static                          
           ___if_lbl00073   0x000e72    program     static                          
           ___if_lbl00077   0x000e78    program     static                          
       ___return_lbl00071   0x000e7c    program     static                          
         vTaskMissedYield   0x000e8a    program     extern C:\Proyectos C18\Proyectos Sk2550\FreeRTOS\Source\tasks.c
              prvIdleTask   0x000e92    program     extern C:\Proyectos C18\Proyectos Sk2550\FreeRTOS\Source\tasks.c
prvInitialiseTCBVariables   0x000ebe    program     extern C:\Proyectos C18\Proyectos Sk2550\FreeRTOS\Source\tasks.c
   prvInitialiseTaskLists   0x00104c    program     extern C:\Proyectos C18\Proyectos Sk2550\FreeRTOS\Source\tasks.c
prvCheckTasksWaitingTermination   0x0010de    program     extern C:\Proyectos C18\Proyectos Sk2550\FreeRTOS\Source\tasks.c
   prvAllocateTCBAndStack   0x0010e0    program     extern C:\Proyectos C18\Proyectos Sk2550\FreeRTOS\Source\tasks.c
    pxPortInitialiseStack   0x0011f6    program     extern C:\Proyectos C18\Proyectos Sk2550\FreeRTOS\Source\portable\MPLAB\PIC18F\port.c
      xPortStartScheduler   0x001682    program     extern C:\Proyectos C18\Proyectos Sk2550\FreeRTOS\Source\portable\MPLAB\PIC18F\port.c
        ___while_lbl00005   0x00169e    program     static                          
        ___while_lbl00006   0x0016b4    program     static                          
         ___else_lbl00008   0x001754    program     static                          
           ___if_lbl00007   0x00175e    program     static                          
       ___return_lbl00004   0x001762    program     static                          
        vPortEndScheduler   0x001764    program     extern C:\Proyectos C18\Proyectos Sk2550\FreeRTOS\Source\portable\MPLAB\PIC18F\port.c
               vPortYield   0x001766    program     extern C:\Proyectos C18\Proyectos Sk2550\FreeRTOS\Source\portable\MPLAB\PIC18F\port.c
        ___while_lbl00011   0x00180e    program     static                          
        ___while_lbl00012   0x001824    program     static                          
        ___while_lbl00013   0x001858    program     static                          
        ___while_lbl00014   0x00186e    program     static                          
         ___else_lbl00016   0x00190e    program     static                          
       ___return_lbl00010   0x001918    program     static                          
           ___if_lbl00015   0x001918    program     static                          
               prvTickISR   0x00191a    program     static C:\Proyectos C18\Proyectos Sk2550\FreeRTOS\Source\portable\MPLAB\PIC18F\port.c
        ___while_lbl00020   0x0019c2    program     static                          
        ___while_lbl00021   0x0019d8    program     static                          
        ___while_lbl00022   0x001a12    program     static                          
        ___while_lbl00023   0x001a28    program     static                          
         ___else_lbl00025   0x001ac8    program     static                          
           ___if_lbl00024   0x001ad2    program     static                          
       ___return_lbl00019   0x001ad2    program     static                          
   prvSetupTimerInterrupt   0x001ad4    program     static C:\Proyectos C18\Proyectos Sk2550\FreeRTOS\Source\portable\MPLAB\PIC18F\port.c
          vListInitialise   0x001bae    program     extern C:\Proyectos C18\Proyectos Sk2550\FreeRTOS\Source\list.c
      vListInitialiseItem   0x001ca2    program     extern C:\Proyectos C18\Proyectos Sk2550\FreeRTOS\Source\list.c
           vListInsertEnd   0x001cd2    program     extern C:\Proyectos C18\Proyectos Sk2550\FreeRTOS\Source\list.c
              vListInsert   0x001e02    program     extern C:\Proyectos C18\Proyectos Sk2550\FreeRTOS\Source\list.c
              vListRemove   0x001fc6    program     extern C:\Proyectos C18\Proyectos Sk2550\FreeRTOS\Source\list.c
                     main   0x002104    program     extern C:\Proyectos C18\Proyectos FreeRTOS\FreeRTOS PrimerEjemplo\main.c
                   vTASK0   0x00219a    program     static C:\Proyectos C18\Proyectos FreeRTOS\FreeRTOS PrimerEjemplo\main.c
                   vTASK1   0x0021d2    program     static C:\Proyectos C18\Proyectos FreeRTOS\FreeRTOS PrimerEjemplo\main.c
             pvPortMalloc   0x00220c    program     extern C:\Proyectos C18\Proyectos Sk2550\FreeRTOS\Source\portable\MemMang\heap_1.c
                vPortFree   0x0022bc    program     extern C:\Proyectos C18\Proyectos Sk2550\FreeRTOS\Source\portable\MemMang\heap_1.c
    vPortInitialiseBlocks   0x0022d8    program     extern C:\Proyectos C18\Proyectos Sk2550\FreeRTOS\Source\portable\MemMang\heap_1.c
     xPortGetFreeHeapSize   0x0022e0    program     extern C:\Proyectos C18\Proyectos Sk2550\FreeRTOS\Source\portable\MemMang\heap_1.c
                _do_cinit   0x0022fe    program     extern C:\MCC18\src\traditional\startup\c018i.c
                     test   0x002318    program     static                          
                copy_loop   0x002370    program     static                          
            copy_one_byte   0x002376    program     static                          
             done_copying   0x002384    program     static                          
       ___return_lbl00002   0x00239a    program     static                          
                     done   0x00239a    program     static                          
                   memset   0x00239c    program     extern C:\MCC18\src\traditional\stdclib\memset.asm
                    jLoop   0x0023b0    program     static C:\MCC18\src\traditional\stdclib\memset.asm
              _2jContinue   0x0023bc    program     static C:\MCC18\src\traditional\stdclib\memset.asm
                   _3jEnd   0x0023c6    program     static C:\MCC18\src\traditional\stdclib\memset.asm
                     jEnd   0x0023ce    program     static C:\MCC18\src\traditional\stdclib\memset.asm
                  strncpy   0x0023d0    program     extern C:\MCC18\src\traditional\stdclib\strncpy.asm
                    jLoop   0x0023f8    program     static C:\MCC18\src\traditional\stdclib\strncpy.asm
              _4jContinue   0x002404    program     static C:\MCC18\src\traditional\stdclib\strncpy.asm
                   _5jEnd   0x00240e    program     static C:\MCC18\src\traditional\stdclib\strncpy.asm
                     jEnd   0x00241a    program     static C:\MCC18\src\traditional\stdclib\strncpy.asm
               OpenTimer1   0x00242c    program     extern C:\MCC18\src\pmc_common\Timers\t1open.c
                 _startup   0x00246e    program     extern C:\MCC18\src\traditional\startup\c018i.c
                     loop   0x00247e    program     static                          
       ___return_lbl00001   0x002488    program     static                          
            __zero_memory   0x00248a    program     extern C:\MCC18\src\traditional\proc\p18F4620.asm
               clear_loop   0x002490    program     static C:\MCC18\src\traditional\proc\p18F4620.asm
               __string_1   0x002498    program     static C:\Proyectos C18\Proyectos FreeRTOS\FreeRTOS PrimerEjemplo\main.c
               __string_0   0x00249b    program     static C:\Proyectos C18\Proyectos FreeRTOS\FreeRTOS PrimerEjemplo\main.c
               __string_0   0x00249e    program     static C:\Proyectos C18\Proyectos Sk2550\FreeRTOS\Source\tasks.c
               __config_0   0x300001    program     static C:\Proyectos C18\Proyectos FreeRTOS\FreeRTOS PrimerEjemplo\main.c
               __config_1   0x300002    program     static C:\Proyectos C18\Proyectos FreeRTOS\FreeRTOS PrimerEjemplo\main.c
               __config_2   0x300003    program     static C:\Proyectos C18\Proyectos FreeRTOS\FreeRTOS PrimerEjemplo\main.c
               __config_3   0x300005    program     static C:\Proyectos C18\Proyectos FreeRTOS\FreeRTOS PrimerEjemplo\main.c
               __config_4   0x300006    program     static C:\Proyectos C18\Proyectos FreeRTOS\FreeRTOS PrimerEjemplo\main.c
                 __AARGB7   0x000000       data     extern C:\MCC18\src\traditional\math\aarg.asm
                  __REMB3   0x000000       data     extern C:\MCC18\src\traditional\math\aarg.asm
                 __AARGB6   0x000001       data     extern C:\MCC18\src\traditional\math\aarg.asm
                  __REMB2   0x000001       data     extern C:\MCC18\src\traditional\math\aarg.asm
                 __AARGB5   0x000002       data     extern C:\MCC18\src\traditional\math\aarg.asm
                  __REMB1   0x000002       data     extern C:\MCC18\src\traditional\math\aarg.asm
                 __AARGB4   0x000003       data     extern C:\MCC18\src\traditional\math\aarg.asm
                  __REMB0   0x000003       data     extern C:\MCC18\src\traditional\math\aarg.asm
                 __AARGB3   0x000004       data     extern C:\MCC18\src\traditional\math\aarg.asm
                 __AARGB2   0x000005       data     extern C:\MCC18\src\traditional\math\aarg.asm
                 __AARGB1   0x000006       data     extern C:\MCC18\src\traditional\math\aarg.asm
                 __AARGB0   0x000007       data     extern C:\MCC18\src\traditional\math\aarg.asm
                   __AEXP   0x000008       data     extern C:\MCC18\src\traditional\math\aarg.asm
                     SIGN   0x000009       data     extern C:\MCC18\src\traditional\math\cmath18.asm
                __FPFLAGS   0x00000a       data     extern C:\MCC18\src\traditional\math\cmath18.asm
            __FPFLAGSbits   0x00000a       data     extern C:\MCC18\src\traditional\math\cmath18.asm
                  __tmp_0   0x00000b       data     static C:\Proyectos C18\Proyectos Sk2550\FreeRTOS\Source\tasks.c
                  __tmp_0   0x00000b       data     static C:\Proyectos C18\Proyectos FreeRTOS\FreeRTOS PrimerEjemplo\main.c
                  __tmp_0   0x00000b       data     static C:\Proyectos C18\Proyectos Sk2550\FreeRTOS\Source\portable\MPLAB\PIC18F\port.c
                  __tmp_0   0x00000b       data     static C:\Proyectos C18\Proyectos Sk2550\FreeRTOS\Source\portable\MemMang\heap_1.c
                  __tmp_0   0x00000b       data     static C:\Proyectos C18\Proyectos Sk2550\FreeRTOS\Source\list.c
                    xHeap   0x000180       data     static C:\Proyectos C18\Proyectos Sk2550\FreeRTOS\Source\portable\MemMang\heap_1.c
        pxReadyTasksLists   0x000580       data     extern C:\Proyectos C18\Proyectos Sk2550\FreeRTOS\Source\tasks.c
        xDelayedTaskList1   0x0005a4       data     extern C:\Proyectos C18\Proyectos Sk2550\FreeRTOS\Source\tasks.c
        xDelayedTaskList2   0x0005ad       data     extern C:\Proyectos C18\Proyectos Sk2550\FreeRTOS\Source\tasks.c
        pxDelayedTaskList   0x0005b6       data     extern C:\Proyectos C18\Proyectos Sk2550\FreeRTOS\Source\tasks.c
pxOverflowDelayedTaskList   0x0005b8       data     extern C:\Proyectos C18\Proyectos Sk2550\FreeRTOS\Source\tasks.c
        xPendingReadyList   0x0005ba       data     extern C:\Proyectos C18\Proyectos Sk2550\FreeRTOS\Source\tasks.c
             pxCurrentTCB   0x0005c3       data     extern C:\Proyectos C18\Proyectos Sk2550\FreeRTOS\Source\tasks.c
   uxCurrentNumberOfTasks   0x0005c5       data     extern C:\Proyectos C18\Proyectos Sk2550\FreeRTOS\Source\tasks.c
               xTickCount   0x0005c6       data     extern C:\Proyectos C18\Proyectos Sk2550\FreeRTOS\Source\tasks.c
        uxTopUsedPriority   0x0005c8       data     extern C:\Proyectos C18\Proyectos Sk2550\FreeRTOS\Source\tasks.c
       uxTopReadyPriority   0x0005c9       data     extern C:\Proyectos C18\Proyectos Sk2550\FreeRTOS\Source\tasks.c
        xSchedulerRunning   0x0005ca       data     extern C:\Proyectos C18\Proyectos Sk2550\FreeRTOS\Source\tasks.c
     uxSchedulerSuspended   0x0005cb       data     extern C:\Proyectos C18\Proyectos Sk2550\FreeRTOS\Source\tasks.c
            uxMissedTicks   0x0005cc       data     extern C:\Proyectos C18\Proyectos Sk2550\FreeRTOS\Source\tasks.c
             xMissedYield   0x0005cd       data     extern C:\Proyectos C18\Proyectos Sk2550\FreeRTOS\Source\tasks.c
          xNumOfOverflows   0x0005ce       data     extern C:\Proyectos C18\Proyectos Sk2550\FreeRTOS\Source\tasks.c
             uxTaskNumber   0x0005cf       data     extern C:\Proyectos C18\Proyectos Sk2550\FreeRTOS\Source\tasks.c
                     prom   0x0005d0       data     static C:\MCC18\src\traditional\startup\c018i.c
                curr_byte   0x0005d3       data     static C:\MCC18\src\traditional\startup\c018i.c
               curr_entry   0x0005d5       data     static C:\MCC18\src\traditional\startup\c018i.c
                 data_ptr   0x0005d7       data     static C:\MCC18\src\traditional\startup\c018i.c
            xNextFreeByte   0x0005da       data     static C:\Proyectos C18\Proyectos Sk2550\FreeRTOS\Source\portable\MemMang\heap_1.c
                    PORTA   0x000f80       data     extern C:\MCC18\src\traditional\proc\p18F4620.asm
                PORTAbits   0x000f80       data     extern C:\MCC18\src\traditional\proc\p18F4620.asm
                    PORTB   0x000f81       data     extern C:\MCC18\src\traditional\proc\p18F4620.asm
                PORTBbits   0x000f81       data     extern C:\MCC18\src\traditional\proc\p18F4620.asm
                PORTCbits   0x000f82       data     extern C:\MCC18\src\traditional\proc\p18F4620.asm
                    PORTC   0x000f82       data     extern C:\MCC18\src\traditional\proc\p18F4620.asm
                    PORTD   0x000f83       data     extern C:\MCC18\src\traditional\proc\p18F4620.asm
                PORTDbits   0x000f83       data     extern C:\MCC18\src\traditional\proc\p18F4620.asm
                    PORTE   0x000f84       data     extern C:\MCC18\src\traditional\proc\p18F4620.asm
                PORTEbits   0x000f84       data     extern C:\MCC18\src\traditional\proc\p18F4620.asm
                 LATAbits   0x000f89       data     extern C:\MCC18\src\traditional\proc\p18F4620.asm
                     LATA   0x000f89       data     extern C:\MCC18\src\traditional\proc\p18F4620.asm
                 LATBbits   0x000f8a       data     extern C:\MCC18\src\traditional\proc\p18F4620.asm
                     LATB   0x000f8a       data     extern C:\MCC18\src\traditional\proc\p18F4620.asm
                 LATCbits   0x000f8b       data     extern C:\MCC18\src\traditional\proc\p18F4620.asm
                     LATC   0x000f8b       data     extern C:\MCC18\src\traditional\proc\p18F4620.asm
                 LATDbits   0x000f8c       data     extern C:\MCC18\src\traditional\proc\p18F4620.asm
                     LATD   0x000f8c       data     extern C:\MCC18\src\traditional\proc\p18F4620.asm
                 LATEbits   0x000f8d       data     extern C:\MCC18\src\traditional\proc\p18F4620.asm
                     LATE   0x000f8d       data     extern C:\MCC18\src\traditional\proc\p18F4620.asm
                TRISAbits   0x000f92       data     extern C:\MCC18\src\traditional\proc\p18F4620.asm
                    TRISA   0x000f92       data     extern C:\MCC18\src\traditional\proc\p18F4620.asm
                     DDRA   0x000f92       data     extern C:\MCC18\src\traditional\proc\p18F4620.asm
                 DDRAbits   0x000f92       data     extern C:\MCC18\src\traditional\proc\p18F4620.asm
                TRISBbits   0x000f93       data     extern C:\MCC18\src\traditional\proc\p18F4620.asm
                    TRISB   0x000f93       data     extern C:\MCC18\src\traditional\proc\p18F4620.asm
                     DDRB   0x000f93       data     extern C:\MCC18\src\traditional\proc\p18F4620.asm
                 DDRBbits   0x000f93       data     extern C:\MCC18\src\traditional\proc\p18F4620.asm
                 DDRCbits   0x000f94       data     extern C:\MCC18\src\traditional\proc\p18F4620.asm
                    TRISC   0x000f94       data     extern C:\MCC18\src\traditional\proc\p18F4620.asm
                TRISCbits   0x000f94       data     extern C:\MCC18\src\traditional\proc\p18F4620.asm
                     DDRC   0x000f94       data     extern C:\MCC18\src\traditional\proc\p18F4620.asm
                     DDRD   0x000f95       data     extern C:\MCC18\src\traditional\proc\p18F4620.asm
                TRISDbits   0x000f95       data     extern C:\MCC18\src\traditional\proc\p18F4620.asm
                 DDRDbits   0x000f95       data     extern C:\MCC18\src\traditional\proc\p18F4620.asm
                    TRISD   0x000f95       data     extern C:\MCC18\src\traditional\proc\p18F4620.asm
                TRISEbits   0x000f96       data     extern C:\MCC18\src\traditional\proc\p18F4620.asm
                    TRISE   0x000f96       data     extern C:\MCC18\src\traditional\proc\p18F4620.asm
                 DDREbits   0x000f96       data     extern C:\MCC18\src\traditional\proc\p18F4620.asm
                     DDRE   0x000f96       data     extern C:\MCC18\src\traditional\proc\p18F4620.asm
                  OSCTUNE   0x000f9b       data     extern C:\MCC18\src\traditional\proc\p18F4620.asm
              OSCTUNEbits   0x000f9b       data     extern C:\MCC18\src\traditional\proc\p18F4620.asm
                 PIE1bits   0x000f9d       data     extern C:\MCC18\src\traditional\proc\p18F4620.asm
                     PIE1   0x000f9d       data     extern C:\MCC18\src\traditional\proc\p18F4620.asm
                     PIR1   0x000f9e       data     extern C:\MCC18\src\traditional\proc\p18F4620.asm
                 PIR1bits   0x000f9e       data     extern C:\MCC18\src\traditional\proc\p18F4620.asm
                 IPR1bits   0x000f9f       data     extern C:\MCC18\src\traditional\proc\p18F4620.asm
                     IPR1   0x000f9f       data     extern C:\MCC18\src\traditional\proc\p18F4620.asm
                     PIE2   0x000fa0       data     extern C:\MCC18\src\traditional\proc\p18F4620.asm
                 PIE2bits   0x000fa0       data     extern C:\MCC18\src\traditional\proc\p18F4620.asm
                     PIR2   0x000fa1       data     extern C:\MCC18\src\traditional\proc\p18F4620.asm
                 PIR2bits   0x000fa1       data     extern C:\MCC18\src\traditional\proc\p18F4620.asm
                     IPR2   0x000fa2       data     extern C:\MCC18\src\traditional\proc\p18F4620.asm
                 IPR2bits   0x000fa2       data     extern C:\MCC18\src\traditional\proc\p18F4620.asm
                   EECON1   0x000fa6       data     extern C:\MCC18\src\traditional\proc\p18F4620.asm
               EECON1bits   0x000fa6       data     extern C:\MCC18\src\traditional\proc\p18F4620.asm
                   EECON2   0x000fa7       data     extern C:\MCC18\src\traditional\proc\p18F4620.asm
                   EEDATA   0x000fa8       data     extern C:\MCC18\src\traditional\proc\p18F4620.asm
                    EEADR   0x000fa9       data     extern C:\MCC18\src\traditional\proc\p18F4620.asm
                   EEADRH   0x000faa       data     extern C:\MCC18\src\traditional\proc\p18F4620.asm
                RCSTAbits   0x000fab       data     extern C:\MCC18\src\traditional\proc\p18F4620.asm
                    RCSTA   0x000fab       data     extern C:\MCC18\src\traditional\proc\p18F4620.asm
                    TXSTA   0x000fac       data     extern C:\MCC18\src\traditional\proc\p18F4620.asm
                TXSTAbits   0x000fac       data     extern C:\MCC18\src\traditional\proc\p18F4620.asm
                    TXREG   0x000fad       data     extern C:\MCC18\src\traditional\proc\p18F4620.asm
                    RCREG   0x000fae       data     extern C:\MCC18\src\traditional\proc\p18F4620.asm
                    SPBRG   0x000faf       data     extern C:\MCC18\src\traditional\proc\p18F4620.asm
                   SPBRGH   0x000fb0       data     extern C:\MCC18\src\traditional\proc\p18F4620.asm
                T3CONbits   0x000fb1       data     extern C:\MCC18\src\traditional\proc\p18F4620.asm
                    T3CON   0x000fb1       data     extern C:\MCC18\src\traditional\proc\p18F4620.asm
                    TMR3L   0x000fb2       data     extern C:\MCC18\src\traditional\proc\p18F4620.asm
                    TMR3H   0x000fb3       data     extern C:\MCC18\src\traditional\proc\p18F4620.asm
                CMCONbits   0x000fb4       data     extern C:\MCC18\src\traditional\proc\p18F4620.asm
                    CMCON   0x000fb4       data     extern C:\MCC18\src\traditional\proc\p18F4620.asm
                   CVRCON   0x000fb5       data     extern C:\MCC18\src\traditional\proc\p18F4620.asm
               CVRCONbits   0x000fb5       data     extern C:\MCC18\src\traditional\proc\p18F4620.asm
              ECCP1ASbits   0x000fb6       data     extern C:\MCC18\src\traditional\proc\p18F4620.asm
                  ECCP1AS   0x000fb6       data     extern C:\MCC18\src\traditional\proc\p18F4620.asm
                  PWM1CON   0x000fb7       data     extern C:\MCC18\src\traditional\proc\p18F4620.asm
              PWM1CONbits   0x000fb7       data     extern C:\MCC18\src\traditional\proc\p18F4620.asm
                  BAUDCON   0x000fb8       data     extern C:\MCC18\src\traditional\proc\p18F4620.asm
              BAUDCONbits   0x000fb8       data     extern C:\MCC18\src\traditional\proc\p18F4620.asm
                  BAUDCTL   0x000fb8       data     extern C:\MCC18\src\traditional\proc\p18F4620.asm
              BAUDCTLbits   0x000fb8       data     extern C:\MCC18\src\traditional\proc\p18F4620.asm
              CCP2CONbits   0x000fba       data     extern C:\MCC18\src\traditional\proc\p18F4620.asm
                  CCP2CON   0x000fba       data     extern C:\MCC18\src\traditional\proc\p18F4620.asm
                    CCPR2   0x000fbb       data     extern C:\MCC18\src\traditional\proc\p18F4620.asm
                   CCPR2L   0x000fbb       data     extern C:\MCC18\src\traditional\proc\p18F4620.asm
                   CCPR2H   0x000fbc       data     extern C:\MCC18\src\traditional\proc\p18F4620.asm
              CCP1CONbits   0x000fbd       data     extern C:\MCC18\src\traditional\proc\p18F4620.asm
                  CCP1CON   0x000fbd       data     extern C:\MCC18\src\traditional\proc\p18F4620.asm
                    CCPR1   0x000fbe       data     extern C:\MCC18\src\traditional\proc\p18F4620.asm
                   CCPR1L   0x000fbe       data     extern C:\MCC18\src\traditional\proc\p18F4620.asm
                   CCPR1H   0x000fbf       data     extern C:\MCC18\src\traditional\proc\p18F4620.asm
                   ADCON2   0x000fc0       data     extern C:\MCC18\src\traditional\proc\p18F4620.asm
               ADCON2bits   0x000fc0       data     extern C:\MCC18\src\traditional\proc\p18F4620.asm
                   ADCON1   0x000fc1       data     extern C:\MCC18\src\traditional\proc\p18F4620.asm
               ADCON1bits   0x000fc1       data     extern C:\MCC18\src\traditional\proc\p18F4620.asm
                   ADCON0   0x000fc2       data     extern C:\MCC18\src\traditional\proc\p18F4620.asm
               ADCON0bits   0x000fc2       data     extern C:\MCC18\src\traditional\proc\p18F4620.asm
                    ADRES   0x000fc3       data     extern C:\MCC18\src\traditional\proc\p18F4620.asm
                   ADRESL   0x000fc3       data     extern C:\MCC18\src\traditional\proc\p18F4620.asm
                   ADRESH   0x000fc4       data     extern C:\MCC18\src\traditional\proc\p18F4620.asm
                  SSPCON2   0x000fc5       data     extern C:\MCC18\src\traditional\proc\p18F4620.asm
              SSPCON2bits   0x000fc5       data     extern C:\MCC18\src\traditional\proc\p18F4620.asm
                  SSPCON1   0x000fc6       data     extern C:\MCC18\src\traditional\proc\p18F4620.asm
              SSPCON1bits   0x000fc6       data     extern C:\MCC18\src\traditional\proc\p18F4620.asm
                  SSPSTAT   0x000fc7       data     extern C:\MCC18\src\traditional\proc\p18F4620.asm
              SSPSTATbits   0x000fc7       data     extern C:\MCC18\src\traditional\proc\p18F4620.asm
                   SSPADD   0x000fc8       data     extern C:\MCC18\src\traditional\proc\p18F4620.asm
                   SSPBUF   0x000fc9       data     extern C:\MCC18\src\traditional\proc\p18F4620.asm
                T2CONbits   0x000fca       data     extern C:\MCC18\src\traditional\proc\p18F4620.asm
                    T2CON   0x000fca       data     extern C:\MCC18\src\traditional\proc\p18F4620.asm
                      PR2   0x000fcb       data     extern C:\MCC18\src\traditional\proc\p18F4620.asm
                     TMR2   0x000fcc       data     extern C:\MCC18\src\traditional\proc\p18F4620.asm
                    T1CON   0x000fcd       data     extern C:\MCC18\src\traditional\proc\p18F4620.asm
                T1CONbits   0x000fcd       data     extern C:\MCC18\src\traditional\proc\p18F4620.asm
                    TMR1L   0x000fce       data     extern C:\MCC18\src\traditional\proc\p18F4620.asm
                    TMR1H   0x000fcf       data     extern C:\MCC18\src\traditional\proc\p18F4620.asm
                     RCON   0x000fd0       data     extern C:\MCC18\src\traditional\proc\p18F4620.asm
                 RCONbits   0x000fd0       data     extern C:\MCC18\src\traditional\proc\p18F4620.asm
                   WDTCON   0x000fd1       data     extern C:\MCC18\src\traditional\proc\p18F4620.asm
               WDTCONbits   0x000fd1       data     extern C:\MCC18\src\traditional\proc\p18F4620.asm
                  HLVDCON   0x000fd2       data     extern C:\MCC18\src\traditional\proc\p18F4620.asm
              HLVDCONbits   0x000fd2       data     extern C:\MCC18\src\traditional\proc\p18F4620.asm
                   LVDCON   0x000fd2       data     extern C:\MCC18\src\traditional\proc\p18F4620.asm
               LVDCONbits   0x000fd2       data     extern C:\MCC18\src\traditional\proc\p18F4620.asm
                   OSCCON   0x000fd3       data     extern C:\MCC18\src\traditional\proc\p18F4620.asm
               OSCCONbits   0x000fd3       data     extern C:\MCC18\src\traditional\proc\p18F4620.asm
                    DEBUG   0x000fd4       data     extern C:\MCC18\src\traditional\proc\p18F4620.asm
                    T0CON   0x000fd5       data     extern C:\MCC18\src\traditional\proc\p18F4620.asm
                T0CONbits   0x000fd5       data     extern C:\MCC18\src\traditional\proc\p18F4620.asm
                    TMR0L   0x000fd6       data     extern C:\MCC18\src\traditional\proc\p18F4620.asm
                    TMR0H   0x000fd7       data     extern C:\MCC18\src\traditional\proc\p18F4620.asm
                   STATUS   0x000fd8       data     extern C:\MCC18\src\traditional\proc\p18F4620.asm
               STATUSbits   0x000fd8       data     extern C:\MCC18\src\traditional\proc\p18F4620.asm
                     FSR2   0x000fd9       data     extern C:\MCC18\src\traditional\proc\p18F4620.asm
                    FSR2L   0x000fd9       data     extern C:\MCC18\src\traditional\proc\p18F4620.asm
                    FSR2H   0x000fda       data     extern C:\MCC18\src\traditional\proc\p18F4620.asm
                   PLUSW2   0x000fdb       data     extern C:\MCC18\src\traditional\proc\p18F4620.asm
                  PREINC2   0x000fdc       data     extern C:\MCC18\src\traditional\proc\p18F4620.asm
                 POSTDEC2   0x000fdd       data     extern C:\MCC18\src\traditional\proc\p18F4620.asm
                 POSTINC2   0x000fde       data     extern C:\MCC18\src\traditional\proc\p18F4620.asm
                    INDF2   0x000fdf       data     extern C:\MCC18\src\traditional\proc\p18F4620.asm
                      BSR   0x000fe0       data     extern C:\MCC18\src\traditional\proc\p18F4620.asm
                    FSR1L   0x000fe1       data     extern C:\MCC18\src\traditional\proc\p18F4620.asm
                     FSR1   0x000fe1       data     extern C:\MCC18\src\traditional\proc\p18F4620.asm
                    FSR1H   0x000fe2       data     extern C:\MCC18\src\traditional\proc\p18F4620.asm
                   PLUSW1   0x000fe3       data     extern C:\MCC18\src\traditional\proc\p18F4620.asm
                  PREINC1   0x000fe4       data     extern C:\MCC18\src\traditional\proc\p18F4620.asm
                 POSTDEC1   0x000fe5       data     extern C:\MCC18\src\traditional\proc\p18F4620.asm
                 POSTINC1   0x000fe6       data     extern C:\MCC18\src\traditional\proc\p18F4620.asm
                    INDF1   0x000fe7       data     extern C:\MCC18\src\traditional\proc\p18F4620.asm
                        W   0x000fe8       data     extern C:\MCC18\src\traditional\proc\p18F4620.asm
                     WREG   0x000fe8       data     extern C:\MCC18\src\traditional\proc\p18F4620.asm
                    FSR0L   0x000fe9       data     extern C:\MCC18\src\traditional\proc\p18F4620.asm
                     FSR0   0x000fe9       data     extern C:\MCC18\src\traditional\proc\p18F4620.asm
                    FSR0H   0x000fea       data     extern C:\MCC18\src\traditional\proc\p18F4620.asm
                   PLUSW0   0x000feb       data     extern C:\MCC18\src\traditional\proc\p18F4620.asm
                  PREINC0   0x000fec       data     extern C:\MCC18\src\traditional\proc\p18F4620.asm
                 POSTDEC0   0x000fed       data     extern C:\MCC18\src\traditional\proc\p18F4620.asm
                 POSTINC0   0x000fee       data     extern C:\MCC18\src\traditional\proc\p18F4620.asm
                    INDF0   0x000fef       data     extern C:\MCC18\src\traditional\proc\p18F4620.asm
              INTCON3bits   0x000ff0       data     extern C:\MCC18\src\traditional\proc\p18F4620.asm
                  INTCON3   0x000ff0       data     extern C:\MCC18\src\traditional\proc\p18F4620.asm
                  INTCON2   0x000ff1       data     extern C:\MCC18\src\traditional\proc\p18F4620.asm
              INTCON2bits   0x000ff1       data     extern C:\MCC18\src\traditional\proc\p18F4620.asm
                   INTCON   0x000ff2       data     extern C:\MCC18\src\traditional\proc\p18F4620.asm
               INTCONbits   0x000ff2       data     extern C:\MCC18\src\traditional\proc\p18F4620.asm
                     PROD   0x000ff3       data     extern C:\MCC18\src\traditional\proc\p18F4620.asm
                    PRODL   0x000ff3       data     extern C:\MCC18\src\traditional\proc\p18F4620.asm
                    PRODH   0x000ff4       data     extern C:\MCC18\src\traditional\proc\p18F4620.asm
                   TABLAT   0x000ff5       data     extern C:\MCC18\src\traditional\proc\p18F4620.asm
                  TBLPTRL   0x000ff6       data     extern C:\MCC18\src\traditional\proc\p18F4620.asm
                   TBLPTR   0x000ff6       data     extern C:\MCC18\src\traditional\proc\p18F4620.asm
                  TBLPTRH   0x000ff7       data     extern C:\MCC18\src\traditional\proc\p18F4620.asm
                  TBLPTRU   0x000ff8       data     extern C:\MCC18\src\traditional\proc\p18F4620.asm
                       PC   0x000ff9       data     extern C:\MCC18\src\traditional\proc\p18F4620.asm
                      PCL   0x000ff9       data     extern C:\MCC18\src\traditional\proc\p18F4620.asm
                   PCLATH   0x000ffa       data     extern C:\MCC18\src\traditional\proc\p18F4620.asm
                   PCLATU   0x000ffb       data     extern C:\MCC18\src\traditional\proc\p18F4620.asm
               STKPTRbits   0x000ffc       data     extern C:\MCC18\src\traditional\proc\p18F4620.asm
                   STKPTR   0x000ffc       data     extern C:\MCC18\src\traditional\proc\p18F4620.asm
                      TOS   0x000ffd       data     extern C:\MCC18\src\traditional\proc\p18F4620.asm
                     TOSL   0x000ffd       data     extern C:\MCC18\src\traditional\proc\p18F4620.asm
                     TOSH   0x000ffe       data     extern C:\MCC18\src\traditional\proc\p18F4620.asm
                     TOSU   0x000fff       data     extern C:\MCC18\src\traditional\proc\p18F4620.asm


