MPLINK 4.40, Linker
Linker Map File - Created Tue Jul 19 19:36:53 2011

                                 Section Info
                  Section       Type    Address   Location Size(Bytes)
                ---------  ---------  ---------  ---------  ---------
                  STARTUP       code   0x000000    program   0x00000c
                   .cinit    romdata   0x00002a    program   0x000002
                    PROG1       code   0x00002c    program   0x0008f8
                    PROG2       code   0x000924    program   0x00008c
    .config_300001_MAIN.O    romdata   0x300001    program   0x000001
    .config_300002_MAIN.O    romdata   0x300002    program   0x000001
    .config_300003_MAIN.O    romdata   0x300003    program   0x000001
    .config_300005_MAIN.O    romdata   0x300005    program   0x000001
    .config_300006_MAIN.O    romdata   0x300006    program   0x000001
                variables      udata   0x000000       data   0x000016
                 MATH_VAR      udata   0x000016       data   0x000011
               D_LCD_DATA      udata   0x000027       data   0x000006



                              Program Memory Usage 
                               Start         End      
                           ---------   ---------      
                            0x000000    0x00000b      
                            0x00002a    0x0009af      
                            0x300001    0x300003      
                            0x300005    0x300006      
            2455 out of 132120 program addresses used, program memory utilization is 1%



                              Symbols - Sorted by Name
                     Name    Address   Location    Storage File                     
                ---------  ---------  ---------  --------- ---------                
                    Check   0x000198    program     extern C:\projects\MPLAB\PIC-18-EVAL\Lcd.asm
                 ClearLCD   0x0000ca    program     extern C:\projects\MPLAB\PIC-18-EVAL\Lcd.asm
                ClockLoop   0x000648    program     static C:\projects\MPLAB\PIC-18-EVAL\Main.ASM
                    Delay   0x0001e0    program     extern C:\projects\MPLAB\PIC-18-EVAL\Lcd.asm
               Delaysmall   0x000784    program     static C:\projects\MPLAB\PIC-18-EVAL\Main.ASM
               InitEEprom   0x00065a    program     static C:\projects\MPLAB\PIC-18-EVAL\Main.ASM
            InitPortA_SPI   0x00014e    program     static C:\projects\MPLAB\PIC-18-EVAL\Lcd.asm
            InitPortB_SPI   0x00016c    program     static C:\projects\MPLAB\PIC-18-EVAL\Lcd.asm
                  InitSPI   0x00018a    program     extern C:\projects\MPLAB\PIC-18-EVAL\Lcd.asm
                InitWrite   0x00008e    program     static C:\projects\MPLAB\PIC-18-EVAL\Lcd.asm
                  LCDBusy   0x0000c0    program     extern C:\projects\MPLAB\PIC-18-EVAL\Lcd.asm
                  LCDInit   0x00002c    program     extern C:\projects\MPLAB\PIC-18-EVAL\Lcd.asm
                LCDLine_1   0x0000d2    program     extern C:\projects\MPLAB\PIC-18-EVAL\Lcd.asm
                LCDLine_2   0x0000da    program     extern C:\projects\MPLAB\PIC-18-EVAL\Lcd.asm
               LOOPU1608A   0x000964    program     static C:\projects\MPLAB\PIC-18-EVAL\Math.asm
               LOOPU1608B   0x000980    program     static C:\projects\MPLAB\PIC-18-EVAL\Math.asm
                      Lb1   0x000902    program     static C:\projects\MPLAB\PIC-18-EVAL\Main.ASM
                      Lb2   0x00090a    program     static C:\projects\MPLAB\PIC-18-EVAL\Main.ASM
                      Lb3   0x000912    program     static C:\projects\MPLAB\PIC-18-EVAL\Main.ASM
                      Lb4   0x00091a    program     static C:\projects\MPLAB\PIC-18-EVAL\Main.ASM
                   Ldelay   0x0007c0    program     static C:\projects\MPLAB\PIC-18-EVAL\Main.ASM
                    Mul16   0x000924    program     extern C:\projects\MPLAB\PIC-18-EVAL\Math.asm
               ReadEEprom   0x000664    program     static C:\projects\MPLAB\PIC-18-EVAL\Main.ASM
                   SDelay   0x0001f6    program     static C:\projects\MPLAB\PIC-18-EVAL\Lcd.asm
                UDIV1608L   0x00095e    program     extern C:\projects\MPLAB\PIC-18-EVAL\Math.asm
                   UOK68A   0x000974    program     static C:\projects\MPLAB\PIC-18-EVAL\Math.asm
                   UOK68B   0x0009a8    program     static C:\projects\MPLAB\PIC-18-EVAL\Math.asm
              WriteEEprom   0x000690    program     static C:\projects\MPLAB\PIC-18-EVAL\Main.ASM
               WritePortA   0x0001c2    program     static C:\projects\MPLAB\PIC-18-EVAL\Lcd.asm
               WritePortB   0x0001a4    program     static C:\projects\MPLAB\PIC-18-EVAL\Lcd.asm
              _PROG1_00E4   0x000316    program     static C:\projects\MPLAB\PIC-18-EVAL\Main.ASM
              _PROG1_00EA   0x00031c    program     static C:\projects\MPLAB\PIC-18-EVAL\Main.ASM
              _PROG1_00EC   0x000118    program     static C:\projects\MPLAB\PIC-18-EVAL\Lcd.asm
              _PROG1_00FC   0x00032e    program     static C:\projects\MPLAB\PIC-18-EVAL\Main.ASM
              _PROG1_0124   0x000356    program     static C:\projects\MPLAB\PIC-18-EVAL\Main.ASM
              _PROG1_014C   0x00037e    program     static C:\projects\MPLAB\PIC-18-EVAL\Main.ASM
              _PROG1_016E   0x0003a0    program     static C:\projects\MPLAB\PIC-18-EVAL\Main.ASM
              _PROG1_016E   0x00019a    program     static C:\projects\MPLAB\PIC-18-EVAL\Lcd.asm
              _PROG1_0188   0x0003ba    program     static C:\projects\MPLAB\PIC-18-EVAL\Main.ASM
              _PROG1_01D2   0x0001fe    program     static C:\projects\MPLAB\PIC-18-EVAL\Lcd.asm
              _PROG1_01D8   0x000204    program     static C:\projects\MPLAB\PIC-18-EVAL\Lcd.asm
              _PROG1_01DE   0x00020a    program     static C:\projects\MPLAB\PIC-18-EVAL\Lcd.asm
              _PROG1_01E4   0x000210    program     static C:\projects\MPLAB\PIC-18-EVAL\Lcd.asm
              _PROG1_01EA   0x000216    program     static C:\projects\MPLAB\PIC-18-EVAL\Lcd.asm
              _PROG1_01F0   0x00021c    program     static C:\projects\MPLAB\PIC-18-EVAL\Lcd.asm
              _PROG1_01F6   0x000222    program     static C:\projects\MPLAB\PIC-18-EVAL\Lcd.asm
              _PROG1_01FC   0x000228    program     static C:\projects\MPLAB\PIC-18-EVAL\Lcd.asm
              _PROG1_0202   0x00022e    program     static C:\projects\MPLAB\PIC-18-EVAL\Lcd.asm
              _PROG1_0264   0x000496    program     static C:\projects\MPLAB\PIC-18-EVAL\Main.ASM
              _PROG1_0272   0x0004a4    program     static C:\projects\MPLAB\PIC-18-EVAL\Main.ASM
              _PROG1_0284   0x0004b6    program     static C:\projects\MPLAB\PIC-18-EVAL\Main.ASM
              _PROG1_0366   0x000598    program     static C:\projects\MPLAB\PIC-18-EVAL\Main.ASM
              _PROG1_0452   0x000684    program     static C:\projects\MPLAB\PIC-18-EVAL\Main.ASM
              _PROG1_04D6   0x000708    program     static C:\projects\MPLAB\PIC-18-EVAL\Main.ASM
              _PROG1_04E0   0x000712    program     static C:\projects\MPLAB\PIC-18-EVAL\Main.ASM
              _PROG1_0518   0x00074a    program     static C:\projects\MPLAB\PIC-18-EVAL\Main.ASM
              _PROG1_0522   0x000754    program     static C:\projects\MPLAB\PIC-18-EVAL\Main.ASM
              _PROG1_05B0   0x0007e2    program     static C:\projects\MPLAB\PIC-18-EVAL\Main.ASM
              _PROG1_05B8   0x0007ea    program     static C:\projects\MPLAB\PIC-18-EVAL\Main.ASM
              _PROG1_05F6   0x000828    program     static C:\projects\MPLAB\PIC-18-EVAL\Main.ASM
              _PROG1_0616   0x000848    program     static C:\projects\MPLAB\PIC-18-EVAL\Main.ASM
              _PROG1_0654   0x000886    program     static C:\projects\MPLAB\PIC-18-EVAL\Main.ASM
                bin16_bcd   0x0008c0    program     static C:\projects\MPLAB\PIC-18-EVAL\Main.ASM
                  bin_bcd   0x00088a    program     static C:\projects\MPLAB\PIC-18-EVAL\Main.ASM
                   c_wait   0x000390    program     static C:\projects\MPLAB\PIC-18-EVAL\Main.ASM
                 clk_done   0x0005d2    program     static C:\projects\MPLAB\PIC-18-EVAL\Main.ASM
                    clock   0x000592    program     static C:\projects\MPLAB\PIC-18-EVAL\Main.ASM
                   d100l1   0x00078c    program     static C:\projects\MPLAB\PIC-18-EVAL\Main.ASM
                     d1l1   0x0007ca    program     static C:\projects\MPLAB\PIC-18-EVAL\Main.ASM
                  d_write   0x0000e2    program     extern C:\projects\MPLAB\PIC-18-EVAL\Lcd.asm
              delay_100ms   0x00075a    program     static C:\projects\MPLAB\PIC-18-EVAL\Main.ASM
                 delay_1s   0x000796    program     static C:\projects\MPLAB\PIC-18-EVAL\Main.ASM
                ghundreth   0x000890    program     static C:\projects\MPLAB\PIC-18-EVAL\Main.ASM
                   gtenth   0x00089e    program     static C:\projects\MPLAB\PIC-18-EVAL\Main.ASM
                  i_write   0x00011c    program     extern C:\projects\MPLAB\PIC-18-EVAL\Lcd.asm
                inc_hours   0x0007f6    program     static C:\projects\MPLAB\PIC-18-EVAL\Main.ASM
                 inc_mins   0x000826    program     static C:\projects\MPLAB\PIC-18-EVAL\Main.ASM
              inc_minutes   0x000854    program     static C:\projects\MPLAB\PIC-18-EVAL\Main.ASM
                     menu   0x000314    program     static C:\projects\MPLAB\PIC-18-EVAL\Main.ASM
               menu_clock   0x000370    program     static C:\projects\MPLAB\PIC-18-EVAL\Main.ASM
              menu_clock1   0x000588    program     static C:\projects\MPLAB\PIC-18-EVAL\Main.ASM
                menu_temp   0x000348    program     static C:\projects\MPLAB\PIC-18-EVAL\Main.ASM
               next_digit   0x000802    program     static C:\projects\MPLAB\PIC-18-EVAL\Main.ASM
              next_digit?   0x000860    program     static C:\projects\MPLAB\PIC-18-EVAL\Main.ASM
                     over   0x0008ac    program     static C:\projects\MPLAB\PIC-18-EVAL\Main.ASM
                 overflow   0x0005a4    program     static C:\projects\MPLAB\PIC-18-EVAL\Main.ASM
                 set_time   0x0007d8    program     static C:\projects\MPLAB\PIC-18-EVAL\Main.ASM
           set_time_again   0x0007e0    program     static C:\projects\MPLAB\PIC-18-EVAL\Main.ASM
            set_time_done   0x000884    program     static C:\projects\MPLAB\PIC-18-EVAL\Main.ASM
              stan_char_1   0x0006d6    program     static C:\projects\MPLAB\PIC-18-EVAL\Main.ASM
              stan_char_2   0x000718    program     static C:\projects\MPLAB\PIC-18-EVAL\Main.ASM
         stan_next_char_1   0x0006f4    program     static C:\projects\MPLAB\PIC-18-EVAL\Main.ASM
         stan_next_char_2   0x000736    program     static C:\projects\MPLAB\PIC-18-EVAL\Main.ASM
               stan_table   0x000232    program     static C:\projects\MPLAB\PIC-18-EVAL\Main.ASM
                    start   0x0002e6    program     static C:\projects\MPLAB\PIC-18-EVAL\Main.ASM
                   t_wait   0x000368    program     static C:\projects\MPLAB\PIC-18-EVAL\Main.ASM
                     temp   0x00049e    program     static C:\projects\MPLAB\PIC-18-EVAL\Main.ASM
                  tempnew   0x0004b2    program     static C:\projects\MPLAB\PIC-18-EVAL\Main.ASM
                   v_wait   0x000340    program     static C:\projects\MPLAB\PIC-18-EVAL\Main.ASM
                voltmeter   0x00039a    program     static C:\projects\MPLAB\PIC-18-EVAL\Main.ASM
              volts_again   0x0003b6    program     static C:\projects\MPLAB\PIC-18-EVAL\Main.ASM
                   AARGB0   0x000016       data     extern C:\projects\MPLAB\PIC-18-EVAL\Math.asm
                   AARGB1   0x000017       data     extern C:\projects\MPLAB\PIC-18-EVAL\Math.asm
                   AARGB5   0x000018       data     static C:\projects\MPLAB\PIC-18-EVAL\Math.asm
                    ARG1H   0x000023       data     extern C:\projects\MPLAB\PIC-18-EVAL\Math.asm
                    ARG1L   0x000024       data     extern C:\projects\MPLAB\PIC-18-EVAL\Math.asm
                    ARG2H   0x000025       data     extern C:\projects\MPLAB\PIC-18-EVAL\Math.asm
                    ARG2L   0x000026       data     extern C:\projects\MPLAB\PIC-18-EVAL\Math.asm
                   BARGB0   0x000019       data     extern C:\projects\MPLAB\PIC-18-EVAL\Math.asm
                   BARGB1   0x00001a       data     static C:\projects\MPLAB\PIC-18-EVAL\Math.asm
                    Dreg1   0x00002a       data     static C:\projects\MPLAB\PIC-18-EVAL\Lcd.asm
                    Dreg2   0x00002b       data     static C:\projects\MPLAB\PIC-18-EVAL\Lcd.asm
                     Hund   0x000011       data     static C:\projects\MPLAB\PIC-18-EVAL\Main.ASM
                LOOPCOUNT   0x00001e       data     static C:\projects\MPLAB\PIC-18-EVAL\Math.asm
                      LSD   0x000007       data     static C:\projects\MPLAB\PIC-18-EVAL\Main.ASM
                      MSD   0x000009       data     static C:\projects\MPLAB\PIC-18-EVAL\Main.ASM
                      MsD   0x000008       data     static C:\projects\MPLAB\PIC-18-EVAL\Main.ASM
                     NumH   0x00000d       data     static C:\projects\MPLAB\PIC-18-EVAL\Main.ASM
                     NumL   0x00000e       data     static C:\projects\MPLAB\PIC-18-EVAL\Main.ASM
                     Ones   0x000013       data     static C:\projects\MPLAB\PIC-18-EVAL\Main.ASM
                    REMB0   0x00001b       data     static C:\projects\MPLAB\PIC-18-EVAL\Math.asm
                    REMB1   0x00001c       data     static C:\projects\MPLAB\PIC-18-EVAL\Math.asm
                     RES0   0x00001f       data     extern C:\projects\MPLAB\PIC-18-EVAL\Math.asm
                     RES1   0x000020       data     extern C:\projects\MPLAB\PIC-18-EVAL\Math.asm
                     RES2   0x000021       data     extern C:\projects\MPLAB\PIC-18-EVAL\Math.asm
                     RES3   0x000022       data     extern C:\projects\MPLAB\PIC-18-EVAL\Math.asm
                     TEMP   0x00001d       data     static C:\projects\MPLAB\PIC-18-EVAL\Math.asm
                     TenK   0x00000f       data     static C:\projects\MPLAB\PIC-18-EVAL\Main.ASM
                     Tens   0x000012       data     static C:\projects\MPLAB\PIC-18-EVAL\Main.ASM
                     Thou   0x000010       data     static C:\projects\MPLAB\PIC-18-EVAL\Main.ASM
                      adr   0x000014       data     static C:\projects\MPLAB\PIC-18-EVAL\Main.ASM
                 cmd_byte   0x000005       data     static C:\projects\MPLAB\PIC-18-EVAL\Main.ASM
                      dat   0x000015       data     static C:\projects\MPLAB\PIC-18-EVAL\Main.ASM
                    delay   0x000027       data     static C:\projects\MPLAB\PIC-18-EVAL\Lcd.asm
                    hours   0x00000c       data     static C:\projects\MPLAB\PIC-18-EVAL\Main.ASM
                  minutes   0x00000b       data     static C:\projects\MPLAB\PIC-18-EVAL\Main.ASM
                ptr_count   0x000001       data     static C:\projects\MPLAB\PIC-18-EVAL\Main.ASM
                  ptr_pos   0x000000       data     static C:\projects\MPLAB\PIC-18-EVAL\Main.ASM
                  seconds   0x00000a       data     static C:\projects\MPLAB\PIC-18-EVAL\Main.ASM
                   temp_1   0x000002       data     static C:\projects\MPLAB\PIC-18-EVAL\Main.ASM
                   temp_2   0x000003       data     static C:\projects\MPLAB\PIC-18-EVAL\Main.ASM
                   temp_3   0x000004       data     static C:\projects\MPLAB\PIC-18-EVAL\Main.ASM
                  temp_rd   0x000029       data     static C:\projects\MPLAB\PIC-18-EVAL\Lcd.asm
                 temp_reg   0x00002c       data     static C:\projects\MPLAB\PIC-18-EVAL\Lcd.asm
                  temp_wr   0x000028       data     extern C:\projects\MPLAB\PIC-18-EVAL\Lcd.asm
              temperature   0x000006       data     static C:\projects\MPLAB\PIC-18-EVAL\Main.ASM



                              Symbols - Sorted by Address
                     Name    Address   Location    Storage File                     
                ---------  ---------  ---------  --------- ---------                
                  LCDInit   0x00002c    program     extern C:\projects\MPLAB\PIC-18-EVAL\Lcd.asm
                InitWrite   0x00008e    program     static C:\projects\MPLAB\PIC-18-EVAL\Lcd.asm
                  LCDBusy   0x0000c0    program     extern C:\projects\MPLAB\PIC-18-EVAL\Lcd.asm
                 ClearLCD   0x0000ca    program     extern C:\projects\MPLAB\PIC-18-EVAL\Lcd.asm
                LCDLine_1   0x0000d2    program     extern C:\projects\MPLAB\PIC-18-EVAL\Lcd.asm
                LCDLine_2   0x0000da    program     extern C:\projects\MPLAB\PIC-18-EVAL\Lcd.asm
                  d_write   0x0000e2    program     extern C:\projects\MPLAB\PIC-18-EVAL\Lcd.asm
              _PROG1_00EC   0x000118    program     static C:\projects\MPLAB\PIC-18-EVAL\Lcd.asm
                  i_write   0x00011c    program     extern C:\projects\MPLAB\PIC-18-EVAL\Lcd.asm
            InitPortA_SPI   0x00014e    program     static C:\projects\MPLAB\PIC-18-EVAL\Lcd.asm
            InitPortB_SPI   0x00016c    program     static C:\projects\MPLAB\PIC-18-EVAL\Lcd.asm
                  InitSPI   0x00018a    program     extern C:\projects\MPLAB\PIC-18-EVAL\Lcd.asm
                    Check   0x000198    program     extern C:\projects\MPLAB\PIC-18-EVAL\Lcd.asm
              _PROG1_016E   0x00019a    program     static C:\projects\MPLAB\PIC-18-EVAL\Lcd.asm
               WritePortB   0x0001a4    program     static C:\projects\MPLAB\PIC-18-EVAL\Lcd.asm
               WritePortA   0x0001c2    program     static C:\projects\MPLAB\PIC-18-EVAL\Lcd.asm
                    Delay   0x0001e0    program     extern C:\projects\MPLAB\PIC-18-EVAL\Lcd.asm
                   SDelay   0x0001f6    program     static C:\projects\MPLAB\PIC-18-EVAL\Lcd.asm
              _PROG1_01D2   0x0001fe    program     static C:\projects\MPLAB\PIC-18-EVAL\Lcd.asm
              _PROG1_01D8   0x000204    program     static C:\projects\MPLAB\PIC-18-EVAL\Lcd.asm
              _PROG1_01DE   0x00020a    program     static C:\projects\MPLAB\PIC-18-EVAL\Lcd.asm
              _PROG1_01E4   0x000210    program     static C:\projects\MPLAB\PIC-18-EVAL\Lcd.asm
              _PROG1_01EA   0x000216    program     static C:\projects\MPLAB\PIC-18-EVAL\Lcd.asm
              _PROG1_01F0   0x00021c    program     static C:\projects\MPLAB\PIC-18-EVAL\Lcd.asm
              _PROG1_01F6   0x000222    program     static C:\projects\MPLAB\PIC-18-EVAL\Lcd.asm
              _PROG1_01FC   0x000228    program     static C:\projects\MPLAB\PIC-18-EVAL\Lcd.asm
              _PROG1_0202   0x00022e    program     static C:\projects\MPLAB\PIC-18-EVAL\Lcd.asm
               stan_table   0x000232    program     static C:\projects\MPLAB\PIC-18-EVAL\Main.ASM
                    start   0x0002e6    program     static C:\projects\MPLAB\PIC-18-EVAL\Main.ASM
                     menu   0x000314    program     static C:\projects\MPLAB\PIC-18-EVAL\Main.ASM
              _PROG1_00E4   0x000316    program     static C:\projects\MPLAB\PIC-18-EVAL\Main.ASM
              _PROG1_00EA   0x00031c    program     static C:\projects\MPLAB\PIC-18-EVAL\Main.ASM
              _PROG1_00FC   0x00032e    program     static C:\projects\MPLAB\PIC-18-EVAL\Main.ASM
                   v_wait   0x000340    program     static C:\projects\MPLAB\PIC-18-EVAL\Main.ASM
                menu_temp   0x000348    program     static C:\projects\MPLAB\PIC-18-EVAL\Main.ASM
              _PROG1_0124   0x000356    program     static C:\projects\MPLAB\PIC-18-EVAL\Main.ASM
                   t_wait   0x000368    program     static C:\projects\MPLAB\PIC-18-EVAL\Main.ASM
               menu_clock   0x000370    program     static C:\projects\MPLAB\PIC-18-EVAL\Main.ASM
              _PROG1_014C   0x00037e    program     static C:\projects\MPLAB\PIC-18-EVAL\Main.ASM
                   c_wait   0x000390    program     static C:\projects\MPLAB\PIC-18-EVAL\Main.ASM
                voltmeter   0x00039a    program     static C:\projects\MPLAB\PIC-18-EVAL\Main.ASM
              _PROG1_016E   0x0003a0    program     static C:\projects\MPLAB\PIC-18-EVAL\Main.ASM
              volts_again   0x0003b6    program     static C:\projects\MPLAB\PIC-18-EVAL\Main.ASM
              _PROG1_0188   0x0003ba    program     static C:\projects\MPLAB\PIC-18-EVAL\Main.ASM
              _PROG1_0264   0x000496    program     static C:\projects\MPLAB\PIC-18-EVAL\Main.ASM
                     temp   0x00049e    program     static C:\projects\MPLAB\PIC-18-EVAL\Main.ASM
              _PROG1_0272   0x0004a4    program     static C:\projects\MPLAB\PIC-18-EVAL\Main.ASM
                  tempnew   0x0004b2    program     static C:\projects\MPLAB\PIC-18-EVAL\Main.ASM
              _PROG1_0284   0x0004b6    program     static C:\projects\MPLAB\PIC-18-EVAL\Main.ASM
              menu_clock1   0x000588    program     static C:\projects\MPLAB\PIC-18-EVAL\Main.ASM
                    clock   0x000592    program     static C:\projects\MPLAB\PIC-18-EVAL\Main.ASM
              _PROG1_0366   0x000598    program     static C:\projects\MPLAB\PIC-18-EVAL\Main.ASM
                 overflow   0x0005a4    program     static C:\projects\MPLAB\PIC-18-EVAL\Main.ASM
                 clk_done   0x0005d2    program     static C:\projects\MPLAB\PIC-18-EVAL\Main.ASM
                ClockLoop   0x000648    program     static C:\projects\MPLAB\PIC-18-EVAL\Main.ASM
               InitEEprom   0x00065a    program     static C:\projects\MPLAB\PIC-18-EVAL\Main.ASM
               ReadEEprom   0x000664    program     static C:\projects\MPLAB\PIC-18-EVAL\Main.ASM
              _PROG1_0452   0x000684    program     static C:\projects\MPLAB\PIC-18-EVAL\Main.ASM
              WriteEEprom   0x000690    program     static C:\projects\MPLAB\PIC-18-EVAL\Main.ASM
              stan_char_1   0x0006d6    program     static C:\projects\MPLAB\PIC-18-EVAL\Main.ASM
         stan_next_char_1   0x0006f4    program     static C:\projects\MPLAB\PIC-18-EVAL\Main.ASM
              _PROG1_04D6   0x000708    program     static C:\projects\MPLAB\PIC-18-EVAL\Main.ASM
              _PROG1_04E0   0x000712    program     static C:\projects\MPLAB\PIC-18-EVAL\Main.ASM
              stan_char_2   0x000718    program     static C:\projects\MPLAB\PIC-18-EVAL\Main.ASM
         stan_next_char_2   0x000736    program     static C:\projects\MPLAB\PIC-18-EVAL\Main.ASM
              _PROG1_0518   0x00074a    program     static C:\projects\MPLAB\PIC-18-EVAL\Main.ASM
              _PROG1_0522   0x000754    program     static C:\projects\MPLAB\PIC-18-EVAL\Main.ASM
              delay_100ms   0x00075a    program     static C:\projects\MPLAB\PIC-18-EVAL\Main.ASM
               Delaysmall   0x000784    program     static C:\projects\MPLAB\PIC-18-EVAL\Main.ASM
                   d100l1   0x00078c    program     static C:\projects\MPLAB\PIC-18-EVAL\Main.ASM
                 delay_1s   0x000796    program     static C:\projects\MPLAB\PIC-18-EVAL\Main.ASM
                   Ldelay   0x0007c0    program     static C:\projects\MPLAB\PIC-18-EVAL\Main.ASM
                     d1l1   0x0007ca    program     static C:\projects\MPLAB\PIC-18-EVAL\Main.ASM
                 set_time   0x0007d8    program     static C:\projects\MPLAB\PIC-18-EVAL\Main.ASM
           set_time_again   0x0007e0    program     static C:\projects\MPLAB\PIC-18-EVAL\Main.ASM
              _PROG1_05B0   0x0007e2    program     static C:\projects\MPLAB\PIC-18-EVAL\Main.ASM
              _PROG1_05B8   0x0007ea    program     static C:\projects\MPLAB\PIC-18-EVAL\Main.ASM
                inc_hours   0x0007f6    program     static C:\projects\MPLAB\PIC-18-EVAL\Main.ASM
               next_digit   0x000802    program     static C:\projects\MPLAB\PIC-18-EVAL\Main.ASM
                 inc_mins   0x000826    program     static C:\projects\MPLAB\PIC-18-EVAL\Main.ASM
              _PROG1_05F6   0x000828    program     static C:\projects\MPLAB\PIC-18-EVAL\Main.ASM
              _PROG1_0616   0x000848    program     static C:\projects\MPLAB\PIC-18-EVAL\Main.ASM
              inc_minutes   0x000854    program     static C:\projects\MPLAB\PIC-18-EVAL\Main.ASM
              next_digit?   0x000860    program     static C:\projects\MPLAB\PIC-18-EVAL\Main.ASM
            set_time_done   0x000884    program     static C:\projects\MPLAB\PIC-18-EVAL\Main.ASM
              _PROG1_0654   0x000886    program     static C:\projects\MPLAB\PIC-18-EVAL\Main.ASM
                  bin_bcd   0x00088a    program     static C:\projects\MPLAB\PIC-18-EVAL\Main.ASM
                ghundreth   0x000890    program     static C:\projects\MPLAB\PIC-18-EVAL\Main.ASM
                   gtenth   0x00089e    program     static C:\projects\MPLAB\PIC-18-EVAL\Main.ASM
                     over   0x0008ac    program     static C:\projects\MPLAB\PIC-18-EVAL\Main.ASM
                bin16_bcd   0x0008c0    program     static C:\projects\MPLAB\PIC-18-EVAL\Main.ASM
                      Lb1   0x000902    program     static C:\projects\MPLAB\PIC-18-EVAL\Main.ASM
                      Lb2   0x00090a    program     static C:\projects\MPLAB\PIC-18-EVAL\Main.ASM
                      Lb3   0x000912    program     static C:\projects\MPLAB\PIC-18-EVAL\Main.ASM
                      Lb4   0x00091a    program     static C:\projects\MPLAB\PIC-18-EVAL\Main.ASM
                    Mul16   0x000924    program     extern C:\projects\MPLAB\PIC-18-EVAL\Math.asm
                UDIV1608L   0x00095e    program     extern C:\projects\MPLAB\PIC-18-EVAL\Math.asm
               LOOPU1608A   0x000964    program     static C:\projects\MPLAB\PIC-18-EVAL\Math.asm
                   UOK68A   0x000974    program     static C:\projects\MPLAB\PIC-18-EVAL\Math.asm
               LOOPU1608B   0x000980    program     static C:\projects\MPLAB\PIC-18-EVAL\Math.asm
                   UOK68B   0x0009a8    program     static C:\projects\MPLAB\PIC-18-EVAL\Math.asm
                  ptr_pos   0x000000       data     static C:\projects\MPLAB\PIC-18-EVAL\Main.ASM
                ptr_count   0x000001       data     static C:\projects\MPLAB\PIC-18-EVAL\Main.ASM
                   temp_1   0x000002       data     static C:\projects\MPLAB\PIC-18-EVAL\Main.ASM
                   temp_2   0x000003       data     static C:\projects\MPLAB\PIC-18-EVAL\Main.ASM
                   temp_3   0x000004       data     static C:\projects\MPLAB\PIC-18-EVAL\Main.ASM
                 cmd_byte   0x000005       data     static C:\projects\MPLAB\PIC-18-EVAL\Main.ASM
              temperature   0x000006       data     static C:\projects\MPLAB\PIC-18-EVAL\Main.ASM
                      LSD   0x000007       data     static C:\projects\MPLAB\PIC-18-EVAL\Main.ASM
                      MsD   0x000008       data     static C:\projects\MPLAB\PIC-18-EVAL\Main.ASM
                      MSD   0x000009       data     static C:\projects\MPLAB\PIC-18-EVAL\Main.ASM
                  seconds   0x00000a       data     static C:\projects\MPLAB\PIC-18-EVAL\Main.ASM
                  minutes   0x00000b       data     static C:\projects\MPLAB\PIC-18-EVAL\Main.ASM
                    hours   0x00000c       data     static C:\projects\MPLAB\PIC-18-EVAL\Main.ASM
                     NumH   0x00000d       data     static C:\projects\MPLAB\PIC-18-EVAL\Main.ASM
                     NumL   0x00000e       data     static C:\projects\MPLAB\PIC-18-EVAL\Main.ASM
                     TenK   0x00000f       data     static C:\projects\MPLAB\PIC-18-EVAL\Main.ASM
                     Thou   0x000010       data     static C:\projects\MPLAB\PIC-18-EVAL\Main.ASM
                     Hund   0x000011       data     static C:\projects\MPLAB\PIC-18-EVAL\Main.ASM
                     Tens   0x000012       data     static C:\projects\MPLAB\PIC-18-EVAL\Main.ASM
                     Ones   0x000013       data     static C:\projects\MPLAB\PIC-18-EVAL\Main.ASM
                      adr   0x000014       data     static C:\projects\MPLAB\PIC-18-EVAL\Main.ASM
                      dat   0x000015       data     static C:\projects\MPLAB\PIC-18-EVAL\Main.ASM
                   AARGB0   0x000016       data     extern C:\projects\MPLAB\PIC-18-EVAL\Math.asm
                   AARGB1   0x000017       data     extern C:\projects\MPLAB\PIC-18-EVAL\Math.asm
                   AARGB5   0x000018       data     static C:\projects\MPLAB\PIC-18-EVAL\Math.asm
                   BARGB0   0x000019       data     extern C:\projects\MPLAB\PIC-18-EVAL\Math.asm
                   BARGB1   0x00001a       data     static C:\projects\MPLAB\PIC-18-EVAL\Math.asm
                    REMB0   0x00001b       data     static C:\projects\MPLAB\PIC-18-EVAL\Math.asm
                    REMB1   0x00001c       data     static C:\projects\MPLAB\PIC-18-EVAL\Math.asm
                     TEMP   0x00001d       data     static C:\projects\MPLAB\PIC-18-EVAL\Math.asm
                LOOPCOUNT   0x00001e       data     static C:\projects\MPLAB\PIC-18-EVAL\Math.asm
                     RES0   0x00001f       data     extern C:\projects\MPLAB\PIC-18-EVAL\Math.asm
                     RES1   0x000020       data     extern C:\projects\MPLAB\PIC-18-EVAL\Math.asm
                     RES2   0x000021       data     extern C:\projects\MPLAB\PIC-18-EVAL\Math.asm
                     RES3   0x000022       data     extern C:\projects\MPLAB\PIC-18-EVAL\Math.asm
                    ARG1H   0x000023       data     extern C:\projects\MPLAB\PIC-18-EVAL\Math.asm
                    ARG1L   0x000024       data     extern C:\projects\MPLAB\PIC-18-EVAL\Math.asm
                    ARG2H   0x000025       data     extern C:\projects\MPLAB\PIC-18-EVAL\Math.asm
                    ARG2L   0x000026       data     extern C:\projects\MPLAB\PIC-18-EVAL\Math.asm
                    delay   0x000027       data     static C:\projects\MPLAB\PIC-18-EVAL\Lcd.asm
                  temp_wr   0x000028       data     extern C:\projects\MPLAB\PIC-18-EVAL\Lcd.asm
                  temp_rd   0x000029       data     static C:\projects\MPLAB\PIC-18-EVAL\Lcd.asm
                    Dreg1   0x00002a       data     static C:\projects\MPLAB\PIC-18-EVAL\Lcd.asm
                    Dreg2   0x00002b       data     static C:\projects\MPLAB\PIC-18-EVAL\Lcd.asm
                 temp_reg   0x00002c       data     static C:\projects\MPLAB\PIC-18-EVAL\Lcd.asm


